[27-Nov-2025 05:24:52 UTC] WARNING: Unidad 'MJ' (group: 93a60a57-a3c8-11da-a746-0800200c9a66) no coincide con flow_property
[27-Nov-2025 05:24:52 UTC] Error en input: No se encontró unidad de referencia para el unit_group requerido
[27-Nov-2025 05:24:52 UTC] WARNING: Unidad 'MJ' (group: 93a60a57-a3c8-11da-a746-0800200c9a66) no coincide con flow_property
[27-Nov-2025 05:24:52 UTC] WARNING: Unidad 'MJ' (group: 93a60a57-a3c8-11da-a746-0800200c9a66) no coincide con flow_property
[27-Nov-2025 05:24:52 UTC] WARNING: Unidad 'MJ' (group: 93a60a57-a3c8-11da-a746-0800200c9a66) no coincide con flow_property
[27-Nov-2025 05:24:52 UTC] WARNING: Unidad 'kg' (group: 93a60a57-a4c8-11da-a746-0800200c9a66) no coincide con flow_property
[27-Nov-2025 05:24:52 UTC] WARNING: Unidad 'MJ' (group: 93a60a57-a3c8-11da-a746-0800200c9a66) no coincide con flow_property
[27-Nov-2025 05:24:52 UTC] WARNING: Unidad 'MJ' (group: 93a60a57-a3c8-11da-a746-0800200c9a66) no coincide con flow_property
[27-Nov-2025 05:24:52 UTC] WARNING: Unidad 'kg' (group: 93a60a57-a4c8-11da-a746-0800200c9a66) no coincide con flow_property
[27-Nov-2025 05:24:52 UTC] WARNING: Unidad 'MJ' (group: 93a60a57-a3c8-11da-a746-0800200c9a66) no coincide con flow_property
[27-Nov-2025 05:24:52 UTC] Error en input: No se encontró unidad de referencia para el unit_group requerido
[27-Nov-2025 05:24:52 UTC] WARNING: Unidad 'MJ' (group: 93a60a57-a3c8-11da-a746-0800200c9a66) no coincide con flow_property
[27-Nov-2025 05:24:52 UTC] WARNING: Unidad 'kWh' (group: 93a60a57-a3c8-11da-a746-0800200c9a66) no coincide con flow_property
[27-Nov-2025 05:24:52 UTC] WARNING: Unidad 'kg' (group: 93a60a57-a4c8-11da-a746-0800200c9a66) no coincide con flow_property
[27-Nov-2025 05:24:52 UTC] Error en output: El proceso ya tiene un intercambio de referencia (outputs)
[27-Nov-2025 05:24:52 UTC] Error en output: El proceso ya tiene un intercambio de referencia (outputs)
[27-Nov-2025 05:24:52 UTC] WARNING: Unidad 'kg' (group: 93a60a57-a4c8-11da-a746-0800200c9a66) no coincide con flow_property
[27-Nov-2025 05:24:52 UTC] Error en output: El proceso ya tiene un intercambio de referencia (outputs)
[27-Nov-2025 05:24:52 UTC] Error en output: El proceso ya tiene un intercambio de referencia (outputs)
[27-Nov-2025 05:24:53 UTC] WARNING: Unidad 'kg' (group: 93a60a57-a4c8-11da-a746-0800200c9a66) no coincide con flow_property
[27-Nov-2025 05:24:53 UTC] Error en output: El proceso ya tiene un intercambio de referencia (outputs)
[27-Nov-2025 05:24:53 UTC] Error en output: El proceso ya tiene un intercambio de referencia (outputs)
[27-Nov-2025 05:24:53 UTC] WARNING: Unidad 'kg' (group: 93a60a57-a4c8-11da-a746-0800200c9a66) no coincide con flow_property
[27-Nov-2025 05:24:53 UTC] Error en output: El proceso ya tiene un intercambio de referencia (outputs)
[27-Nov-2025 05:24:53 UTC] WARNING: Unidad 'kg' (group: 93a60a57-a4c8-11da-a746-0800200c9a66) no coincide con flow_property
[27-Nov-2025 05:24:53 UTC] Error en output: El proceso ya tiene un intercambio de referencia (outputs)
[27-Nov-2025 05:24:53 UTC] Error en output: El proceso ya tiene un intercambio de referencia (outputs)
[27-Nov-2025 05:24:53 UTC] Error en output: El proceso ya tiene un intercambio de referencia (outputs)
[27-Nov-2025 05:24:53 UTC] Error en output: El proceso ya tiene un intercambio de referencia (outputs)
[27-Nov-2025 05:55:06 UTC] WARNING: Unidad 'MJ' (group: 93a60a57-a3c8-11da-a746-0800200c9a66) no coincide con flow_property
[27-Nov-2025 05:55:06 UTC] Error en input: No se encontró unidad de referencia para el unit_group requerido
[27-Nov-2025 05:55:06 UTC] WARNING: Unidad 'MJ' (group: 93a60a57-a3c8-11da-a746-0800200c9a66) no coincide con flow_property
[27-Nov-2025 05:55:06 UTC] WARNING: Unidad 'MJ' (group: 93a60a57-a3c8-11da-a746-0800200c9a66) no coincide con flow_property
[27-Nov-2025 05:55:06 UTC] WARNING: Unidad 'MJ' (group: 93a60a57-a3c8-11da-a746-0800200c9a66) no coincide con flow_property
[27-Nov-2025 05:55:06 UTC] WARNING: Unidad 'kg' (group: 93a60a57-a4c8-11da-a746-0800200c9a66) no coincide con flow_property
[27-Nov-2025 05:55:06 UTC] WARNING: Unidad 'MJ' (group: 93a60a57-a3c8-11da-a746-0800200c9a66) no coincide con flow_property
[27-Nov-2025 05:55:06 UTC] WARNING: Unidad 'MJ' (group: 93a60a57-a3c8-11da-a746-0800200c9a66) no coincide con flow_property
[27-Nov-2025 05:55:06 UTC] WARNING: Unidad 'kg' (group: 93a60a57-a4c8-11da-a746-0800200c9a66) no coincide con flow_property
[27-Nov-2025 05:55:06 UTC] WARNING: Unidad 'MJ' (group: 93a60a57-a3c8-11da-a746-0800200c9a66) no coincide con flow_property
[27-Nov-2025 05:55:06 UTC] Error en input: No se encontró unidad de referencia para el unit_group requerido
[27-Nov-2025 05:55:06 UTC] WARNING: Unidad 'MJ' (group: 93a60a57-a3c8-11da-a746-0800200c9a66) no coincide con flow_property
[27-Nov-2025 05:55:06 UTC] WARNING: Unidad 'kWh' (group: 93a60a57-a3c8-11da-a746-0800200c9a66) no coincide con flow_property
[27-Nov-2025 05:55:06 UTC] WARNING: Unidad 'kg' (group: 93a60a57-a4c8-11da-a746-0800200c9a66) no coincide con flow_property
[27-Nov-2025 05:55:06 UTC] Error en output: El proceso ya tiene un intercambio de referencia (outputs)
[27-Nov-2025 05:55:06 UTC] Error en output: El proceso ya tiene un intercambio de referencia (outputs)
[27-Nov-2025 05:55:06 UTC] WARNING: Unidad 'kg' (group: 93a60a57-a4c8-11da-a746-0800200c9a66) no coincide con flow_property
[27-Nov-2025 05:55:06 UTC] Error en output: El proceso ya tiene un intercambio de referencia (outputs)
[27-Nov-2025 05:55:06 UTC] Error en output: El proceso ya tiene un intercambio de referencia (outputs)
[27-Nov-2025 05:55:06 UTC] WARNING: Unidad 'kg' (group: 93a60a57-a4c8-11da-a746-0800200c9a66) no coincide con flow_property
[27-Nov-2025 05:55:06 UTC] Error en output: El proceso ya tiene un intercambio de referencia (outputs)
[27-Nov-2025 05:55:06 UTC] Error en output: El proceso ya tiene un intercambio de referencia (outputs)
[27-Nov-2025 05:55:06 UTC] WARNING: Unidad 'kg' (group: 93a60a57-a4c8-11da-a746-0800200c9a66) no coincide con flow_property
[27-Nov-2025 05:55:07 UTC] Error en output: El proceso ya tiene un intercambio de referencia (outputs)
[27-Nov-2025 05:55:07 UTC] WARNING: Unidad 'kg' (group: 93a60a57-a4c8-11da-a746-0800200c9a66) no coincide con flow_property
[27-Nov-2025 05:55:07 UTC] Error en output: El proceso ya tiene un intercambio de referencia (outputs)
[27-Nov-2025 05:55:07 UTC] Error en output: El proceso ya tiene un intercambio de referencia (outputs)
[27-Nov-2025 05:55:07 UTC] Error en output: El proceso ya tiene un intercambio de referencia (outputs)
[27-Nov-2025 05:55:07 UTC] Error en output: El proceso ya tiene un intercambio de referencia (outputs)
[27-Nov-2025 21:01:26 UTC] Error en input: Unidad 'unit' no encontrada en la base de datos
[27-Nov-2025 21:01:26 UTC] Error en output: Unidad 'unit' no encontrada en la base de datos
[28-Nov-2025 18:29:47 UTC] WARNING: Unidad 'MJ' (group: 93a60a57-a3c8-11da-a746-0800200c9a66) no coincide con flow_property
[28-Nov-2025 18:29:47 UTC] Error en input: No se encontró unidad de referencia para el unit_group requerido
[28-Nov-2025 18:29:47 UTC] WARNING: Unidad 'MJ' (group: 93a60a57-a3c8-11da-a746-0800200c9a66) no coincide con flow_property
[28-Nov-2025 18:29:47 UTC] WARNING: Unidad 'MJ' (group: 93a60a57-a3c8-11da-a746-0800200c9a66) no coincide con flow_property
[28-Nov-2025 18:29:47 UTC] WARNING: Unidad 'MJ' (group: 93a60a57-a3c8-11da-a746-0800200c9a66) no coincide con flow_property
[28-Nov-2025 18:29:47 UTC] WARNING: Unidad 'kg' (group: 93a60a57-a4c8-11da-a746-0800200c9a66) no coincide con flow_property
[28-Nov-2025 18:29:47 UTC] WARNING: Unidad 'MJ' (group: 93a60a57-a3c8-11da-a746-0800200c9a66) no coincide con flow_property
[28-Nov-2025 18:29:47 UTC] WARNING: Unidad 'MJ' (group: 93a60a57-a3c8-11da-a746-0800200c9a66) no coincide con flow_property
[28-Nov-2025 18:29:47 UTC] WARNING: Unidad 'kg' (group: 93a60a57-a4c8-11da-a746-0800200c9a66) no coincide con flow_property
[28-Nov-2025 18:29:47 UTC] WARNING: Unidad 'MJ' (group: 93a60a57-a3c8-11da-a746-0800200c9a66) no coincide con flow_property
[28-Nov-2025 18:29:47 UTC] Error en input: No se encontró unidad de referencia para el unit_group requerido
[28-Nov-2025 18:29:47 UTC] WARNING: Unidad 'MJ' (group: 93a60a57-a3c8-11da-a746-0800200c9a66) no coincide con flow_property
[28-Nov-2025 18:29:47 UTC] WARNING: Unidad 'kWh' (group: 93a60a57-a3c8-11da-a746-0800200c9a66) no coincide con flow_property
[28-Nov-2025 18:29:47 UTC] WARNING: Unidad 'kg' (group: 93a60a57-a4c8-11da-a746-0800200c9a66) no coincide con flow_property
[28-Nov-2025 18:29:47 UTC] Error en output: El proceso ya tiene un intercambio de referencia (outputs)
[28-Nov-2025 18:29:47 UTC] Error en output: El proceso ya tiene un intercambio de referencia (outputs)
[28-Nov-2025 18:29:47 UTC] WARNING: Unidad 'kg' (group: 93a60a57-a4c8-11da-a746-0800200c9a66) no coincide con flow_property
[28-Nov-2025 18:29:47 UTC] Error en output: El proceso ya tiene un intercambio de referencia (outputs)
[28-Nov-2025 18:29:47 UTC] Error en output: El proceso ya tiene un intercambio de referencia (outputs)
[29-Nov-2025 04:35:44 UTC] WARNING: Unidad 'J' (group: 93a60a57-a3c8-11da-a746-0800200c9a66) no coincide con flow_property
[29-Nov-2025 04:35:44 UTC] Error en input: No se encontró unidad de referencia para el unit_group requerido
[29-Nov-2025 04:35:44 UTC] Error en input: Unidad 'h' no encontrada en la base de datos
[29-Nov-2025 04:35:44 UTC] Error en input: Unidad 'h' no encontrada en la base de datos
[29-Nov-2025 04:35:44 UTC] Error en input: Unidad 'h' no encontrada en la base de datos
[29-Nov-2025 04:35:44 UTC] Error en input: Unidad 'h' no encontrada en la base de datos
[29-Nov-2025 04:35:44 UTC] Error en input: Unidad 'h' no encontrada en la base de datos
[29-Nov-2025 04:35:44 UTC] Error en output: El proceso ya tiene un intercambio de referencia (outputs)
[29-Nov-2025 21:31:41 UTC] WARNING: Unidad 'kg' (group: 93a60a57-a4c8-11da-a746-0800200c9a66) no coincide con flow_property
[29-Nov-2025 21:31:41 UTC] Error en output: El proceso ya tiene un intercambio de referencia (outputs)
[29-Nov-2025 22:38:03 UTC] WARNING: Unidad 'kg' (group: 93a60a57-a4c8-11da-a746-0800200c9a66) no coincide con flow_property
[29-Nov-2025 22:38:04 UTC] WARNING: Unidad 'kJ' (group: 93a60a57-a3c8-11da-a746-0800200c9a66) no coincide con flow_property
[29-Nov-2025 22:38:04 UTC] WARNING: Unidad 'kJ' (group: 93a60a57-a3c8-11da-a746-0800200c9a66) no coincide con flow_property
[29-Nov-2025 22:38:04 UTC] Error en input: No se encontró unidad de referencia para el unit_group requerido
[29-Nov-2025 22:38:04 UTC] WARNING: Unidad 'kJ' (group: 93a60a57-a3c8-11da-a746-0800200c9a66) no coincide con flow_property
[29-Nov-2025 22:38:04 UTC] Error en input: No se encontró unidad de referencia para el unit_group requerido
[29-Nov-2025 22:38:04 UTC] WARNING: Unidad 'kJ' (group: 93a60a57-a3c8-11da-a746-0800200c9a66) no coincide con flow_property
[29-Nov-2025 22:38:04 UTC] Error en input: No se encontró unidad de referencia para el unit_group requerido
[29-Nov-2025 22:38:04 UTC] WARNING: Unidad 'kg' (group: 93a60a57-a4c8-11da-a746-0800200c9a66) no coincide con flow_property
[29-Nov-2025 22:46:21 UTC] WARNING: Unidad 'kWh' (group: 93a60a57-a3c8-11da-a746-0800200c9a66) no coincide con flow_property
[29-Nov-2025 22:46:21 UTC] WARNING: Unidad 'kg' (group: 93a60a57-a4c8-11da-a746-0800200c9a66) no coincide con flow_property
[29-Nov-2025 22:46:21 UTC] WARNING: Unidad 'm3' (group: 93a60a57-a3c8-12da-a746-0800200c9a66) no coincide con flow_property
[29-Nov-2025 22:46:21 UTC] Error en input: No se encontró unidad de referencia para el unit_group requerido
[29-Nov-2025 23:12:58 UTC] WARNING: Unidad 'MJ' (group: 93a60a57-a3c8-11da-a746-0800200c9a66) no coincide con flow_property
[29-Nov-2025 23:12:58 UTC] Error en input: No se encontró unidad de referencia para el unit_group requerido
[29-Nov-2025 23:12:58 UTC] Error en input: Unidad 'h' no encontrada en la base de datos
[29-Nov-2025 23:12:58 UTC] Error en input: Unidad 'h' no encontrada en la base de datos
[29-Nov-2025 23:16:18 UTC] WARNING: Unidad 'kg' (group: 93a60a57-a4c8-11da-a746-0800200c9a66) no coincide con flow_property
[29-Nov-2025 23:16:18 UTC] WARNING: Unidad 'kJ' (group: 93a60a57-a3c8-11da-a746-0800200c9a66) no coincide con flow_property
[29-Nov-2025 23:16:18 UTC] WARNING: Unidad 'kJ' (group: 93a60a57-a3c8-11da-a746-0800200c9a66) no coincide con flow_property
[29-Nov-2025 23:16:18 UTC] Error en input: No se encontró unidad de referencia para el unit_group requerido
[29-Nov-2025 23:16:18 UTC] WARNING: Unidad 'kJ' (group: 93a60a57-a3c8-11da-a746-0800200c9a66) no coincide con flow_property
[29-Nov-2025 23:16:18 UTC] Error en input: No se encontró unidad de referencia para el unit_group requerido
[29-Nov-2025 23:16:18 UTC] WARNING: Unidad 'kg' (group: 93a60a57-a4c8-11da-a746-0800200c9a66) no coincide con flow_property
[29-Nov-2025 23:24:49 UTC] WARNING: Unidad 'kJ' (group: 93a60a57-a3c8-11da-a746-0800200c9a66) no coincide con flow_property
[29-Nov-2025 23:24:50 UTC] Error en input: No se encontró unidad de referencia para el unit_group requerido
[29-Nov-2025 23:24:50 UTC] WARNING: Unidad 'kJ' (group: 93a60a57-a3c8-11da-a746-0800200c9a66) no coincide con flow_property
[29-Nov-2025 23:24:50 UTC] Error en input: No se encontró unidad de referencia para el unit_group requerido
[29-Nov-2025 23:24:50 UTC] WARNING: Unidad 'kJ' (group: 93a60a57-a3c8-11da-a746-0800200c9a66) no coincide con flow_property
[29-Nov-2025 23:24:50 UTC] Error en input: No se encontró unidad de referencia para el unit_group requerido
[29-Nov-2025 23:31:33 UTC] PHP Warning:  Array to string conversion in /home/u303404040/domains/ciclodevida.mx/public_html/php_actions/process_json_import.php on line 240
[29-Nov-2025 23:31:33 UTC] WARNING: Unidad 'kg' (group: 93a60a57-a4c8-11da-a746-0800200c9a66) no coincide con flow_property
[29-Nov-2025 23:55:32 UTC] WARNING: Unidad 'kg' (group: 93a60a57-a4c8-11da-a746-0800200c9a66) no coincide con flow_property
[29-Nov-2025 23:55:32 UTC] WARNING: Unidad 'kJ' (group: 93a60a57-a3c8-11da-a746-0800200c9a66) no coincide con flow_property
[29-Nov-2025 23:55:32 UTC] WARNING: Unidad 'kJ' (group: 93a60a57-a3c8-11da-a746-0800200c9a66) no coincide con flow_property
[29-Nov-2025 23:55:32 UTC] Error en input: No se encontró unidad de referencia para el unit_group requerido
[29-Nov-2025 23:55:32 UTC] WARNING: Unidad 'kJ' (group: 93a60a57-a3c8-11da-a746-0800200c9a66) no coincide con flow_property
[29-Nov-2025 23:55:32 UTC] Error en input: No se encontró unidad de referencia para el unit_group requerido
[29-Nov-2025 23:55:32 UTC] WARNING: Unidad 'kJ' (group: 93a60a57-a3c8-11da-a746-0800200c9a66) no coincide con flow_property
[29-Nov-2025 23:55:32 UTC] Error en input: No se encontró unidad de referencia para el unit_group requerido
[29-Nov-2025 23:55:32 UTC] WARNING: Unidad 't*km' (group: 838aaa21-0117-11db-92e3-0800200c9a66) no coincide con flow_property
[29-Nov-2025 23:55:32 UTC] Error en input: No se encontró unidad de referencia para el unit_group requerido
[02-Dec-2025 04:34:46 UTC] PHP Warning:  Array to string conversion in /home/u303404040/domains/ciclodevida.mx/public_html/php_actions/process_json_import.php on line 240
[02-Dec-2025 04:34:46 UTC] WARNING: Unidad 'kg' (group: 93a60a57-a4c8-11da-a746-0800200c9a66) no coincide con flow_property
[02-Dec-2025 04:34:46 UTC] WARNING: Unidad 'kWh' (group: 93a60a57-a3c8-11da-a746-0800200c9a66) no coincide con flow_property
[02-Dec-2025 04:34:46 UTC] WARNING: Unidad 'MJ' (group: 93a60a57-a3c8-11da-a746-0800200c9a66) no coincide con flow_property
[02-Dec-2025 04:34:46 UTC] Error en input: No se encontró unidad de referencia para el unit_group requerido
[02-Dec-2025 04:34:46 UTC] WARNING: Unidad 'MJ' (group: 93a60a57-a3c8-11da-a746-0800200c9a66) no coincide con flow_property
[02-Dec-2025 04:34:46 UTC] Error en input: No se encontró unidad de referencia para el unit_group requerido
[02-Dec-2025 04:34:46 UTC] WARNING: Unidad 't*km' (group: 838aaa21-0117-11db-92e3-0800200c9a66) no coincide con flow_property
[02-Dec-2025 04:34:46 UTC] Error en input: No se encontró unidad de referencia para el unit_group requerido
[03-Dec-2025 00:57:05 UTC] WARNING: Unidad 'kJ' (group: 93a60a57-a3c8-11da-a746-0800200c9a66) no coincide con flow_property
[03-Dec-2025 00:57:05 UTC] Error en input: No se encontró unidad de referencia para el unit_group requerido
[03-Dec-2025 00:57:05 UTC] WARNING: Unidad 'kJ' (group: 93a60a57-a3c8-11da-a746-0800200c9a66) no coincide con flow_property
[03-Dec-2025 00:57:05 UTC] Error en input: No se encontró unidad de referencia para el unit_group requerido
[03-Dec-2025 00:57:05 UTC] WARNING: Unidad 'kJ' (group: 93a60a57-a3c8-11da-a746-0800200c9a66) no coincide con flow_property
[03-Dec-2025 00:57:05 UTC] Error en input: No se encontró unidad de referencia para el unit_group requerido
[03-Dec-2025 00:57:05 UTC] WARNING: Unidad 'kg' (group: 93a60a57-a4c8-11da-a746-0800200c9a66) no coincide con flow_property
[03-Dec-2025 00:57:05 UTC] WARNING: Unidad 'kJ' (group: 93a60a57-a3c8-11da-a746-0800200c9a66) no coincide con flow_property
[03-Dec-2025 00:57:05 UTC] Error en input: No se encontró unidad de referencia para el unit_group requerido
[03-Dec-2025 00:57:06 UTC] WARNING: Unidad 'kJ' (group: 93a60a57-a3c8-11da-a746-0800200c9a66) no coincide con flow_property
[03-Dec-2025 00:57:06 UTC] Error en input: No se encontró unidad de referencia para el unit_group requerido
[03-Dec-2025 00:57:06 UTC] WARNING: Unidad 'kJ' (group: 93a60a57-a3c8-11da-a746-0800200c9a66) no coincide con flow_property
[03-Dec-2025 00:57:06 UTC] Error en input: No se encontró unidad de referencia para el unit_group requerido
[03-Dec-2025 00:57:06 UTC] Error en output: El proceso ya tiene un intercambio de referencia (outputs)
[03-Dec-2025 00:57:06 UTC] WARNING: Unidad 'kg' (group: 93a60a57-a4c8-11da-a746-0800200c9a66) no coincide con flow_property
[03-Dec-2025 00:57:11 UTC] WARNING: Unidad 'kJ' (group: 93a60a57-a3c8-11da-a746-0800200c9a66) no coincide con flow_property
[03-Dec-2025 00:57:11 UTC] Error en input: No se encontró unidad de referencia para el unit_group requerido
[03-Dec-2025 00:57:11 UTC] WARNING: Unidad 'kJ' (group: 93a60a57-a3c8-11da-a746-0800200c9a66) no coincide con flow_property
[03-Dec-2025 00:57:11 UTC] Error en input: No se encontró unidad de referencia para el unit_group requerido
[03-Dec-2025 00:57:11 UTC] WARNING: Unidad 'kJ' (group: 93a60a57-a3c8-11da-a746-0800200c9a66) no coincide con flow_property
[03-Dec-2025 00:57:11 UTC] Error en input: No se encontró unidad de referencia para el unit_group requerido
[03-Dec-2025 00:57:11 UTC] Error en output: El proceso ya tiene un intercambio de referencia (outputs)
[03-Dec-2025 00:57:11 UTC] WARNING: Unidad 'kg' (group: 93a60a57-a4c8-11da-a746-0800200c9a66) no coincide con flow_property
[04-Dec-2025 21:08:13 UTC] WARNING: Unidad 'kg' (group: 93a60a57-a4c8-11da-a746-0800200c9a66) no coincide con flow_property
[04-Dec-2025 21:08:13 UTC] WARNING: Unidad 'kJ' (group: 93a60a57-a3c8-11da-a746-0800200c9a66) no coincide con flow_property
[04-Dec-2025 21:08:13 UTC] WARNING: Unidad 'kJ' (group: 93a60a57-a3c8-11da-a746-0800200c9a66) no coincide con flow_property
[04-Dec-2025 21:08:13 UTC] Error en input: No se encontró unidad de referencia para el unit_group requerido
[04-Dec-2025 21:08:13 UTC] WARNING: Unidad 'kJ' (group: 93a60a57-a3c8-11da-a746-0800200c9a66) no coincide con flow_property
[04-Dec-2025 21:08:13 UTC] Error en input: No se encontró unidad de referencia para el unit_group requerido
[04-Dec-2025 21:08:13 UTC] WARNING: Unidad 'kJ' (group: 93a60a57-a3c8-11da-a746-0800200c9a66) no coincide con flow_property
[04-Dec-2025 21:08:13 UTC] Error en input: No se encontró unidad de referencia para el unit_group requerido
[04-Dec-2025 21:08:13 UTC] WARNING: Unidad 'kg' (group: 93a60a57-a4c8-11da-a746-0800200c9a66) no coincide con flow_property
[04-Dec-2025 21:08:13 UTC] Error en output: Unidad 'unit' no encontrada en la base de datos
[04-Dec-2025 23:49:55 UTC] WARNING: Unidad 'kJ' (group: 93a60a57-a3c8-11da-a746-0800200c9a66) no coincide con flow_property
[04-Dec-2025 23:49:55 UTC] WARNING: Unidad 'kJ' (group: 93a60a57-a3c8-11da-a746-0800200c9a66) no coincide con flow_property
[04-Dec-2025 23:49:55 UTC] Error en input: No se encontró unidad de referencia para el unit_group requerido
[04-Dec-2025 23:49:55 UTC] WARNING: Unidad 'kJ' (group: 93a60a57-a3c8-11da-a746-0800200c9a66) no coincide con flow_property
[04-Dec-2025 23:49:55 UTC] Error en input: No se encontró unidad de referencia para el unit_group requerido
[04-Dec-2025 23:49:55 UTC] WARNING: Unidad 't*km' (group: 838aaa21-0117-11db-92e3-0800200c9a66) no coincide con flow_property
[04-Dec-2025 23:49:55 UTC] Error en input: No se encontró unidad de referencia para el unit_group requerido
[04-Dec-2025 23:49:55 UTC] WARNING: Unidad 'kg' (group: 93a60a57-a4c8-11da-a746-0800200c9a66) no coincide con flow_property
[07-Dec-2025 06:16:37 UTC] WARNING: Unidad 'L' (group: 93a60a57-a3c8-12da-a746-0800200c9a66) no coincide con flow_property
[07-Dec-2025 23:03:26 UTC] WARNING: Unidad 'kWh' (group: 93a60a57-a3c8-11da-a746-0800200c9a66) no coincide con flow_property
[07-Dec-2025 23:03:26 UTC] WARNING: Unidad 'kg' (group: 93a60a57-a4c8-11da-a746-0800200c9a66) no coincide con flow_property
[07-Dec-2025 23:05:35 UTC] WARNING: Unidad 'kJ' (group: 93a60a57-a3c8-11da-a746-0800200c9a66) no coincide con flow_property
[07-Dec-2025 23:05:35 UTC] Error en input: No se encontró unidad de referencia para el unit_group requerido
[07-Dec-2025 23:05:35 UTC] WARNING: Unidad 'kJ' (group: 93a60a57-a3c8-11da-a746-0800200c9a66) no coincide con flow_property
[07-Dec-2025 23:05:35 UTC] Error en input: No se encontró unidad de referencia para el unit_group requerido
[07-Dec-2025 23:05:35 UTC] WARNING: Unidad 'kJ' (group: 93a60a57-a3c8-11da-a746-0800200c9a66) no coincide con flow_property
[07-Dec-2025 23:05:35 UTC] Error en input: No se encontró unidad de referencia para el unit_group requerido
[07-Dec-2025 23:05:35 UTC] WARNING: Unidad 't*km' (group: 838aaa21-0117-11db-92e3-0800200c9a66) no coincide con flow_property
[07-Dec-2025 23:05:35 UTC] Error en input: No se encontró unidad de referencia para el unit_group requerido
[07-Dec-2025 23:05:35 UTC] WARNING: Unidad 'kg' (group: 93a60a57-a4c8-11da-a746-0800200c9a66) no coincide con flow_property
[08-Dec-2025 01:04:52 UTC] WARNING: Unidad 'kJ' (group: 93a60a57-a3c8-11da-a746-0800200c9a66) no coincide con flow_property
[08-Dec-2025 01:04:52 UTC] Error en input: No se encontró unidad de referencia para el unit_group requerido
[08-Dec-2025 01:04:52 UTC] WARNING: Unidad 'kJ' (group: 93a60a57-a3c8-11da-a746-0800200c9a66) no coincide con flow_property
[08-Dec-2025 01:04:52 UTC] Error en input: No se encontró unidad de referencia para el unit_group requerido
[08-Dec-2025 01:04:52 UTC] WARNING: Unidad 'kJ' (group: 93a60a57-a3c8-11da-a746-0800200c9a66) no coincide con flow_property
[08-Dec-2025 01:04:52 UTC] Error en input: No se encontró unidad de referencia para el unit_group requerido
[08-Dec-2025 01:04:53 UTC] WARNING: Unidad 'kg' (group: 93a60a57-a4c8-11da-a746-0800200c9a66) no coincide con flow_property
[08-Dec-2025 17:47:00 UTC] WARNING: Unidad 'J' (group: 93a60a57-a3c8-11da-a746-0800200c9a66) no coincide con flow_property
[08-Dec-2025 17:47:00 UTC] Error en input: No se encontró unidad de referencia para el unit_group requerido
[08-Dec-2025 18:16:29 UTC] PHP Warning:  Array to string conversion in /home/u303404040/domains/ciclodevida.mx/public_html/php_actions/process_json_import.php on line 232
[08-Dec-2025 18:16:30 UTC] WARNING: Unidad 'kg' (group: 93a60a57-a4c8-11da-a746-0800200c9a66) no coincide con flow_property
[08-Dec-2025 18:16:31 UTC] WARNING: Unidad 'MJ' (group: 93a60a57-a3c8-11da-a746-0800200c9a66) no coincide con flow_property
[08-Dec-2025 18:16:31 UTC] WARNING: Unidad 'MJ' (group: 93a60a57-a3c8-11da-a746-0800200c9a66) no coincide con flow_property
[08-Dec-2025 18:16:31 UTC] Error en input: No se encontró unidad de referencia para el unit_group requerido
[08-Dec-2025 19:01:37 UTC] PHP Warning:  Array to string conversion in /home/u303404040/domains/ciclodevida.mx/public_html/php_actions/process_json_import.php on line 232
[08-Dec-2025 19:01:39 UTC] WARNING: Unidad 'MJ' (group: 93a60a57-a3c8-11da-a746-0800200c9a66) no coincide con flow_property
[08-Dec-2025 19:01:39 UTC] WARNING: Unidad 'MJ' (group: 93a60a57-a3c8-11da-a746-0800200c9a66) no coincide con flow_property
[08-Dec-2025 19:01:39 UTC] Error en input: No se encontró unidad de referencia para el unit_group requerido
[08-Dec-2025 19:13:54 UTC] Error en process_json_import.php: Column count doesn't match value count at row 1
[08-Dec-2025 19:13:54 UTC] Stack trace: #0 /home/u303404040/domains/ciclodevida.mx/public_html/php_actions/process_json_import.php(219): mysqli->prepare()
#1 {main}
[08-Dec-2025 19:32:04 UTC] Error en process_json_import.php: Column count doesn't match value count at row 1
[08-Dec-2025 19:32:04 UTC] Stack trace: #0 /home/u303404040/domains/ciclodevida.mx/public_html/php_actions/process_json_import.php(219): mysqli->prepare()
#1 {main}
[08-Dec-2025 19:36:18 UTC] PHP Warning:  Array to string conversion in /home/u303404040/domains/ciclodevida.mx/public_html/php_actions/process_json_import.php on line 251
[08-Dec-2025 19:36:20 UTC] WARNING: Unidad 'kJ' (group: 93a60a57-a3c8-11da-a746-0800200c9a66) no coincide con flow_property
[08-Dec-2025 19:36:20 UTC] Error en input: No se encontró unidad de referencia para el unit_group requerido
[08-Dec-2025 19:36:20 UTC] WARNING: Unidad 'kJ' (group: 93a60a57-a3c8-11da-a746-0800200c9a66) no coincide con flow_property
[08-Dec-2025 19:36:20 UTC] Error en input: No se encontró unidad de referencia para el unit_group requerido
[08-Dec-2025 19:36:20 UTC] WARNING: Unidad 'kJ' (group: 93a60a57-a3c8-11da-a746-0800200c9a66) no coincide con flow_property
[08-Dec-2025 19:36:20 UTC] Error en input: No se encontró unidad de referencia para el unit_group requerido
[08-Dec-2025 19:36:20 UTC] WARNING: Unidad 'kg' (group: 93a60a57-a4c8-11da-a746-0800200c9a66) no coincide con flow_property
[08-Dec-2025 19:55:01 UTC] PHP Warning:  Array to string conversion in /home/u303404040/domains/ciclodevida.mx/public_html/php_actions/process_json_import.php on line 251
[08-Dec-2025 19:55:03 UTC] WARNING: Unidad 't*km' (group: 838aaa21-0117-11db-92e3-0800200c9a66) no coincide con flow_property
[08-Dec-2025 19:55:03 UTC] Error en input: No se encontró unidad de referencia para el unit_group requerido
[08-Dec-2025 19:55:03 UTC] WARNING: Unidad 't*km' (group: 838aaa21-0117-11db-92e3-0800200c9a66) no coincide con flow_property
[08-Dec-2025 19:55:03 UTC] Error en input: No se encontró unidad de referencia para el unit_group requerido
[08-Dec-2025 19:55:03 UTC] WARNING: Unidad 't*km' (group: 838aaa21-0117-11db-92e3-0800200c9a66) no coincide con flow_property
[08-Dec-2025 19:55:03 UTC] Error en input: No se encontró unidad de referencia para el unit_group requerido
[09-Dec-2025 20:13:36 UTC] WARNING: Unidad 'kg' (group: 93a60a57-a4c8-11da-a746-0800200c9a66) no coincide con flow_property
[09-Dec-2025 20:13:36 UTC] WARNING: Unidad 'kJ' (group: 93a60a57-a3c8-11da-a746-0800200c9a66) no coincide con flow_property
[09-Dec-2025 20:13:36 UTC] WARNING: Unidad 'kJ' (group: 93a60a57-a3c8-11da-a746-0800200c9a66) no coincide con flow_property
[09-Dec-2025 20:13:36 UTC] Error en input: No se encontró unidad de referencia para el unit_group requerido
[09-Dec-2025 20:13:36 UTC] WARNING: Unidad 'kJ' (group: 93a60a57-a3c8-11da-a746-0800200c9a66) no coincide con flow_property
[09-Dec-2025 20:13:36 UTC] Error en input: No se encontró unidad de referencia para el unit_group requerido
[09-Dec-2025 20:13:36 UTC] WARNING: Unidad 'kJ' (group: 93a60a57-a3c8-11da-a746-0800200c9a66) no coincide con flow_property
[09-Dec-2025 20:13:36 UTC] Error en input: No se encontró unidad de referencia para el unit_group requerido
[09-Dec-2025 20:13:36 UTC] WARNING: Unidad 't*km' (group: 838aaa21-0117-11db-92e3-0800200c9a66) no coincide con flow_property
[09-Dec-2025 20:13:36 UTC] Error en input: No se encontró unidad de referencia para el unit_group requerido
[09-Dec-2025 20:13:36 UTC] WARNING: Unidad 'kg' (group: 93a60a57-a4c8-11da-a746-0800200c9a66) no coincide con flow_property
[12-Dec-2025 01:18:37 UTC] PHP Warning:  Array to string conversion in /home/u303404040/domains/ciclodevida.mx/public_html/php_actions/process_json_import.php on line 251
[12-Dec-2025 01:18:38 UTC] WARNING: Unidad 'kJ' (group: 93a60a57-a3c8-11da-a746-0800200c9a66) no coincide con flow_property
[12-Dec-2025 01:18:38 UTC] Error en input: No se encontró unidad de referencia para el unit_group requerido
[12-Dec-2025 01:18:38 UTC] WARNING: Unidad 'kJ' (group: 93a60a57-a3c8-11da-a746-0800200c9a66) no coincide con flow_property
[12-Dec-2025 01:18:38 UTC] Error en input: No se encontró unidad de referencia para el unit_group requerido
[12-Dec-2025 01:18:38 UTC] WARNING: Unidad 'kJ' (group: 93a60a57-a3c8-11da-a746-0800200c9a66) no coincide con flow_property
[12-Dec-2025 01:18:38 UTC] Error en input: No se encontró unidad de referencia para el unit_group requerido
[12-Dec-2025 01:18:38 UTC] WARNING: Unidad 't*km' (group: 838aaa21-0117-11db-92e3-0800200c9a66) no coincide con flow_property
[12-Dec-2025 01:18:38 UTC] Error en input: No se encontró unidad de referencia para el unit_group requerido
[12-Dec-2025 01:26:14 UTC] WARNING: Unidad 'kg' (group: 93a60a57-a4c8-11da-a746-0800200c9a66) no coincide con flow_property
[12-Dec-2025 01:26:15 UTC] WARNING: Unidad 'kWh' (group: 93a60a57-a3c8-11da-a746-0800200c9a66) no coincide con flow_property
[12-Dec-2025 01:32:02 UTC] WARNING: Unidad 'kg' (group: 93a60a57-a4c8-11da-a746-0800200c9a66) no coincide con flow_property
[12-Dec-2025 01:32:02 UTC] WARNING: Unidad 'kJ' (group: 93a60a57-a3c8-11da-a746-0800200c9a66) no coincide con flow_property
[12-Dec-2025 01:32:02 UTC] WARNING: Unidad 'kJ' (group: 93a60a57-a3c8-11da-a746-0800200c9a66) no coincide con flow_property
[12-Dec-2025 01:32:02 UTC] Error en input: No se encontró unidad de referencia para el unit_group requerido
[12-Dec-2025 01:32:03 UTC] WARNING: Unidad 'kJ' (group: 93a60a57-a3c8-11da-a746-0800200c9a66) no coincide con flow_property
[12-Dec-2025 01:32:03 UTC] Error en input: No se encontró unidad de referencia para el unit_group requerido
[12-Dec-2025 01:32:03 UTC] WARNING: Unidad 'kJ' (group: 93a60a57-a3c8-11da-a746-0800200c9a66) no coincide con flow_property
[12-Dec-2025 01:32:03 UTC] Error en input: No se encontró unidad de referencia para el unit_group requerido
[12-Dec-2025 01:32:03 UTC] WARNING: Unidad 'kg' (group: 93a60a57-a4c8-11da-a746-0800200c9a66) no coincide con flow_property
[12-Dec-2025 01:34:51 UTC] WARNING: Unidad 'kg' (group: 93a60a57-a4c8-11da-a746-0800200c9a66) no coincide con flow_property
[12-Dec-2025 01:34:51 UTC] WARNING: Unidad 'MJ' (group: 93a60a57-a3c8-11da-a746-0800200c9a66) no coincide con flow_property
[12-Dec-2025 01:34:51 UTC] Error en input: No se encontró unidad de referencia para el unit_group requerido
[12-Dec-2025 01:39:32 UTC] PHP Warning:  Array to string conversion in /home/u303404040/domains/ciclodevida.mx/public_html/php_actions/process_json_import.php on line 251
[12-Dec-2025 01:39:32 UTC] WARNING: Unidad 'kg' (group: 93a60a57-a4c8-11da-a746-0800200c9a66) no coincide con flow_property
[12-Dec-2025 01:39:33 UTC] WARNING: Unidad 'kJ' (group: 93a60a57-a3c8-11da-a746-0800200c9a66) no coincide con flow_property
[12-Dec-2025 01:39:33 UTC] WARNING: Unidad 'kJ' (group: 93a60a57-a3c8-11da-a746-0800200c9a66) no coincide con flow_property
[12-Dec-2025 01:39:33 UTC] Error en input: No se encontró unidad de referencia para el unit_group requerido
[12-Dec-2025 01:39:33 UTC] WARNING: Unidad 'kJ' (group: 93a60a57-a3c8-11da-a746-0800200c9a66) no coincide con flow_property
[12-Dec-2025 01:39:33 UTC] Error en input: No se encontró unidad de referencia para el unit_group requerido
[12-Dec-2025 01:39:33 UTC] WARNING: Unidad 'kg' (group: 93a60a57-a4c8-11da-a746-0800200c9a66) no coincide con flow_property
[12-Dec-2025 01:48:07 UTC] WARNING: Unidad 'kg' (group: 93a60a57-a4c8-11da-a746-0800200c9a66) no coincide con flow_property
[12-Dec-2025 01:48:07 UTC] WARNING: Unidad 'kJ' (group: 93a60a57-a3c8-11da-a746-0800200c9a66) no coincide con flow_property
[12-Dec-2025 01:48:08 UTC] WARNING: Unidad 'kJ' (group: 93a60a57-a3c8-11da-a746-0800200c9a66) no coincide con flow_property
[12-Dec-2025 01:48:08 UTC] Error en input: No se encontró unidad de referencia para el unit_group requerido
[12-Dec-2025 01:48:08 UTC] WARNING: Unidad 'kJ' (group: 93a60a57-a3c8-11da-a746-0800200c9a66) no coincide con flow_property
[12-Dec-2025 01:48:08 UTC] Error en input: No se encontró unidad de referencia para el unit_group requerido
[12-Dec-2025 01:48:08 UTC] WARNING: Unidad 'kJ' (group: 93a60a57-a3c8-11da-a746-0800200c9a66) no coincide con flow_property
[12-Dec-2025 01:48:08 UTC] Error en input: No se encontró unidad de referencia para el unit_group requerido
[12-Dec-2025 01:48:08 UTC] WARNING: Unidad 't*km' (group: 838aaa21-0117-11db-92e3-0800200c9a66) no coincide con flow_property
[12-Dec-2025 01:48:08 UTC] Error en input: No se encontró unidad de referencia para el unit_group requerido
[12-Dec-2025 01:48:08 UTC] WARNING: Unidad 'kg' (group: 93a60a57-a4c8-11da-a746-0800200c9a66) no coincide con flow_property
[12-Dec-2025 01:55:50 UTC] PHP Warning:  Array to string conversion in /home/u303404040/domains/ciclodevida.mx/public_html/php_actions/process_json_import.php on line 251
[12-Dec-2025 01:55:50 UTC] WARNING: Unidad 'kg' (group: 93a60a57-a4c8-11da-a746-0800200c9a66) no coincide con flow_property
[12-Dec-2025 01:55:50 UTC] WARNING: Unidad 'kJ' (group: 93a60a57-a3c8-11da-a746-0800200c9a66) no coincide con flow_property
[12-Dec-2025 01:55:51 UTC] WARNING: Unidad 'kJ' (group: 93a60a57-a3c8-11da-a746-0800200c9a66) no coincide con flow_property
[12-Dec-2025 01:55:51 UTC] Error en input: No se encontró unidad de referencia para el unit_group requerido
[12-Dec-2025 01:55:51 UTC] WARNING: Unidad 'kJ' (group: 93a60a57-a3c8-11da-a746-0800200c9a66) no coincide con flow_property
[12-Dec-2025 01:55:51 UTC] Error en input: No se encontró unidad de referencia para el unit_group requerido
[12-Dec-2025 01:55:51 UTC] WARNING: Unidad 't*km' (group: 838aaa21-0117-11db-92e3-0800200c9a66) no coincide con flow_property
[12-Dec-2025 01:55:51 UTC] Error en input: No se encontró unidad de referencia para el unit_group requerido
[12-Dec-2025 02:06:06 UTC] WARNING: Unidad 'kWh' (group: 93a60a57-a3c8-11da-a746-0800200c9a66) no coincide con flow_property
[12-Dec-2025 02:09:38 UTC] WARNING: Unidad 'kWh' (group: 93a60a57-a3c8-11da-a746-0800200c9a66) no coincide con flow_property
[12-Dec-2025 02:11:24 UTC] WARNING: Unidad 'kg' (group: 93a60a57-a4c8-11da-a746-0800200c9a66) no coincide con flow_property
[12-Dec-2025 02:11:25 UTC] WARNING: Unidad 'kJ' (group: 93a60a57-a3c8-11da-a746-0800200c9a66) no coincide con flow_property
[12-Dec-2025 02:11:25 UTC] WARNING: Unidad 'kJ' (group: 93a60a57-a3c8-11da-a746-0800200c9a66) no coincide con flow_property
[12-Dec-2025 02:11:25 UTC] Error en input: No se encontró unidad de referencia para el unit_group requerido
[12-Dec-2025 02:11:25 UTC] WARNING: Unidad 'kJ' (group: 93a60a57-a3c8-11da-a746-0800200c9a66) no coincide con flow_property
[12-Dec-2025 02:11:25 UTC] Error en input: No se encontró unidad de referencia para el unit_group requerido
[12-Dec-2025 02:11:25 UTC] WARNING: Unidad 'kg' (group: 93a60a57-a4c8-11da-a746-0800200c9a66) no coincide con flow_property
[12-Dec-2025 02:11:25 UTC] WARNING: Unidad 'kg' (group: 93a60a57-a4c8-11da-a746-0800200c9a66) no coincide con flow_property
[12-Dec-2025 02:11:26 UTC] WARNING: Unidad 'kJ' (group: 93a60a57-a3c8-11da-a746-0800200c9a66) no coincide con flow_property
[12-Dec-2025 02:11:26 UTC] WARNING: Unidad 'kJ' (group: 93a60a57-a3c8-11da-a746-0800200c9a66) no coincide con flow_property
[12-Dec-2025 02:11:26 UTC] Error en input: No se encontró unidad de referencia para el unit_group requerido
[12-Dec-2025 02:11:26 UTC] WARNING: Unidad 'kJ' (group: 93a60a57-a3c8-11da-a746-0800200c9a66) no coincide con flow_property
[12-Dec-2025 02:11:26 UTC] Error en input: No se encontró unidad de referencia para el unit_group requerido
[12-Dec-2025 02:11:26 UTC] Error en output: El proceso ya tiene un intercambio de referencia (outputs)
[12-Dec-2025 02:11:26 UTC] WARNING: Unidad 'kg' (group: 93a60a57-a4c8-11da-a746-0800200c9a66) no coincide con flow_property
[12-Dec-2025 02:12:14 UTC] WARNING: Unidad 'kg' (group: 93a60a57-a4c8-11da-a746-0800200c9a66) no coincide con flow_property
[12-Dec-2025 02:12:15 UTC] WARNING: Unidad 'kJ' (group: 93a60a57-a3c8-11da-a746-0800200c9a66) no coincide con flow_property
[12-Dec-2025 02:12:15 UTC] WARNING: Unidad 'kJ' (group: 93a60a57-a3c8-11da-a746-0800200c9a66) no coincide con flow_property
[12-Dec-2025 02:12:15 UTC] Error en input: No se encontró unidad de referencia para el unit_group requerido
[12-Dec-2025 02:12:15 UTC] WARNING: Unidad 'kJ' (group: 93a60a57-a3c8-11da-a746-0800200c9a66) no coincide con flow_property
[12-Dec-2025 02:12:15 UTC] Error en input: No se encontró unidad de referencia para el unit_group requerido
[12-Dec-2025 02:12:15 UTC] Error en output: El proceso ya tiene un intercambio de referencia (outputs)
[12-Dec-2025 02:12:15 UTC] WARNING: Unidad 'kg' (group: 93a60a57-a4c8-11da-a746-0800200c9a66) no coincide con flow_property
[12-Dec-2025 02:12:15 UTC] WARNING: Unidad 'kg' (group: 93a60a57-a4c8-11da-a746-0800200c9a66) no coincide con flow_property
[12-Dec-2025 02:12:16 UTC] WARNING: Unidad 'kJ' (group: 93a60a57-a3c8-11da-a746-0800200c9a66) no coincide con flow_property
[12-Dec-2025 02:12:17 UTC] WARNING: Unidad 'kJ' (group: 93a60a57-a3c8-11da-a746-0800200c9a66) no coincide con flow_property
[12-Dec-2025 02:12:17 UTC] Error en input: No se encontró unidad de referencia para el unit_group requerido
[12-Dec-2025 02:12:17 UTC] WARNING: Unidad 'kJ' (group: 93a60a57-a3c8-11da-a746-0800200c9a66) no coincide con flow_property
[12-Dec-2025 02:12:17 UTC] Error en input: No se encontró unidad de referencia para el unit_group requerido
[12-Dec-2025 02:12:17 UTC] Error en output: El proceso ya tiene un intercambio de referencia (outputs)
[12-Dec-2025 02:12:17 UTC] WARNING: Unidad 'kg' (group: 93a60a57-a4c8-11da-a746-0800200c9a66) no coincide con flow_property
[12-Dec-2025 02:12:17 UTC] WARNING: Unidad 'kg' (group: 93a60a57-a4c8-11da-a746-0800200c9a66) no coincide con flow_property
[12-Dec-2025 02:12:18 UTC] WARNING: Unidad 'kJ' (group: 93a60a57-a3c8-11da-a746-0800200c9a66) no coincide con flow_property
[12-Dec-2025 02:12:18 UTC] WARNING: Unidad 'kJ' (group: 93a60a57-a3c8-11da-a746-0800200c9a66) no coincide con flow_property
[12-Dec-2025 02:12:18 UTC] Error en input: No se encontró unidad de referencia para el unit_group requerido
[12-Dec-2025 02:12:18 UTC] WARNING: Unidad 'kJ' (group: 93a60a57-a3c8-11da-a746-0800200c9a66) no coincide con flow_property
[12-Dec-2025 02:12:18 UTC] Error en input: No se encontró unidad de referencia para el unit_group requerido
[12-Dec-2025 02:12:18 UTC] Error en output: El proceso ya tiene un intercambio de referencia (outputs)
[12-Dec-2025 02:12:18 UTC] WARNING: Unidad 'kg' (group: 93a60a57-a4c8-11da-a746-0800200c9a66) no coincide con flow_property
[12-Dec-2025 02:12:18 UTC] WARNING: Unidad 'kg' (group: 93a60a57-a4c8-11da-a746-0800200c9a66) no coincide con flow_property
[12-Dec-2025 02:12:19 UTC] WARNING: Unidad 'kJ' (group: 93a60a57-a3c8-11da-a746-0800200c9a66) no coincide con flow_property
[12-Dec-2025 02:12:19 UTC] WARNING: Unidad 'kJ' (group: 93a60a57-a3c8-11da-a746-0800200c9a66) no coincide con flow_property
[12-Dec-2025 02:12:19 UTC] Error en input: No se encontró unidad de referencia para el unit_group requerido
[12-Dec-2025 02:12:19 UTC] WARNING: Unidad 'kJ' (group: 93a60a57-a3c8-11da-a746-0800200c9a66) no coincide con flow_property
[12-Dec-2025 02:12:19 UTC] Error en input: No se encontró unidad de referencia para el unit_group requerido
[12-Dec-2025 02:12:20 UTC] Error en output: El proceso ya tiene un intercambio de referencia (outputs)
[12-Dec-2025 02:12:20 UTC] WARNING: Unidad 'kg' (group: 93a60a57-a4c8-11da-a746-0800200c9a66) no coincide con flow_property
[12-Dec-2025 02:12:20 UTC] WARNING: Unidad 'kg' (group: 93a60a57-a4c8-11da-a746-0800200c9a66) no coincide con flow_property
[12-Dec-2025 02:12:21 UTC] WARNING: Unidad 'kJ' (group: 93a60a57-a3c8-11da-a746-0800200c9a66) no coincide con flow_property
[12-Dec-2025 02:12:21 UTC] WARNING: Unidad 'kJ' (group: 93a60a57-a3c8-11da-a746-0800200c9a66) no coincide con flow_property
[12-Dec-2025 02:12:21 UTC] Error en input: No se encontró unidad de referencia para el unit_group requerido
[12-Dec-2025 02:12:21 UTC] WARNING: Unidad 'kJ' (group: 93a60a57-a3c8-11da-a746-0800200c9a66) no coincide con flow_property
[12-Dec-2025 02:12:21 UTC] Error en input: No se encontró unidad de referencia para el unit_group requerido
[12-Dec-2025 02:12:21 UTC] Error en output: El proceso ya tiene un intercambio de referencia (outputs)
[12-Dec-2025 02:12:21 UTC] WARNING: Unidad 'kg' (group: 93a60a57-a4c8-11da-a746-0800200c9a66) no coincide con flow_property
[12-Dec-2025 02:16:09 UTC] WARNING: Unidad 'MJ' (group: 93a60a57-a3c8-11da-a746-0800200c9a66) no coincide con flow_property
[12-Dec-2025 02:16:09 UTC] WARNING: Unidad 'MJ' (group: 93a60a57-a3c8-11da-a746-0800200c9a66) no coincide con flow_property
[12-Dec-2025 02:16:09 UTC] Error en input: No se encontró unidad de referencia para el unit_group requerido
[12-Dec-2025 02:16:09 UTC] WARNING: Unidad 't*km' (group: 838aaa21-0117-11db-92e3-0800200c9a66) no coincide con flow_property
[12-Dec-2025 02:16:09 UTC] Error en input: No se encontró unidad de referencia para el unit_group requerido
[12-Dec-2025 02:38:06 UTC] WARNING: Unidad 't*km' (group: 838aaa21-0117-11db-92e3-0800200c9a66) no coincide con flow_property
[12-Dec-2025 02:38:06 UTC] Error en input: No se encontró unidad de referencia para el unit_group requerido
[12-Dec-2025 02:47:06 UTC] WARNING: Unidad 'kg' (group: 93a60a57-a4c8-11da-a746-0800200c9a66) no coincide con flow_property
[12-Dec-2025 02:47:07 UTC] WARNING: Unidad 'kJ' (group: 93a60a57-a3c8-11da-a746-0800200c9a66) no coincide con flow_property
[12-Dec-2025 02:47:07 UTC] WARNING: Unidad 'kJ' (group: 93a60a57-a3c8-11da-a746-0800200c9a66) no coincide con flow_property
[12-Dec-2025 02:47:07 UTC] Error en input: No se encontró unidad de referencia para el unit_group requerido
[12-Dec-2025 02:47:07 UTC] WARNING: Unidad 'kJ' (group: 93a60a57-a3c8-11da-a746-0800200c9a66) no coincide con flow_property
[12-Dec-2025 02:47:07 UTC] Error en input: No se encontró unidad de referencia para el unit_group requerido
[12-Dec-2025 02:47:07 UTC] WARNING: Unidad 'kJ' (group: 93a60a57-a3c8-11da-a746-0800200c9a66) no coincide con flow_property
[12-Dec-2025 02:47:07 UTC] Error en input: No se encontró unidad de referencia para el unit_group requerido
[12-Dec-2025 02:47:07 UTC] WARNING: Unidad 't*km' (group: 838aaa21-0117-11db-92e3-0800200c9a66) no coincide con flow_property
[12-Dec-2025 02:47:07 UTC] Error en input: No se encontró unidad de referencia para el unit_group requerido
[12-Dec-2025 02:47:07 UTC] WARNING: Unidad 'kg' (group: 93a60a57-a4c8-11da-a746-0800200c9a66) no coincide con flow_property
[12-Dec-2025 02:55:31 UTC] PHP Warning:  Array to string conversion in /home/u303404040/domains/ciclodevida.mx/public_html/php_actions/process_json_import.php on line 251
[12-Dec-2025 02:55:32 UTC] WARNING: Unidad 'kJ' (group: 93a60a57-a3c8-11da-a746-0800200c9a66) no coincide con flow_property
[12-Dec-2025 02:55:32 UTC] Error en input: No se encontró unidad de referencia para el unit_group requerido
[12-Dec-2025 02:55:32 UTC] WARNING: Unidad 'kJ' (group: 93a60a57-a3c8-11da-a746-0800200c9a66) no coincide con flow_property
[12-Dec-2025 02:55:32 UTC] Error en input: No se encontró unidad de referencia para el unit_group requerido
[12-Dec-2025 02:55:32 UTC] WARNING: Unidad 'kJ' (group: 93a60a57-a3c8-11da-a746-0800200c9a66) no coincide con flow_property
[12-Dec-2025 02:55:32 UTC] Error en input: No se encontró unidad de referencia para el unit_group requerido
[12-Dec-2025 02:55:32 UTC] WARNING: Unidad 'kg' (group: 93a60a57-a4c8-11da-a746-0800200c9a66) no coincide con flow_property
[12-Dec-2025 03:12:07 UTC] PHP Warning:  Array to string conversion in /home/u303404040/domains/ciclodevida.mx/public_html/php_actions/process_json_import.php on line 251
[12-Dec-2025 03:12:08 UTC] WARNING: Unidad 'kg' (group: 93a60a57-a4c8-11da-a746-0800200c9a66) no coincide con flow_property
[12-Dec-2025 03:12:08 UTC] WARNING: Unidad 'MJ' (group: 93a60a57-a3c8-11da-a746-0800200c9a66) no coincide con flow_property
[12-Dec-2025 03:12:08 UTC] Error en input: No se encontró unidad de referencia para el unit_group requerido
[12-Dec-2025 03:12:08 UTC] WARNING: Unidad 'MJ' (group: 93a60a57-a3c8-11da-a746-0800200c9a66) no coincide con flow_property
[12-Dec-2025 03:16:07 UTC] WARNING: Unidad 'kg' (group: 93a60a57-a4c8-11da-a746-0800200c9a66) no coincide con flow_property
[12-Dec-2025 03:16:08 UTC] WARNING: Unidad 'kJ' (group: 93a60a57-a3c8-11da-a746-0800200c9a66) no coincide con flow_property
[12-Dec-2025 03:16:09 UTC] WARNING: Unidad 'kJ' (group: 93a60a57-a3c8-11da-a746-0800200c9a66) no coincide con flow_property
[12-Dec-2025 03:16:09 UTC] Error en input: No se encontró unidad de referencia para el unit_group requerido
[12-Dec-2025 03:16:09 UTC] WARNING: Unidad 'kJ' (group: 93a60a57-a3c8-11da-a746-0800200c9a66) no coincide con flow_property
[12-Dec-2025 03:16:09 UTC] Error en input: No se encontró unidad de referencia para el unit_group requerido
[20-Dec-2025 17:30:11 UTC] PHP Warning:  Array to string conversion in /home/u303404040/domains/ciclodevida.mx/public_html/php_actions/process_json_import.php on line 251
[20-Dec-2025 17:30:11 UTC] WARNING: Unidad 'kg' (group: 93a60a57-a4c8-11da-a746-0800200c9a66) no coincide con flow_property
[20-Dec-2025 17:30:11 UTC] WARNING: Unidad 'MJ' (group: 93a60a57-a3c8-11da-a746-0800200c9a66) no coincide con flow_property
[20-Dec-2025 17:30:11 UTC] Error en input: No se encontró unidad de referencia para el unit_group requerido
[20-Dec-2025 17:30:11 UTC] WARNING: Unidad 't*km' (group: 838aaa21-0117-11db-92e3-0800200c9a66) no coincide con flow_property
[20-Dec-2025 17:30:11 UTC] Error en input: No se encontró unidad de referencia para el unit_group requerido
[11-Jan-2026 18:56:08 UTC] WARNING: Unidad 'kg' (group: 93a60a57-a4c8-11da-a746-0800200c9a66) no coincide con flow_property
[11-Jan-2026 18:56:09 UTC] WARNING: Unidad 'kJ' (group: 93a60a57-a3c8-11da-a746-0800200c9a66) no coincide con flow_property
[11-Jan-2026 18:56:09 UTC] WARNING: Unidad 'kJ' (group: 93a60a57-a3c8-11da-a746-0800200c9a66) no coincide con flow_property
[11-Jan-2026 18:56:09 UTC] Error en input: No se encontró unidad de referencia para el unit_group requerido
[11-Jan-2026 18:56:09 UTC] WARNING: Unidad 'kJ' (group: 93a60a57-a3c8-11da-a746-0800200c9a66) no coincide con flow_property
[11-Jan-2026 18:56:09 UTC] Error en input: No se encontró unidad de referencia para el unit_group requerido
[11-Jan-2026 18:56:09 UTC] WARNING: Unidad 'kJ' (group: 93a60a57-a3c8-11da-a746-0800200c9a66) no coincide con flow_property
[11-Jan-2026 18:56:09 UTC] Error en input: No se encontró unidad de referencia para el unit_group requerido
[11-Jan-2026 18:56:09 UTC] WARNING: Unidad 'kg' (group: 93a60a57-a4c8-11da-a746-0800200c9a66) no coincide con flow_property
[12-Jan-2026 00:29:51 UTC] WARNING: Unidad 'kg' (group: 93a60a57-a4c8-11da-a746-0800200c9a66) no coincide con flow_property
[12-Jan-2026 00:29:52 UTC] WARNING: Unidad 'kJ' (group: 93a60a57-a3c8-11da-a746-0800200c9a66) no coincide con flow_property
[12-Jan-2026 00:29:52 UTC] WARNING: Unidad 'kJ' (group: 93a60a57-a3c8-11da-a746-0800200c9a66) no coincide con flow_property
[12-Jan-2026 00:29:52 UTC] Error en input: No se encontró unidad de referencia para el unit_group requerido
[12-Jan-2026 00:29:52 UTC] WARNING: Unidad 'kJ' (group: 93a60a57-a3c8-11da-a746-0800200c9a66) no coincide con flow_property
[12-Jan-2026 00:29:52 UTC] Error en input: No se encontró unidad de referencia para el unit_group requerido
[12-Jan-2026 00:29:52 UTC] WARNING: Unidad 'kJ' (group: 93a60a57-a3c8-11da-a746-0800200c9a66) no coincide con flow_property
[12-Jan-2026 00:29:52 UTC] Error en input: No se encontró unidad de referencia para el unit_group requerido
[12-Jan-2026 00:29:52 UTC] WARNING: Unidad 'kJ' (group: 93a60a57-a3c8-11da-a746-0800200c9a66) no coincide con flow_property
[12-Jan-2026 00:29:52 UTC] Error en input: No se encontró unidad de referencia para el unit_group requerido
[12-Jan-2026 00:29:52 UTC] WARNING: Unidad 'kg' (group: 93a60a57-a4c8-11da-a746-0800200c9a66) no coincide con flow_property
[14-Jan-2026 08:45:37 UTC] WARNING: Unidad 'kBq' (group: 93a60a57-a3c8-16da-a746-0800200c9a66) no coincide con flow_property
[14-Jan-2026 08:45:37 UTC] Error en output: No se encontró unidad de referencia para el unit_group requerido
[14-Jan-2026 08:45:37 UTC] WARNING: Unidad 'kBq' (group: 93a60a57-a3c8-16da-a746-0800200c9a66) no coincide con flow_property
[14-Jan-2026 08:45:37 UTC] Error en output: No se encontró unidad de referencia para el unit_group requerido
[14-Jan-2026 08:45:38 UTC] WARNING: Unidad 'kBq' (group: 93a60a57-a3c8-16da-a746-0800200c9a66) no coincide con flow_property
[14-Jan-2026 08:45:38 UTC] Error en output: No se encontró unidad de referencia para el unit_group requerido
[14-Jan-2026 08:45:38 UTC] WARNING: Unidad 'kBq' (group: 93a60a57-a3c8-16da-a746-0800200c9a66) no coincide con flow_property
[14-Jan-2026 08:45:38 UTC] Error en output: No se encontró unidad de referencia para el unit_group requerido
[14-Jan-2026 08:45:59 UTC] Error en output: El proceso ya tiene un intercambio de referencia (outputs)
[14-Jan-2026 08:45:59 UTC] WARNING: Unidad 'kBq' (group: 93a60a57-a3c8-16da-a746-0800200c9a66) no coincide con flow_property
[14-Jan-2026 08:45:59 UTC] Error en output: No se encontró unidad de referencia para el unit_group requerido
[14-Jan-2026 08:45:59 UTC] WARNING: Unidad 'kBq' (group: 93a60a57-a3c8-16da-a746-0800200c9a66) no coincide con flow_property
[14-Jan-2026 08:45:59 UTC] Error en output: No se encontró unidad de referencia para el unit_group requerido
[14-Jan-2026 08:45:59 UTC] WARNING: Unidad 'kBq' (group: 93a60a57-a3c8-16da-a746-0800200c9a66) no coincide con flow_property
[14-Jan-2026 08:45:59 UTC] Error en output: No se encontró unidad de referencia para el unit_group requerido
[14-Jan-2026 08:45:59 UTC] WARNING: Unidad 'kBq' (group: 93a60a57-a3c8-16da-a746-0800200c9a66) no coincide con flow_property
[14-Jan-2026 08:45:59 UTC] Error en output: No se encontró unidad de referencia para el unit_group requerido
[14-Jan-2026 08:46:04 UTC] Error en output: El proceso ya tiene un intercambio de referencia (outputs)
[14-Jan-2026 08:46:04 UTC] WARNING: Unidad 'kBq' (group: 93a60a57-a3c8-16da-a746-0800200c9a66) no coincide con flow_property
[14-Jan-2026 08:46:04 UTC] Error en output: No se encontró unidad de referencia para el unit_group requerido
[14-Jan-2026 08:46:05 UTC] WARNING: Unidad 'kBq' (group: 93a60a57-a3c8-16da-a746-0800200c9a66) no coincide con flow_property
[14-Jan-2026 08:46:05 UTC] Error en output: No se encontró unidad de referencia para el unit_group requerido
[14-Jan-2026 08:46:05 UTC] WARNING: Unidad 'kBq' (group: 93a60a57-a3c8-16da-a746-0800200c9a66) no coincide con flow_property
[14-Jan-2026 08:46:05 UTC] Error en output: No se encontró unidad de referencia para el unit_group requerido
[14-Jan-2026 08:46:05 UTC] WARNING: Unidad 'kBq' (group: 93a60a57-a3c8-16da-a746-0800200c9a66) no coincide con flow_property
[14-Jan-2026 08:46:05 UTC] Error en output: No se encontró unidad de referencia para el unit_group requerido
[14-Jan-2026 16:00:58 UTC] WARNING: Unidad 'l' (group: 93a60a57-a3c8-12da-a746-0800200c9a66) no coincide con flow_property
[14-Jan-2026 16:00:58 UTC] WARNING: Unidad 'kWh' (group: 93a60a57-a3c8-11da-a746-0800200c9a66) no coincide con flow_property
[14-Jan-2026 16:00:59 UTC] WARNING: Unidad 'kWh' (group: 93a60a57-a3c8-11da-a746-0800200c9a66) no coincide con flow_property
[14-Jan-2026 16:00:59 UTC] WARNING: Unidad 'kWh' (group: 93a60a57-a3c8-11da-a746-0800200c9a66) no coincide con flow_property
[14-Jan-2026 16:00:59 UTC] WARNING: Unidad 'kWh' (group: 93a60a57-a3c8-11da-a746-0800200c9a66) no coincide con flow_property
[14-Jan-2026 16:00:59 UTC] WARNING: Unidad 'kWh' (group: 93a60a57-a3c8-11da-a746-0800200c9a66) no coincide con flow_property
[14-Jan-2026 16:01:00 UTC] WARNING: Unidad 'kWh' (group: 93a60a57-a3c8-11da-a746-0800200c9a66) no coincide con flow_property
[14-Jan-2026 21:12:34 UTC] Error en input: Unidad 'unit' no encontrada en la base de datos
[14-Jan-2026 21:12:34 UTC] Error en input: Unidad 'unit' no encontrada en la base de datos
[14-Jan-2026 21:12:34 UTC] Error en input: Unidad 'unit' no encontrada en la base de datos
[14-Jan-2026 21:12:34 UTC] WARNING: Unidad 'm' (group: 838aaa22-0117-11db-92e3-0800200c9a66) no coincide con flow_property
[14-Jan-2026 21:12:35 UTC] WARNING: Unidad 'm' (group: 838aaa22-0117-11db-92e3-0800200c9a66) no coincide con flow_property
[14-Jan-2026 21:12:35 UTC] Error en input: No se encontró unidad de referencia para el unit_group requerido
[15-Jan-2026 19:27:19 UTC] PHP Warning:  Array to string conversion in /home/u303404040/domains/ciclodevida.mx/public_html/php_actions/process_json_import.php on line 251
[15-Jan-2026 19:27:19 UTC] Error en input: Unidad 'unit' no encontrada en la base de datos
[15-Jan-2026 19:27:19 UTC] Error en input: Unidad 'unit' no encontrada en la base de datos
[15-Jan-2026 19:27:19 UTC] Error en input: Unidad 'unit' no encontrada en la base de datos
[15-Jan-2026 19:27:19 UTC] WARNING: Unidad 'm' (group: 838aaa22-0117-11db-92e3-0800200c9a66) no coincide con flow_property
[15-Jan-2026 19:27:19 UTC] WARNING: Unidad 'm' (group: 838aaa22-0117-11db-92e3-0800200c9a66) no coincide con flow_property
[15-Jan-2026 19:27:19 UTC] Error en input: No se encontró unidad de referencia para el unit_group requerido
[15-Jan-2026 19:35:56 UTC] WARNING: Unidad 'kg' (group: 93a60a57-a4c8-11da-a746-0800200c9a66) no coincide con flow_property
[20-May-2026 01:42:47 UTC] PHP Warning:  Undefined array key "Copyright" in /home/u303404040/domains/ciclodevida.mx/public_html/php_actions/process_json_import.php on line 216
[20-May-2026 01:50:07 UTC] WARNING: Unidad 'kg' (group: 93a60a57-a4c8-11da-a746-0800200c9a66) no coincide con flow_property
[20-May-2026 01:50:08 UTC] WARNING: Unidad 'kJ' (group: 93a60a57-a3c8-11da-a746-0800200c9a66) no coincide con flow_property
[20-May-2026 01:50:08 UTC] Error en input: No se encontró unidad de referencia para el unit_group requerido
[20-May-2026 01:50:08 UTC] WARNING: Unidad 't*km' (group: 838aaa21-0117-11db-92e3-0800200c9a66) no coincide con flow_property
[20-May-2026 01:50:08 UTC] Error en input: No se encontró unidad de referencia para el unit_group requerido
[20-May-2026 01:50:08 UTC] WARNING: Unidad 'kg' (group: 93a60a57-a4c8-11da-a746-0800200c9a66) no coincide con flow_property
[20-May-2026 02:38:02 UTC] WARNING: Unidad 'kWh' (group: 93a60a57-a3c8-11da-a746-0800200c9a66) no coincide con flow_property
[20-May-2026 02:38:02 UTC] WARNING: Unidad 't*km' (group: 838aaa21-0117-11db-92e3-0800200c9a66) no coincide con flow_property
[20-May-2026 02:38:02 UTC] Error en input: No se encontró unidad de referencia para el unit_group requerido
[20-May-2026 02:38:02 UTC] WARNING: Unidad 'L' (group: 93a60a57-a3c8-12da-a746-0800200c9a66) no coincide con flow_property
[20-May-2026 02:38:02 UTC] Error en input: No se encontró unidad de referencia para el unit_group requerido
[20-May-2026 02:38:03 UTC] WARNING: Unidad 'kWh' (group: 93a60a57-a3c8-11da-a746-0800200c9a66) no coincide con flow_property
[24-May-2026 17:18:02 UTC] PHP Warning:  Array to string conversion in /home/u303404040/domains/ciclodevida.mx/public_html/php_actions/process_json_import.php on line 251
[24-May-2026 17:18:02 UTC] WARNING: Unidad 'kg' (group: 93a60a57-a4c8-11da-a746-0800200c9a66) no coincide con flow_property
[24-May-2026 17:18:02 UTC] WARNING: Unidad 'kWh' (group: 93a60a57-a3c8-11da-a746-0800200c9a66) no coincide con flow_property
[24-May-2026 18:16:47 UTC] PHP Warning:  Array to string conversion in /home/u303404040/domains/ciclodevida.mx/public_html/php_actions/process_json_import.php on line 251
[24-May-2026 18:16:47 UTC] WARNING: Unidad 'kg' (group: 93a60a57-a4c8-11da-a746-0800200c9a66) no coincide con flow_property
[24-May-2026 18:16:47 UTC] WARNING: Unidad 'kWh' (group: 93a60a57-a3c8-11da-a746-0800200c9a66) no coincide con flow_property
[24-May-2026 18:16:47 UTC] Error en output: El proceso ya tiene un intercambio de referencia (outputs)
[24-May-2026 18:16:47 UTC] PHP Warning:  Array to string conversion in /home/u303404040/domains/ciclodevida.mx/public_html/php_actions/process_json_import.php on line 251
[24-May-2026 18:16:47 UTC] WARNING: Unidad 'kg' (group: 93a60a57-a4c8-11da-a746-0800200c9a66) no coincide con flow_property
[24-May-2026 18:16:47 UTC] WARNING: Unidad 'kWh' (group: 93a60a57-a3c8-11da-a746-0800200c9a66) no coincide con flow_property
[24-May-2026 18:16:48 UTC] Error en output: El proceso ya tiene un intercambio de referencia (outputs)
[24-May-2026 18:16:48 UTC] PHP Warning:  Array to string conversion in /home/u303404040/domains/ciclodevida.mx/public_html/php_actions/process_json_import.php on line 251
[24-May-2026 18:16:48 UTC] WARNING: Unidad 'kg' (group: 93a60a57-a4c8-11da-a746-0800200c9a66) no coincide con flow_property
[24-May-2026 18:16:48 UTC] WARNING: Unidad 'kWh' (group: 93a60a57-a3c8-11da-a746-0800200c9a66) no coincide con flow_property
[24-May-2026 18:16:48 UTC] Error en output: El proceso ya tiene un intercambio de referencia (outputs)
[24-May-2026 18:16:48 UTC] PHP Warning:  Array to string conversion in /home/u303404040/domains/ciclodevida.mx/public_html/php_actions/process_json_import.php on line 251
[24-May-2026 18:16:48 UTC] WARNING: Unidad 'kg' (group: 93a60a57-a4c8-11da-a746-0800200c9a66) no coincide con flow_property
[24-May-2026 18:16:48 UTC] WARNING: Unidad 'kWh' (group: 93a60a57-a3c8-11da-a746-0800200c9a66) no coincide con flow_property
[24-May-2026 18:16:49 UTC] Error en output: El proceso ya tiene un intercambio de referencia (outputs)
[24-May-2026 18:16:49 UTC] PHP Warning:  Array to string conversion in /home/u303404040/domains/ciclodevida.mx/public_html/php_actions/process_json_import.php on line 251
[24-May-2026 18:16:49 UTC] WARNING: Unidad 'kg' (group: 93a60a57-a4c8-11da-a746-0800200c9a66) no coincide con flow_property
[24-May-2026 18:16:49 UTC] WARNING: Unidad 'kWh' (group: 93a60a57-a3c8-11da-a746-0800200c9a66) no coincide con flow_property
[24-May-2026 18:16:49 UTC] Error en output: El proceso ya tiene un intercambio de referencia (outputs)
[24-May-2026 18:16:49 UTC] PHP Warning:  Array to string conversion in /home/u303404040/domains/ciclodevida.mx/public_html/php_actions/process_json_import.php on line 251
[24-May-2026 18:16:49 UTC] WARNING: Unidad 'kg' (group: 93a60a57-a4c8-11da-a746-0800200c9a66) no coincide con flow_property
[24-May-2026 18:16:49 UTC] WARNING: Unidad 'kWh' (group: 93a60a57-a3c8-11da-a746-0800200c9a66) no coincide con flow_property
[24-May-2026 18:16:49 UTC] Error en output: El proceso ya tiene un intercambio de referencia (outputs)
[24-May-2026 18:16:49 UTC] PHP Warning:  Array to string conversion in /home/u303404040/domains/ciclodevida.mx/public_html/php_actions/process_json_import.php on line 251
[24-May-2026 18:16:50 UTC] WARNING: Unidad 'kg' (group: 93a60a57-a4c8-11da-a746-0800200c9a66) no coincide con flow_property
[24-May-2026 18:16:50 UTC] WARNING: Unidad 'kWh' (group: 93a60a57-a3c8-11da-a746-0800200c9a66) no coincide con flow_property
[24-May-2026 18:16:50 UTC] Error en output: El proceso ya tiene un intercambio de referencia (outputs)
[24-May-2026 18:16:50 UTC] WARNING: Unidad 'kg' (group: 93a60a57-a4c8-11da-a746-0800200c9a66) no coincide con flow_property
[24-May-2026 18:16:50 UTC] WARNING: Unidad 'kWh' (group: 93a60a57-a3c8-11da-a746-0800200c9a66) no coincide con flow_property
[24-May-2026 18:16:50 UTC] PHP Warning:  Array to string conversion in /home/u303404040/domains/ciclodevida.mx/public_html/php_actions/process_json_import.php on line 251
[24-May-2026 18:16:50 UTC] WARNING: Unidad 'kg' (group: 93a60a57-a4c8-11da-a746-0800200c9a66) no coincide con flow_property
[24-May-2026 18:16:51 UTC] WARNING: Unidad 'kWh' (group: 93a60a57-a3c8-11da-a746-0800200c9a66) no coincide con flow_property
[24-May-2026 18:16:51 UTC] Error en output: El proceso ya tiene un intercambio de referencia (outputs)
[24-May-2026 18:17:25 UTC] PHP Warning:  Array to string conversion in /home/u303404040/domains/ciclodevida.mx/public_html/php_actions/process_json_import.php on line 251
[24-May-2026 18:17:25 UTC] WARNING: Unidad 'kg' (group: 93a60a57-a4c8-11da-a746-0800200c9a66) no coincide con flow_property
[24-May-2026 18:17:25 UTC] WARNING: Unidad 'kWh' (group: 93a60a57-a3c8-11da-a746-0800200c9a66) no coincide con flow_property
[24-May-2026 18:17:25 UTC] Error en output: El proceso ya tiene un intercambio de referencia (outputs)
[24-May-2026 18:17:25 UTC] PHP Warning:  Array to string conversion in /home/u303404040/domains/ciclodevida.mx/public_html/php_actions/process_json_import.php on line 251
[24-May-2026 18:17:25 UTC] WARNING: Unidad 'kg' (group: 93a60a57-a4c8-11da-a746-0800200c9a66) no coincide con flow_property
[24-May-2026 18:17:25 UTC] WARNING: Unidad 'kWh' (group: 93a60a57-a3c8-11da-a746-0800200c9a66) no coincide con flow_property
[24-May-2026 18:17:25 UTC] Error en output: El proceso ya tiene un intercambio de referencia (outputs)
[24-May-2026 18:17:25 UTC] PHP Warning:  Array to string conversion in /home/u303404040/domains/ciclodevida.mx/public_html/php_actions/process_json_import.php on line 251
[24-May-2026 18:17:26 UTC] WARNING: Unidad 'kg' (group: 93a60a57-a4c8-11da-a746-0800200c9a66) no coincide con flow_property
[24-May-2026 18:17:26 UTC] WARNING: Unidad 'kWh' (group: 93a60a57-a3c8-11da-a746-0800200c9a66) no coincide con flow_property
[24-May-2026 18:17:26 UTC] Error en output: El proceso ya tiene un intercambio de referencia (outputs)
[24-May-2026 18:17:26 UTC] PHP Warning:  Array to string conversion in /home/u303404040/domains/ciclodevida.mx/public_html/php_actions/process_json_import.php on line 251
[24-May-2026 18:17:26 UTC] WARNING: Unidad 'kg' (group: 93a60a57-a4c8-11da-a746-0800200c9a66) no coincide con flow_property
[24-May-2026 18:17:26 UTC] WARNING: Unidad 'kWh' (group: 93a60a57-a3c8-11da-a746-0800200c9a66) no coincide con flow_property
[24-May-2026 18:17:26 UTC] Error en output: El proceso ya tiene un intercambio de referencia (outputs)
[24-May-2026 18:17:26 UTC] PHP Warning:  Array to string conversion in /home/u303404040/domains/ciclodevida.mx/public_html/php_actions/process_json_import.php on line 251
[24-May-2026 18:17:26 UTC] WARNING: Unidad 'kg' (group: 93a60a57-a4c8-11da-a746-0800200c9a66) no coincide con flow_property
[24-May-2026 18:17:26 UTC] WARNING: Unidad 'kWh' (group: 93a60a57-a3c8-11da-a746-0800200c9a66) no coincide con flow_property
[24-May-2026 18:17:26 UTC] Error en output: El proceso ya tiene un intercambio de referencia (outputs)
[24-May-2026 18:17:26 UTC] PHP Warning:  Array to string conversion in /home/u303404040/domains/ciclodevida.mx/public_html/php_actions/process_json_import.php on line 251
[24-May-2026 18:17:27 UTC] WARNING: Unidad 'kg' (group: 93a60a57-a4c8-11da-a746-0800200c9a66) no coincide con flow_property
[24-May-2026 18:17:27 UTC] WARNING: Unidad 'kWh' (group: 93a60a57-a3c8-11da-a746-0800200c9a66) no coincide con flow_property
[24-May-2026 18:17:27 UTC] Error en output: El proceso ya tiene un intercambio de referencia (outputs)
[25-May-2026 05:10:23 UTC] WARNING: Unidad 'J' (group: 93a60a57-a3c8-11da-a746-0800200c9a66) no coincide con flow_property
[25-May-2026 05:10:23 UTC] Error en input: No se encontró unidad de referencia para el unit_group requerido
[25-May-2026 05:10:23 UTC] Error en input: Unidad 'h' no encontrada en la base de datos
[25-May-2026 05:10:23 UTC] Error en input: Unidad 'h' no encontrada en la base de datos
[25-May-2026 05:16:58 UTC] WARNING: Unidad 'm' (group: 838aaa22-0117-11db-92e3-0800200c9a66) no coincide con flow_property
[25-May-2026 14:15:51 UTC] WARNING: Unidad 'm3' (group: 93a60a57-a3c8-12da-a746-0800200c9a66) no coincide con flow_property
[25-May-2026 14:15:51 UTC] Error en input: No se encontró unidad de referencia para el unit_group requerido
[25-May-2026 14:15:51 UTC] WARNING: Unidad 'kWh' (group: 93a60a57-a3c8-11da-a746-0800200c9a66) no coincide con flow_property
[25-May-2026 14:15:51 UTC] Error en output: No se encontró unidad de referencia para el unit_group requerido
[27-May-2026 19:14:44 UTC] WARNING: Unidad 'kWh' (group: 93a60a57-a3c8-11da-a746-0800200c9a66) no coincide con flow_property
[27-May-2026 21:39:48 UTC] PHP Warning:  Array to string conversion in /home/u303404040/domains/ciclodevida.mx/public_html/php_actions/process_json_import.php on line 251
[27-May-2026 21:39:48 UTC] WARNING: Unidad 't' (group: 93a60a57-a4c8-11da-a746-0800200c9a66) no coincide con flow_property
[27-May-2026 21:44:26 UTC] PHP Warning:  Array to string conversion in /home/u303404040/domains/ciclodevida.mx/public_html/php_actions/process_json_import.php on line 251
[27-May-2026 21:44:26 UTC] Error en output: Unidad 'unit' no encontrada en la base de datos
[27-May-2026 21:44:26 UTC] Error en output: Unidad 'unit' no encontrada en la base de datos
[27-May-2026 21:44:26 UTC] Error en output: Unidad 'unit' no encontrada en la base de datos
[27-May-2026 21:44:26 UTC] Error en output: Unidad 'unit' no encontrada en la base de datos
[27-May-2026 21:53:47 UTC] PHP Warning:  Array to string conversion in /home/u303404040/domains/ciclodevida.mx/public_html/php_actions/process_json_import.php on line 251
[27-May-2026 22:00:05 UTC] PHP Warning:  Array to string conversion in /home/u303404040/domains/ciclodevida.mx/public_html/php_actions/process_json_import.php on line 251
[03-Jun-2026 17:49:10 UTC] PHP Warning:  Array to string conversion in /home/u303404040/domains/ciclodevida.mx/public_html/php_actions/process_json_import.php on line 251
[03-Jun-2026 17:49:10 UTC] Error en input: Unidad 'unit' no encontrada en la base de datos
[03-Jun-2026 17:49:11 UTC] Error en input: Unidad 'unit' no encontrada en la base de datos
[03-Jun-2026 17:49:11 UTC] Error en input: Unidad 'unit' no encontrada en la base de datos
[03-Jun-2026 17:49:11 UTC] WARNING: Unidad 'm' (group: 838aaa22-0117-11db-92e3-0800200c9a66) no coincide con flow_property
[03-Jun-2026 17:49:11 UTC] WARNING: Unidad 'm' (group: 838aaa22-0117-11db-92e3-0800200c9a66) no coincide con flow_property
[03-Jun-2026 17:49:11 UTC] Error en input: No se encontró unidad de referencia para el unit_group requerido
[03-Jun-2026 17:49:12 UTC] PHP Warning:  Array to string conversion in /home/u303404040/domains/ciclodevida.mx/public_html/php_actions/process_json_import.php on line 251
[03-Jun-2026 17:49:12 UTC] Error en input: Unidad 'unit' no encontrada en la base de datos
[03-Jun-2026 17:49:12 UTC] Error en input: Unidad 'unit' no encontrada en la base de datos
[03-Jun-2026 17:49:13 UTC] Error en input: Unidad 'unit' no encontrada en la base de datos
[03-Jun-2026 17:49:13 UTC] WARNING: Unidad 'm' (group: 838aaa22-0117-11db-92e3-0800200c9a66) no coincide con flow_property
[03-Jun-2026 17:49:13 UTC] WARNING: Unidad 'm' (group: 838aaa22-0117-11db-92e3-0800200c9a66) no coincide con flow_property
[03-Jun-2026 17:49:13 UTC] Error en input: No se encontró unidad de referencia para el unit_group requerido
[03-Jun-2026 17:49:13 UTC] Error en output: El proceso ya tiene un intercambio de referencia (outputs)
