{
    "timestamp": "2025-11-18 20:08:24",
    "url": "http:\/\/3.17.144.50:5678\/webhook\/formulario-pdf?job_id=pdf_691cd238544fa0.30154622",
    "http_code": 200,
    "curl_error": "",
    "response": "{\"message\":\"Workflow was started\"}",
    "curl_info": {
        "url": "http:\/\/3.17.144.50:5678\/webhook\/formulario-pdf?job_id=pdf_691cd238544fa0.30154622",
        "content_type": "application\/json; charset=utf-8",
        "http_code": 200,
        "header_size": 525,
        "request_size": 1542832,
        "filetime": -1,
        "ssl_verify_result": 0,
        "redirect_count": 0,
        "total_time": 0.339921,
        "namelookup_time": 5.7e-5,
        "connect_time": 0.031125,
        "pretransfer_time": 0.031278,
        "size_upload": 1542510,
        "size_download": 34,
        "speed_download": 100,
        "speed_upload": 4537848,
        "download_content_length": 34,
        "upload_content_length": 1542510,
        "starttransfer_time": 0.063647,
        "redirect_time": 0,
        "redirect_url": "",
        "primary_ip": "3.17.144.50",
        "certinfo": [],
        "primary_port": 5678,
        "local_ip": "31.170.167.204",
        "local_port": 25096,
        "http_version": 2,
        "protocol": 1,
        "ssl_verifyresult": 0,
        "scheme": "http",
        "appconnect_time_us": 0,
        "connect_time_us": 31125,
        "namelookup_time_us": 57,
        "pretransfer_time_us": 31278,
        "redirect_time_us": 0,
        "starttransfer_time_us": 63647,
        "posttransfer_time_us": 222921,
        "total_time_us": 339921,
        "effective_method": "POST",
        "capath": "",
        "cainfo": "\/etc\/pki\/tls\/certs\/ca-bundle.crt"
    }
}