{
    "timestamp": "2026-05-19 00:56:07",
    "url": "http:\/\/3.17.144.50:5678\/webhook\/formulario-pdf?job_id=pdf_6a0bb51ce245d5.34224203",
    "http_code": 0,
    "curl_error": "Connection timed out after 10002 milliseconds",
    "response": false,
    "curl_info": {
        "url": "http:\/\/3.17.144.50:5678\/webhook\/formulario-pdf?job_id=pdf_6a0bb51ce245d5.34224203",
        "content_type": null,
        "http_code": 0,
        "header_size": 0,
        "request_size": 0,
        "filetime": -1,
        "ssl_verify_result": 0,
        "redirect_count": 0,
        "total_time": 10.002536,
        "namelookup_time": 4.5e-5,
        "connect_time": 0,
        "pretransfer_time": 0,
        "size_upload": 0,
        "size_download": 0,
        "speed_download": 0,
        "speed_upload": 0,
        "download_content_length": -1,
        "upload_content_length": -1,
        "starttransfer_time": 0,
        "redirect_time": 0,
        "redirect_url": "",
        "primary_ip": "",
        "certinfo": [],
        "primary_port": -1,
        "local_ip": "",
        "local_port": -1,
        "http_version": 0,
        "protocol": 1,
        "ssl_verifyresult": 0,
        "scheme": "http",
        "appconnect_time_us": 0,
        "connect_time_us": 0,
        "namelookup_time_us": 45,
        "pretransfer_time_us": 0,
        "redirect_time_us": 0,
        "starttransfer_time_us": 0,
        "posttransfer_time_us": 0,
        "total_time_us": 10002536,
        "effective_method": "POST",
        "capath": "",
        "cainfo": "\/etc\/pki\/tls\/certs\/ca-bundle.crt"
    }
}