{
    "timestamp": "2025-11-29 23:29:44",
    "url": "http:\/\/3.17.144.50:5678\/webhook\/formulario-pdf?job_id=pdf_692b81e7d3e292.27194601",
    "http_code": 200,
    "curl_error": "",
    "response": "{\"message\":\"Workflow was started\"}",
    "curl_info": {
        "url": "http:\/\/3.17.144.50:5678\/webhook\/formulario-pdf?job_id=pdf_692b81e7d3e292.27194601",
        "content_type": "application\/json; charset=utf-8",
        "http_code": 200,
        "header_size": 525,
        "request_size": 5724730,
        "filetime": -1,
        "ssl_verify_result": 0,
        "redirect_count": 0,
        "total_time": 0.430724,
        "namelookup_time": 3.9e-5,
        "connect_time": 0.028243,
        "pretransfer_time": 0.028354,
        "size_upload": 5724408,
        "size_download": 34,
        "speed_download": 78,
        "speed_upload": 13290199,
        "download_content_length": 34,
        "upload_content_length": 5724408,
        "starttransfer_time": 0.057923,
        "redirect_time": 0,
        "redirect_url": "",
        "primary_ip": "3.17.144.50",
        "certinfo": [],
        "primary_port": 5678,
        "local_ip": "31.170.167.204",
        "local_port": 64530,
        "http_version": 2,
        "protocol": 1,
        "ssl_verifyresult": 0,
        "scheme": "http",
        "appconnect_time_us": 0,
        "connect_time_us": 28243,
        "namelookup_time_us": 39,
        "pretransfer_time_us": 28354,
        "redirect_time_us": 0,
        "starttransfer_time_us": 57923,
        "posttransfer_time_us": 318877,
        "total_time_us": 430724,
        "effective_method": "POST",
        "capath": "",
        "cainfo": "\/etc\/pki\/tls\/certs\/ca-bundle.crt"
    }
}