{
    "timestamp": "2026-05-20 01:35:52",
    "url": "http:\/\/44.220.84.111:5678\/webhook\/82921b6e-dc98-46b7-a6d6-d241d0512deb?job_id=pdf_6a0d0fee58b724.30341539",
    "http_code": 0,
    "curl_error": "Operation timed out after 5001 milliseconds with 0 bytes received",
    "response": false,
    "curl_info": {
        "url": "http:\/\/44.220.84.111:5678\/webhook\/82921b6e-dc98-46b7-a6d6-d241d0512deb?job_id=pdf_6a0d0fee58b724.30341539",
        "content_type": null,
        "http_code": 0,
        "header_size": 0,
        "request_size": 238812,
        "filetime": -1,
        "ssl_verify_result": 0,
        "redirect_count": 0,
        "total_time": 5.001527,
        "namelookup_time": 3.4e-5,
        "connect_time": 0.020646,
        "pretransfer_time": 0.020791,
        "size_upload": 238534,
        "size_download": 0,
        "speed_download": 0,
        "speed_upload": 47692,
        "download_content_length": -1,
        "upload_content_length": 238534,
        "starttransfer_time": 0,
        "redirect_time": 0,
        "redirect_url": "",
        "primary_ip": "44.220.84.111",
        "certinfo": [],
        "primary_port": 5678,
        "local_ip": "195.35.61.111",
        "local_port": 16576,
        "http_version": 0,
        "protocol": 1,
        "ssl_verifyresult": 0,
        "scheme": "http",
        "appconnect_time_us": 0,
        "connect_time_us": 20646,
        "namelookup_time_us": 34,
        "pretransfer_time_us": 20791,
        "redirect_time_us": 0,
        "starttransfer_time_us": 0,
        "posttransfer_time_us": 63577,
        "total_time_us": 5001527,
        "effective_method": "POST",
        "capath": "",
        "cainfo": "\/etc\/pki\/tls\/certs\/ca-bundle.crt"
    }
}