{
    "timestamp": "2026-01-14 21:10:44",
    "url": "http:\/\/3.17.144.50:5678\/webhook\/formulario-pdf?job_id=pdf_696806543dc024.52033712",
    "http_code": 200,
    "curl_error": "",
    "response": "{\"message\":\"Workflow was started\"}",
    "curl_info": {
        "url": "http:\/\/3.17.144.50:5678\/webhook\/formulario-pdf?job_id=pdf_696806543dc024.52033712",
        "content_type": "application\/json; charset=utf-8",
        "http_code": 200,
        "header_size": 500,
        "request_size": 286902,
        "filetime": -1,
        "ssl_verify_result": 0,
        "redirect_count": 0,
        "total_time": 0.21676,
        "namelookup_time": 5.0e-5,
        "connect_time": 0.029644,
        "pretransfer_time": 0.029862,
        "size_upload": 286603,
        "size_download": 34,
        "speed_download": 156,
        "speed_upload": 1322213,
        "download_content_length": 34,
        "upload_content_length": 286603,
        "starttransfer_time": 0.216735,
        "redirect_time": 0,
        "redirect_url": "",
        "primary_ip": "3.17.144.50",
        "certinfo": [],
        "primary_port": 5678,
        "local_ip": "31.170.167.204",
        "local_port": 43036,
        "http_version": 2,
        "protocol": 1,
        "ssl_verifyresult": 0,
        "scheme": "http",
        "appconnect_time_us": 0,
        "connect_time_us": 29644,
        "namelookup_time_us": 50,
        "pretransfer_time_us": 29862,
        "redirect_time_us": 0,
        "starttransfer_time_us": 216735,
        "posttransfer_time_us": 100669,
        "total_time_us": 216760,
        "effective_method": "POST",
        "capath": "",
        "cainfo": "\/etc\/pki\/tls\/certs\/ca-bundle.crt"
    }
}