{
    "timestamp": "2025-11-19 18:27:53",
    "url": "http:\/\/3.17.144.50:5678\/webhook\/formulario-pdf?job_id=pdf_691e0c296307e3.30114584",
    "http_code": 200,
    "curl_error": "",
    "response": "{\"message\":\"Workflow was started\"}",
    "curl_info": {
        "url": "http:\/\/3.17.144.50:5678\/webhook\/formulario-pdf?job_id=pdf_691e0c296307e3.30114584",
        "content_type": "application\/json; charset=utf-8",
        "http_code": 200,
        "header_size": 525,
        "request_size": 3466876,
        "filetime": -1,
        "ssl_verify_result": 0,
        "redirect_count": 0,
        "total_time": 0.408698,
        "namelookup_time": 5.5e-5,
        "connect_time": 0.031463,
        "pretransfer_time": 0.03161,
        "size_upload": 3466554,
        "size_download": 34,
        "speed_download": 83,
        "speed_upload": 8481945,
        "download_content_length": 34,
        "upload_content_length": 3466554,
        "starttransfer_time": 0.062725,
        "redirect_time": 0,
        "redirect_url": "",
        "primary_ip": "3.17.144.50",
        "certinfo": [],
        "primary_port": 5678,
        "local_ip": "31.170.167.204",
        "local_port": 50356,
        "http_version": 2,
        "protocol": 1,
        "ssl_verifyresult": 0,
        "scheme": "http",
        "appconnect_time_us": 0,
        "connect_time_us": 31463,
        "namelookup_time_us": 55,
        "pretransfer_time_us": 31610,
        "redirect_time_us": 0,
        "starttransfer_time_us": 62725,
        "posttransfer_time_us": 276226,
        "total_time_us": 408698,
        "effective_method": "POST",
        "capath": "",
        "cainfo": "\/etc\/pki\/tls\/certs\/ca-bundle.crt"
    }
}