{
    "timestamp": "2025-11-05 21:36:36",
    "url": "http:\/\/3.17.144.50:5678\/webhook\/formulario-pdf?job_id=pdf_690bc363ca6db2.87156958",
    "http_code": 200,
    "curl_error": "",
    "response": "{\"message\":\"Workflow was started\"}",
    "curl_info": {
        "url": "http:\/\/3.17.144.50:5678\/webhook\/formulario-pdf?job_id=pdf_690bc363ca6db2.87156958",
        "content_type": "application\/json; charset=utf-8",
        "http_code": 200,
        "header_size": 500,
        "request_size": 32189,
        "filetime": -1,
        "ssl_verify_result": 0,
        "redirect_count": 0,
        "total_time": 0.113022,
        "namelookup_time": 5.2e-5,
        "connect_time": 0.030519,
        "pretransfer_time": 0.030763,
        "size_upload": 31891,
        "size_download": 34,
        "speed_download": 300,
        "speed_upload": 282166,
        "download_content_length": 34,
        "upload_content_length": 31891,
        "starttransfer_time": 0.112997,
        "redirect_time": 0,
        "redirect_url": "",
        "primary_ip": "3.17.144.50",
        "certinfo": [],
        "primary_port": 5678,
        "local_ip": "31.170.167.204",
        "local_port": 23824,
        "http_version": 2,
        "protocol": 1,
        "ssl_verifyresult": 0,
        "scheme": "http",
        "appconnect_time_us": 0,
        "connect_time_us": 30519,
        "namelookup_time_us": 52,
        "pretransfer_time_us": 30763,
        "redirect_time_us": 0,
        "starttransfer_time_us": 112997,
        "posttransfer_time_us": 30762,
        "total_time_us": 113022,
        "effective_method": "POST",
        "capath": "",
        "cainfo": "\/etc\/pki\/tls\/certs\/ca-bundle.crt"
    }
}