{
    "timestamp": "2025-11-06 03:36:22",
    "url": "http:\/\/3.17.144.50:5678\/webhook\/formulario-pdf?job_id=pdf_690c17b67afc13.45811799",
    "http_code": 200,
    "curl_error": "",
    "response": "{\"message\":\"Workflow was started\"}",
    "curl_info": {
        "url": "http:\/\/3.17.144.50:5678\/webhook\/formulario-pdf?job_id=pdf_690c17b67afc13.45811799",
        "content_type": "application\/json; charset=utf-8",
        "http_code": 200,
        "header_size": 500,
        "request_size": 24023,
        "filetime": -1,
        "ssl_verify_result": 0,
        "redirect_count": 0,
        "total_time": 0.099016,
        "namelookup_time": 4.3e-5,
        "connect_time": 0.029325,
        "pretransfer_time": 0.029521,
        "size_upload": 23725,
        "size_download": 34,
        "speed_download": 343,
        "speed_upload": 239607,
        "download_content_length": 34,
        "upload_content_length": 23725,
        "starttransfer_time": 0.098995,
        "redirect_time": 0,
        "redirect_url": "",
        "primary_ip": "3.17.144.50",
        "certinfo": [],
        "primary_port": 5678,
        "local_ip": "31.170.167.204",
        "local_port": 57132,
        "http_version": 2,
        "protocol": 1,
        "ssl_verifyresult": 0,
        "scheme": "http",
        "appconnect_time_us": 0,
        "connect_time_us": 29325,
        "namelookup_time_us": 43,
        "pretransfer_time_us": 29521,
        "redirect_time_us": 0,
        "starttransfer_time_us": 98995,
        "posttransfer_time_us": 29520,
        "total_time_us": 99016,
        "effective_method": "POST",
        "capath": "",
        "cainfo": "\/etc\/pki\/tls\/certs\/ca-bundle.crt"
    }
}