{
    "timestamp": "2025-10-30 20:49:19",
    "url": "http:\/\/3.17.144.50:5678\/webhook\/formulario-pdf?job_id=pdf_6903cf4fa7ad83.43246154",
    "http_code": 200,
    "curl_error": "",
    "response": "{\"message\":\"Workflow was started\"}",
    "curl_info": {
        "url": "http:\/\/3.17.144.50:5678\/webhook\/formulario-pdf?job_id=pdf_6903cf4fa7ad83.43246154",
        "content_type": "application\/json; charset=utf-8",
        "http_code": 200,
        "header_size": 500,
        "request_size": 205522,
        "filetime": -1,
        "ssl_verify_result": 0,
        "redirect_count": 0,
        "total_time": 0.156616,
        "namelookup_time": 4.3e-5,
        "connect_time": 0.02843,
        "pretransfer_time": 0.028594,
        "size_upload": 205223,
        "size_download": 34,
        "speed_download": 217,
        "speed_upload": 1310357,
        "download_content_length": 34,
        "upload_content_length": 205223,
        "starttransfer_time": 0.156587,
        "redirect_time": 0,
        "redirect_url": "",
        "primary_ip": "3.17.144.50",
        "certinfo": [],
        "primary_port": 5678,
        "local_ip": "31.170.167.204",
        "local_port": 23368,
        "http_version": 2,
        "protocol": 1,
        "ssl_verifyresult": 0,
        "scheme": "http",
        "appconnect_time_us": 0,
        "connect_time_us": 28430,
        "namelookup_time_us": 43,
        "pretransfer_time_us": 28594,
        "redirect_time_us": 0,
        "starttransfer_time_us": 156587,
        "posttransfer_time_us": 86647,
        "total_time_us": 156616,
        "effective_method": "POST",
        "capath": "",
        "cainfo": "\/etc\/pki\/tls\/certs\/ca-bundle.crt"
    }
}