{
    "timestamp": "2026-05-20 01:03:11",
    "url": "http:\/\/44.220.84.111:5678\/webhook\/82921b6e-dc98-46b7-a6d6-d241d0512deb?job_id=pdf_6a0d084ea2dcc7.90421510",
    "http_code": 500,
    "curl_error": "",
    "response": "{\"message\":\"Error in workflow\"}",
    "curl_info": {
        "url": "http:\/\/44.220.84.111:5678\/webhook\/82921b6e-dc98-46b7-a6d6-d241d0512deb?job_id=pdf_6a0d084ea2dcc7.90421510",
        "content_type": "application\/json; charset=utf-8",
        "http_code": 500,
        "header_size": 254,
        "request_size": 377876,
        "filetime": -1,
        "ssl_verify_result": 0,
        "redirect_count": 0,
        "total_time": 0.779739,
        "namelookup_time": 4.0e-5,
        "connect_time": 0.020101,
        "pretransfer_time": 0.02033,
        "size_upload": 377553,
        "size_download": 31,
        "speed_download": 39,
        "speed_upload": 484204,
        "download_content_length": 31,
        "upload_content_length": 377553,
        "starttransfer_time": 0.779718,
        "redirect_time": 0,
        "redirect_url": "",
        "primary_ip": "44.220.84.111",
        "certinfo": [],
        "primary_port": 5678,
        "local_ip": "195.35.61.111",
        "local_port": 19356,
        "http_version": 2,
        "protocol": 1,
        "ssl_verifyresult": 0,
        "scheme": "http",
        "appconnect_time_us": 0,
        "connect_time_us": 20101,
        "namelookup_time_us": 40,
        "pretransfer_time_us": 20330,
        "redirect_time_us": 0,
        "starttransfer_time_us": 779718,
        "posttransfer_time_us": 69608,
        "total_time_us": 779739,
        "effective_method": "POST",
        "capath": "",
        "cainfo": "\/etc\/pki\/tls\/certs\/ca-bundle.crt"
    }
}