{
    "timestamp": "2025-11-19 21:16:11",
    "url": "http:\/\/3.17.144.50:5678\/webhook\/formulario-pdf?job_id=pdf_691e339b571478.09818785",
    "http_code": 200,
    "curl_error": "",
    "response": "{\"message\":\"Workflow was started\"}",
    "curl_info": {
        "url": "http:\/\/3.17.144.50:5678\/webhook\/formulario-pdf?job_id=pdf_691e339b571478.09818785",
        "content_type": "application\/json; charset=utf-8",
        "http_code": 200,
        "header_size": 500,
        "request_size": 500684,
        "filetime": -1,
        "ssl_verify_result": 0,
        "redirect_count": 0,
        "total_time": 0.22938,
        "namelookup_time": 5.1e-5,
        "connect_time": 0.028728,
        "pretransfer_time": 0.028992,
        "size_upload": 500385,
        "size_download": 34,
        "speed_download": 148,
        "speed_upload": 2181467,
        "download_content_length": 34,
        "upload_content_length": 500385,
        "starttransfer_time": 0.22936,
        "redirect_time": 0,
        "redirect_url": "",
        "primary_ip": "3.17.144.50",
        "certinfo": [],
        "primary_port": 5678,
        "local_ip": "31.170.167.204",
        "local_port": 42570,
        "http_version": 2,
        "protocol": 1,
        "ssl_verifyresult": 0,
        "scheme": "http",
        "appconnect_time_us": 0,
        "connect_time_us": 28728,
        "namelookup_time_us": 51,
        "pretransfer_time_us": 28992,
        "redirect_time_us": 0,
        "starttransfer_time_us": 229360,
        "posttransfer_time_us": 122851,
        "total_time_us": 229380,
        "effective_method": "POST",
        "capath": "",
        "cainfo": "\/etc\/pki\/tls\/certs\/ca-bundle.crt"
    }
}