{
    "timestamp": "2025-11-07 15:50:29",
    "url": "http:\/\/3.17.144.50:5678\/webhook\/formulario-pdf?job_id=pdf_690e1545222609.53779527",
    "http_code": 200,
    "curl_error": "",
    "response": "{\"message\":\"Workflow was started\"}",
    "curl_info": {
        "url": "http:\/\/3.17.144.50:5678\/webhook\/formulario-pdf?job_id=pdf_690e1545222609.53779527",
        "content_type": "application\/json; charset=utf-8",
        "http_code": 200,
        "header_size": 500,
        "request_size": 33525,
        "filetime": -1,
        "ssl_verify_result": 0,
        "redirect_count": 0,
        "total_time": 0.116805,
        "namelookup_time": 4.0e-5,
        "connect_time": 0.032451,
        "pretransfer_time": 0.032635,
        "size_upload": 33227,
        "size_download": 34,
        "speed_download": 291,
        "speed_upload": 284465,
        "download_content_length": 34,
        "upload_content_length": 33227,
        "starttransfer_time": 0.116782,
        "redirect_time": 0,
        "redirect_url": "",
        "primary_ip": "3.17.144.50",
        "certinfo": [],
        "primary_port": 5678,
        "local_ip": "31.170.167.204",
        "local_port": 30304,
        "http_version": 2,
        "protocol": 1,
        "ssl_verifyresult": 0,
        "scheme": "http",
        "appconnect_time_us": 0,
        "connect_time_us": 32451,
        "namelookup_time_us": 40,
        "pretransfer_time_us": 32635,
        "redirect_time_us": 0,
        "starttransfer_time_us": 116782,
        "posttransfer_time_us": 32634,
        "total_time_us": 116805,
        "effective_method": "POST",
        "capath": "",
        "cainfo": "\/etc\/pki\/tls\/certs\/ca-bundle.crt"
    }
}