{
    "timestamp": "2025-11-07 18:39:10",
    "url": "http:\/\/3.17.144.50:5678\/webhook\/formulario-pdf?job_id=pdf_690e3ccde7f3f4.70728012",
    "http_code": 200,
    "curl_error": "",
    "response": "{\"message\":\"Workflow was started\"}",
    "curl_info": {
        "url": "http:\/\/3.17.144.50:5678\/webhook\/formulario-pdf?job_id=pdf_690e3ccde7f3f4.70728012",
        "content_type": "application\/json; charset=utf-8",
        "http_code": 200,
        "header_size": 500,
        "request_size": 24023,
        "filetime": -1,
        "ssl_verify_result": 0,
        "redirect_count": 0,
        "total_time": 0.104133,
        "namelookup_time": 5.5e-5,
        "connect_time": 0.030595,
        "pretransfer_time": 0.030787,
        "size_upload": 23725,
        "size_download": 34,
        "speed_download": 326,
        "speed_upload": 227833,
        "download_content_length": 34,
        "upload_content_length": 23725,
        "starttransfer_time": 0.104107,
        "redirect_time": 0,
        "redirect_url": "",
        "primary_ip": "3.17.144.50",
        "certinfo": [],
        "primary_port": 5678,
        "local_ip": "31.170.167.204",
        "local_port": 35630,
        "http_version": 2,
        "protocol": 1,
        "ssl_verifyresult": 0,
        "scheme": "http",
        "appconnect_time_us": 0,
        "connect_time_us": 30595,
        "namelookup_time_us": 55,
        "pretransfer_time_us": 30787,
        "redirect_time_us": 0,
        "starttransfer_time_us": 104107,
        "posttransfer_time_us": 30785,
        "total_time_us": 104133,
        "effective_method": "POST",
        "capath": "",
        "cainfo": "\/etc\/pki\/tls\/certs\/ca-bundle.crt"
    }
}