{
    "timestamp": "2026-01-25 23:31:24",
    "url": "http:\/\/3.17.144.50:5678\/webhook\/formulario-pdf?job_id=pdf_6976a7cc221fb5.20684958",
    "http_code": 200,
    "curl_error": "",
    "response": "{\"message\":\"Workflow was started\"}",
    "curl_info": {
        "url": "http:\/\/3.17.144.50:5678\/webhook\/formulario-pdf?job_id=pdf_6976a7cc221fb5.20684958",
        "content_type": "application\/json; charset=utf-8",
        "http_code": 200,
        "header_size": 500,
        "request_size": 192473,
        "filetime": -1,
        "ssl_verify_result": 0,
        "redirect_count": 0,
        "total_time": 0.10162,
        "namelookup_time": 4.6e-5,
        "connect_time": 0.030714,
        "pretransfer_time": 0.030966,
        "size_upload": 192174,
        "size_download": 34,
        "speed_download": 334,
        "speed_upload": 1891104,
        "download_content_length": 34,
        "upload_content_length": 192174,
        "starttransfer_time": 0.101588,
        "redirect_time": 0,
        "redirect_url": "",
        "primary_ip": "3.17.144.50",
        "certinfo": [],
        "primary_port": 5678,
        "local_ip": "195.35.61.111",
        "local_port": 50466,
        "http_version": 2,
        "protocol": 1,
        "ssl_verifyresult": 0,
        "scheme": "http",
        "appconnect_time_us": 0,
        "connect_time_us": 30714,
        "namelookup_time_us": 46,
        "pretransfer_time_us": 30966,
        "redirect_time_us": 0,
        "starttransfer_time_us": 101588,
        "posttransfer_time_us": 61810,
        "total_time_us": 101620,
        "effective_method": "POST",
        "capath": "",
        "cainfo": "\/etc\/pki\/tls\/certs\/ca-bundle.crt"
    }
}