{
    "timestamp": "2025-11-10 23:31:44",
    "url": "http:\/\/3.17.144.50:5678\/webhook\/formulario-pdf?job_id=pdf_691275dfb4d903.60167226",
    "http_code": 200,
    "curl_error": "",
    "response": "{\"message\":\"Workflow was started\"}",
    "curl_info": {
        "url": "http:\/\/3.17.144.50:5678\/webhook\/formulario-pdf?job_id=pdf_691275dfb4d903.60167226",
        "content_type": "application\/json; charset=utf-8",
        "http_code": 200,
        "header_size": 525,
        "request_size": 4096777,
        "filetime": -1,
        "ssl_verify_result": 0,
        "redirect_count": 0,
        "total_time": 0.546132,
        "namelookup_time": 4.2e-5,
        "connect_time": 0.031026,
        "pretransfer_time": 0.031144,
        "size_upload": 4096455,
        "size_download": 34,
        "speed_download": 62,
        "speed_upload": 7500851,
        "download_content_length": 34,
        "upload_content_length": 4096455,
        "starttransfer_time": 0.061581,
        "redirect_time": 0,
        "redirect_url": "",
        "primary_ip": "3.17.144.50",
        "certinfo": [],
        "primary_port": 5678,
        "local_ip": "31.170.167.204",
        "local_port": 63488,
        "http_version": 2,
        "protocol": 1,
        "ssl_verifyresult": 0,
        "scheme": "http",
        "appconnect_time_us": 0,
        "connect_time_us": 31026,
        "namelookup_time_us": 42,
        "pretransfer_time_us": 31144,
        "redirect_time_us": 0,
        "starttransfer_time_us": 61581,
        "posttransfer_time_us": 300576,
        "total_time_us": 546132,
        "effective_method": "POST",
        "capath": "",
        "cainfo": "\/etc\/pki\/tls\/certs\/ca-bundle.crt"
    }
}