{
    "timestamp": "2026-01-26 01:47:33",
    "url": "http:\/\/3.17.144.50:5678\/webhook\/formulario-pdf?job_id=pdf_6976c7b5699228.76451738",
    "http_code": 200,
    "curl_error": "",
    "response": "{\"message\":\"Workflow was started\"}",
    "curl_info": {
        "url": "http:\/\/3.17.144.50:5678\/webhook\/formulario-pdf?job_id=pdf_6976c7b5699228.76451738",
        "content_type": "application\/json; charset=utf-8",
        "http_code": 200,
        "header_size": 500,
        "request_size": 213108,
        "filetime": -1,
        "ssl_verify_result": 0,
        "redirect_count": 0,
        "total_time": 0.078646,
        "namelookup_time": 4.0e-5,
        "connect_time": 0.030207,
        "pretransfer_time": 0.030383,
        "size_upload": 212866,
        "size_download": 34,
        "speed_download": 432,
        "speed_upload": 2706634,
        "download_content_length": 34,
        "upload_content_length": 212866,
        "starttransfer_time": 0.078606,
        "redirect_time": 0,
        "redirect_url": "",
        "primary_ip": "3.17.144.50",
        "certinfo": [],
        "primary_port": 5678,
        "local_ip": "195.35.61.111",
        "local_port": 24210,
        "http_version": 2,
        "protocol": 1,
        "ssl_verifyresult": 0,
        "scheme": "http",
        "appconnect_time_us": 0,
        "connect_time_us": 30207,
        "namelookup_time_us": 40,
        "pretransfer_time_us": 30383,
        "redirect_time_us": 0,
        "starttransfer_time_us": 78606,
        "posttransfer_time_us": 78643,
        "total_time_us": 78646,
        "effective_method": "POST",
        "capath": "",
        "cainfo": "\/etc\/pki\/tls\/certs\/ca-bundle.crt"
    }
}