{
    "timestamp": "2025-12-12 02:46:00",
    "url": "http:\/\/3.17.144.50:5678\/webhook\/formulario-pdf?job_id=pdf_693b81e84d3418.06667632",
    "http_code": 200,
    "curl_error": "",
    "response": "{\"message\":\"Workflow was started\"}",
    "curl_info": {
        "url": "http:\/\/3.17.144.50:5678\/webhook\/formulario-pdf?job_id=pdf_693b81e84d3418.06667632",
        "content_type": "application\/json; charset=utf-8",
        "http_code": 200,
        "header_size": 500,
        "request_size": 199855,
        "filetime": -1,
        "ssl_verify_result": 0,
        "redirect_count": 0,
        "total_time": 0.194144,
        "namelookup_time": 4.1e-5,
        "connect_time": 0.030503,
        "pretransfer_time": 0.030745,
        "size_upload": 199556,
        "size_download": 34,
        "speed_download": 175,
        "speed_upload": 1027876,
        "download_content_length": 34,
        "upload_content_length": 199556,
        "starttransfer_time": 0.194118,
        "redirect_time": 0,
        "redirect_url": "",
        "primary_ip": "3.17.144.50",
        "certinfo": [],
        "primary_port": 5678,
        "local_ip": "31.170.167.204",
        "local_port": 36808,
        "http_version": 2,
        "protocol": 1,
        "ssl_verifyresult": 0,
        "scheme": "http",
        "appconnect_time_us": 0,
        "connect_time_us": 30503,
        "namelookup_time_us": 41,
        "pretransfer_time_us": 30745,
        "redirect_time_us": 0,
        "starttransfer_time_us": 194118,
        "posttransfer_time_us": 92667,
        "total_time_us": 194144,
        "effective_method": "POST",
        "capath": "",
        "cainfo": "\/etc\/pki\/tls\/certs\/ca-bundle.crt"
    }
}