{
    "timestamp": "2025-11-29 21:51:34",
    "url": "http:\/\/3.17.144.50:5678\/webhook\/formulario-pdf?job_id=pdf_692b6ae5d414a9.40866967",
    "http_code": 200,
    "curl_error": "",
    "response": "{\"message\":\"Workflow was started\"}",
    "curl_info": {
        "url": "http:\/\/3.17.144.50:5678\/webhook\/formulario-pdf?job_id=pdf_692b6ae5d414a9.40866967",
        "content_type": "application\/json; charset=utf-8",
        "http_code": 200,
        "header_size": 500,
        "request_size": 193055,
        "filetime": -1,
        "ssl_verify_result": 0,
        "redirect_count": 0,
        "total_time": 0.197386,
        "namelookup_time": 4.0e-5,
        "connect_time": 0.031159,
        "pretransfer_time": 0.031368,
        "size_upload": 192756,
        "size_download": 34,
        "speed_download": 172,
        "speed_upload": 976543,
        "download_content_length": 34,
        "upload_content_length": 192756,
        "starttransfer_time": 0.197366,
        "redirect_time": 0,
        "redirect_url": "",
        "primary_ip": "3.17.144.50",
        "certinfo": [],
        "primary_port": 5678,
        "local_ip": "31.170.167.204",
        "local_port": 51152,
        "http_version": 2,
        "protocol": 1,
        "ssl_verifyresult": 0,
        "scheme": "http",
        "appconnect_time_us": 0,
        "connect_time_us": 31159,
        "namelookup_time_us": 40,
        "pretransfer_time_us": 31368,
        "redirect_time_us": 0,
        "starttransfer_time_us": 197366,
        "posttransfer_time_us": 62439,
        "total_time_us": 197386,
        "effective_method": "POST",
        "capath": "",
        "cainfo": "\/etc\/pki\/tls\/certs\/ca-bundle.crt"
    }
}