{
    "timestamp": "2025-11-21 02:36:28",
    "url": "http:\/\/3.17.144.50:5678\/webhook\/formulario-pdf?job_id=pdf_691fd02c0bdbd9.34759156",
    "http_code": 200,
    "curl_error": "",
    "response": "{\"message\":\"Workflow was started\"}",
    "curl_info": {
        "url": "http:\/\/3.17.144.50:5678\/webhook\/formulario-pdf?job_id=pdf_691fd02c0bdbd9.34759156",
        "content_type": "application\/json; charset=utf-8",
        "http_code": 200,
        "header_size": 525,
        "request_size": 3920246,
        "filetime": -1,
        "ssl_verify_result": 0,
        "redirect_count": 0,
        "total_time": 0.399257,
        "namelookup_time": 4.3e-5,
        "connect_time": 0.030449,
        "pretransfer_time": 0.030559,
        "size_upload": 3919924,
        "size_download": 34,
        "speed_download": 85,
        "speed_upload": 9818047,
        "download_content_length": 34,
        "upload_content_length": 3919924,
        "starttransfer_time": 0.061024,
        "redirect_time": 0,
        "redirect_url": "",
        "primary_ip": "3.17.144.50",
        "certinfo": [],
        "primary_port": 5678,
        "local_ip": "31.170.167.204",
        "local_port": 41610,
        "http_version": 2,
        "protocol": 1,
        "ssl_verifyresult": 0,
        "scheme": "http",
        "appconnect_time_us": 0,
        "connect_time_us": 30449,
        "namelookup_time_us": 43,
        "pretransfer_time_us": 30559,
        "redirect_time_us": 0,
        "starttransfer_time_us": 61024,
        "posttransfer_time_us": 284984,
        "total_time_us": 399257,
        "effective_method": "POST",
        "capath": "",
        "cainfo": "\/etc\/pki\/tls\/certs\/ca-bundle.crt"
    }
}