{
    "timestamp": "2025-12-12 01:47:04",
    "url": "http:\/\/3.17.144.50:5678\/webhook\/formulario-pdf?job_id=pdf_693b7417c13571.76501540",
    "http_code": 200,
    "curl_error": "",
    "response": "{\"message\":\"Workflow was started\"}",
    "curl_info": {
        "url": "http:\/\/3.17.144.50:5678\/webhook\/formulario-pdf?job_id=pdf_693b7417c13571.76501540",
        "content_type": "application\/json; charset=utf-8",
        "http_code": 200,
        "header_size": 500,
        "request_size": 199855,
        "filetime": -1,
        "ssl_verify_result": 0,
        "redirect_count": 0,
        "total_time": 0.200112,
        "namelookup_time": 3.9e-5,
        "connect_time": 0.030411,
        "pretransfer_time": 0.030568,
        "size_upload": 199556,
        "size_download": 34,
        "speed_download": 169,
        "speed_upload": 997221,
        "download_content_length": 34,
        "upload_content_length": 199556,
        "starttransfer_time": 0.200086,
        "redirect_time": 0,
        "redirect_url": "",
        "primary_ip": "3.17.144.50",
        "certinfo": [],
        "primary_port": 5678,
        "local_ip": "31.170.167.204",
        "local_port": 58234,
        "http_version": 2,
        "protocol": 1,
        "ssl_verifyresult": 0,
        "scheme": "http",
        "appconnect_time_us": 0,
        "connect_time_us": 30411,
        "namelookup_time_us": 39,
        "pretransfer_time_us": 30568,
        "redirect_time_us": 0,
        "starttransfer_time_us": 200086,
        "posttransfer_time_us": 92884,
        "total_time_us": 200112,
        "effective_method": "POST",
        "capath": "",
        "cainfo": "\/etc\/pki\/tls\/certs\/ca-bundle.crt"
    }
}