{
    "timestamp": "2025-11-21 03:20:12",
    "url": "http:\/\/3.17.144.50:5678\/webhook\/formulario-pdf?job_id=pdf_691fda6c10eb21.67512412",
    "http_code": 200,
    "curl_error": "",
    "response": "{\"message\":\"Workflow was started\"}",
    "curl_info": {
        "url": "http:\/\/3.17.144.50:5678\/webhook\/formulario-pdf?job_id=pdf_691fda6c10eb21.67512412",
        "content_type": "application\/json; charset=utf-8",
        "http_code": 200,
        "header_size": 525,
        "request_size": 3920246,
        "filetime": -1,
        "ssl_verify_result": 0,
        "redirect_count": 0,
        "total_time": 0.480544,
        "namelookup_time": 5.2e-5,
        "connect_time": 0.030624,
        "pretransfer_time": 0.030727,
        "size_upload": 3919924,
        "size_download": 34,
        "speed_download": 70,
        "speed_upload": 8157263,
        "download_content_length": 34,
        "upload_content_length": 3919924,
        "starttransfer_time": 0.061573,
        "redirect_time": 0,
        "redirect_url": "",
        "primary_ip": "3.17.144.50",
        "certinfo": [],
        "primary_port": 5678,
        "local_ip": "31.170.167.204",
        "local_port": 60940,
        "http_version": 2,
        "protocol": 1,
        "ssl_verifyresult": 0,
        "scheme": "http",
        "appconnect_time_us": 0,
        "connect_time_us": 30624,
        "namelookup_time_us": 52,
        "pretransfer_time_us": 30727,
        "redirect_time_us": 0,
        "starttransfer_time_us": 61573,
        "posttransfer_time_us": 291120,
        "total_time_us": 480544,
        "effective_method": "POST",
        "capath": "",
        "cainfo": "\/etc\/pki\/tls\/certs\/ca-bundle.crt"
    }
}