{
    "timestamp": "2025-12-12 02:36:36",
    "url": "http:\/\/3.17.144.50:5678\/webhook\/formulario-pdf?job_id=pdf_693b7fb3aaada4.78831665",
    "http_code": 200,
    "curl_error": "",
    "response": "{\"message\":\"Workflow was started\"}",
    "curl_info": {
        "url": "http:\/\/3.17.144.50:5678\/webhook\/formulario-pdf?job_id=pdf_693b7fb3aaada4.78831665",
        "content_type": "application\/json; charset=utf-8",
        "http_code": 200,
        "header_size": 525,
        "request_size": 3920245,
        "filetime": -1,
        "ssl_verify_result": 0,
        "redirect_count": 0,
        "total_time": 0.632607,
        "namelookup_time": 4.5e-5,
        "connect_time": 0.030048,
        "pretransfer_time": 0.030189,
        "size_upload": 3919923,
        "size_download": 34,
        "speed_download": 53,
        "speed_upload": 6196458,
        "download_content_length": 34,
        "upload_content_length": 3919923,
        "starttransfer_time": 0.061155,
        "redirect_time": 0,
        "redirect_url": "",
        "primary_ip": "3.17.144.50",
        "certinfo": [],
        "primary_port": 5678,
        "local_ip": "31.170.167.204",
        "local_port": 28928,
        "http_version": 2,
        "protocol": 1,
        "ssl_verifyresult": 0,
        "scheme": "http",
        "appconnect_time_us": 0,
        "connect_time_us": 30048,
        "namelookup_time_us": 45,
        "pretransfer_time_us": 30189,
        "redirect_time_us": 0,
        "starttransfer_time_us": 61155,
        "posttransfer_time_us": 293977,
        "total_time_us": 632607,
        "effective_method": "POST",
        "capath": "",
        "cainfo": "\/etc\/pki\/tls\/certs\/ca-bundle.crt"
    }
}