{
    "timestamp": "2025-11-29 23:54:28",
    "url": "http:\/\/3.17.144.50:5678\/webhook\/formulario-pdf?job_id=pdf_692b87b4b08734.58337128",
    "http_code": 200,
    "curl_error": "",
    "response": "{\"message\":\"Workflow was started\"}",
    "curl_info": {
        "url": "http:\/\/3.17.144.50:5678\/webhook\/formulario-pdf?job_id=pdf_692b87b4b08734.58337128",
        "content_type": "application\/json; charset=utf-8",
        "http_code": 200,
        "header_size": 500,
        "request_size": 192473,
        "filetime": -1,
        "ssl_verify_result": 0,
        "redirect_count": 0,
        "total_time": 0.191923,
        "namelookup_time": 6.9e-5,
        "connect_time": 0.030109,
        "pretransfer_time": 0.030301,
        "size_upload": 192174,
        "size_download": 34,
        "speed_download": 177,
        "speed_upload": 1001307,
        "download_content_length": 34,
        "upload_content_length": 192174,
        "starttransfer_time": 0.191905,
        "redirect_time": 0,
        "redirect_url": "",
        "primary_ip": "3.17.144.50",
        "certinfo": [],
        "primary_port": 5678,
        "local_ip": "31.170.167.204",
        "local_port": 38872,
        "http_version": 2,
        "protocol": 1,
        "ssl_verifyresult": 0,
        "scheme": "http",
        "appconnect_time_us": 0,
        "connect_time_us": 30109,
        "namelookup_time_us": 69,
        "pretransfer_time_us": 30301,
        "redirect_time_us": 0,
        "starttransfer_time_us": 191905,
        "posttransfer_time_us": 61282,
        "total_time_us": 191923,
        "effective_method": "POST",
        "capath": "",
        "cainfo": "\/etc\/pki\/tls\/certs\/ca-bundle.crt"
    }
}