{
    "timestamp": "2025-11-05 20:42:07",
    "url": "http:\/\/3.17.144.50:5678\/webhook\/formulario-pdf?job_id=pdf_690bb69f2f8421.16002670",
    "http_code": 200,
    "curl_error": "",
    "response": "{\"message\":\"Workflow was started\"}",
    "curl_info": {
        "url": "http:\/\/3.17.144.50:5678\/webhook\/formulario-pdf?job_id=pdf_690bb69f2f8421.16002670",
        "content_type": "application\/json; charset=utf-8",
        "http_code": 200,
        "header_size": 500,
        "request_size": 24023,
        "filetime": -1,
        "ssl_verify_result": 0,
        "redirect_count": 0,
        "total_time": 0.096942,
        "namelookup_time": 4.4e-5,
        "connect_time": 0.029021,
        "pretransfer_time": 0.029219,
        "size_upload": 23725,
        "size_download": 34,
        "speed_download": 350,
        "speed_upload": 244733,
        "download_content_length": 34,
        "upload_content_length": 23725,
        "starttransfer_time": 0.096908,
        "redirect_time": 0,
        "redirect_url": "",
        "primary_ip": "3.17.144.50",
        "certinfo": [],
        "primary_port": 5678,
        "local_ip": "31.170.167.204",
        "local_port": 64384,
        "http_version": 2,
        "protocol": 1,
        "ssl_verifyresult": 0,
        "scheme": "http",
        "appconnect_time_us": 0,
        "connect_time_us": 29021,
        "namelookup_time_us": 44,
        "pretransfer_time_us": 29219,
        "redirect_time_us": 0,
        "starttransfer_time_us": 96908,
        "posttransfer_time_us": 29218,
        "total_time_us": 96942,
        "effective_method": "POST",
        "capath": "",
        "cainfo": "\/etc\/pki\/tls\/certs\/ca-bundle.crt"
    }
}