{
    "timestamp": "2025-12-08 17:44:53",
    "url": "http:\/\/3.17.144.50:5678\/webhook\/formulario-pdf?job_id=pdf_69370e95358942.07961537",
    "http_code": 200,
    "curl_error": "",
    "response": "{\"message\":\"Workflow was started\"}",
    "curl_info": {
        "url": "http:\/\/3.17.144.50:5678\/webhook\/formulario-pdf?job_id=pdf_69370e95358942.07961537",
        "content_type": "application\/json; charset=utf-8",
        "http_code": 200,
        "header_size": 525,
        "request_size": 6112057,
        "filetime": -1,
        "ssl_verify_result": 0,
        "redirect_count": 0,
        "total_time": 0.621634,
        "namelookup_time": 4.6e-5,
        "connect_time": 0.030207,
        "pretransfer_time": 0.030317,
        "size_upload": 6111735,
        "size_download": 34,
        "speed_download": 54,
        "speed_upload": 9831725,
        "download_content_length": 34,
        "upload_content_length": 6111735,
        "starttransfer_time": 0.06157,
        "redirect_time": 0,
        "redirect_url": "",
        "primary_ip": "3.17.144.50",
        "certinfo": [],
        "primary_port": 5678,
        "local_ip": "31.170.167.204",
        "local_port": 23428,
        "http_version": 2,
        "protocol": 1,
        "ssl_verifyresult": 0,
        "scheme": "http",
        "appconnect_time_us": 0,
        "connect_time_us": 30207,
        "namelookup_time_us": 46,
        "pretransfer_time_us": 30317,
        "redirect_time_us": 0,
        "starttransfer_time_us": 61570,
        "posttransfer_time_us": 344063,
        "total_time_us": 621634,
        "effective_method": "POST",
        "capath": "",
        "cainfo": "\/etc\/pki\/tls\/certs\/ca-bundle.crt"
    }
}