{
    "timestamp": "2025-11-21 02:38:05",
    "url": "http:\/\/3.17.144.50:5678\/webhook\/formulario-pdf?job_id=pdf_691fd08d258431.67758558",
    "http_code": 200,
    "curl_error": "",
    "response": "{\"message\":\"Workflow was started\"}",
    "curl_info": {
        "url": "http:\/\/3.17.144.50:5678\/webhook\/formulario-pdf?job_id=pdf_691fd08d258431.67758558",
        "content_type": "application\/json; charset=utf-8",
        "http_code": 200,
        "header_size": 525,
        "request_size": 3920246,
        "filetime": -1,
        "ssl_verify_result": 0,
        "redirect_count": 0,
        "total_time": 0.422784,
        "namelookup_time": 6.3e-5,
        "connect_time": 0.033319,
        "pretransfer_time": 0.033459,
        "size_upload": 3919924,
        "size_download": 34,
        "speed_download": 80,
        "speed_upload": 9271694,
        "download_content_length": 34,
        "upload_content_length": 3919924,
        "starttransfer_time": 0.065134,
        "redirect_time": 0,
        "redirect_url": "",
        "primary_ip": "3.17.144.50",
        "certinfo": [],
        "primary_port": 5678,
        "local_ip": "31.170.167.204",
        "local_port": 44910,
        "http_version": 2,
        "protocol": 1,
        "ssl_verifyresult": 0,
        "scheme": "http",
        "appconnect_time_us": 0,
        "connect_time_us": 33319,
        "namelookup_time_us": 63,
        "pretransfer_time_us": 33459,
        "redirect_time_us": 0,
        "starttransfer_time_us": 65134,
        "posttransfer_time_us": 300122,
        "total_time_us": 422784,
        "effective_method": "POST",
        "capath": "",
        "cainfo": "\/etc\/pki\/tls\/certs\/ca-bundle.crt"
    }
}