{
    "timestamp": "2025-10-29 04:32:35",
    "url": "http:\/\/3.17.144.50:5678\/webhook\/formulario-pdf?job_id=pdf_690198e32868d7.77032943",
    "http_code": 200,
    "curl_error": "",
    "response": "{\"message\":\"Workflow was started\"}",
    "curl_info": {
        "url": "http:\/\/3.17.144.50:5678\/webhook\/formulario-pdf?job_id=pdf_690198e32868d7.77032943",
        "content_type": "application\/json; charset=utf-8",
        "http_code": 200,
        "header_size": 500,
        "request_size": 33467,
        "filetime": -1,
        "ssl_verify_result": 0,
        "redirect_count": 0,
        "total_time": 0.09516,
        "namelookup_time": 6.5e-5,
        "connect_time": 0.029083,
        "pretransfer_time": 0.029321,
        "size_upload": 33169,
        "size_download": 34,
        "speed_download": 357,
        "speed_upload": 348560,
        "download_content_length": 34,
        "upload_content_length": 33169,
        "starttransfer_time": 0.095133,
        "redirect_time": 0,
        "redirect_url": "",
        "primary_ip": "3.17.144.50",
        "certinfo": [],
        "primary_port": 5678,
        "local_ip": "31.170.167.204",
        "local_port": 25226,
        "http_version": 2,
        "protocol": 1,
        "ssl_verifyresult": 0,
        "scheme": "http",
        "appconnect_time_us": 0,
        "connect_time_us": 29083,
        "namelookup_time_us": 65,
        "pretransfer_time_us": 29321,
        "redirect_time_us": 0,
        "starttransfer_time_us": 95133,
        "posttransfer_time_us": 29320,
        "total_time_us": 95160,
        "effective_method": "POST",
        "capath": "",
        "cainfo": "\/etc\/pki\/tls\/certs\/ca-bundle.crt"
    }
}