{
    "timestamp": "2025-10-29 18:20:32",
    "url": "http:\/\/3.17.144.50:5678\/webhook\/formulario-pdf?job_id=pdf_69025af05adc90.90343025",
    "http_code": 200,
    "curl_error": "",
    "response": "{\"message\":\"Workflow was started\"}",
    "curl_info": {
        "url": "http:\/\/3.17.144.50:5678\/webhook\/formulario-pdf?job_id=pdf_69025af05adc90.90343025",
        "content_type": "application\/json; charset=utf-8",
        "http_code": 200,
        "header_size": 500,
        "request_size": 31387,
        "filetime": -1,
        "ssl_verify_result": 0,
        "redirect_count": 0,
        "total_time": 0.09734,
        "namelookup_time": 5.8e-5,
        "connect_time": 0.030455,
        "pretransfer_time": 0.030677,
        "size_upload": 31089,
        "size_download": 34,
        "speed_download": 349,
        "speed_upload": 319385,
        "download_content_length": 34,
        "upload_content_length": 31089,
        "starttransfer_time": 0.097313,
        "redirect_time": 0,
        "redirect_url": "",
        "primary_ip": "3.17.144.50",
        "certinfo": [],
        "primary_port": 5678,
        "local_ip": "31.170.167.204",
        "local_port": 41158,
        "http_version": 2,
        "protocol": 1,
        "ssl_verifyresult": 0,
        "scheme": "http",
        "appconnect_time_us": 0,
        "connect_time_us": 30455,
        "namelookup_time_us": 58,
        "pretransfer_time_us": 30677,
        "redirect_time_us": 0,
        "starttransfer_time_us": 97313,
        "posttransfer_time_us": 30676,
        "total_time_us": 97340,
        "effective_method": "POST",
        "capath": "",
        "cainfo": "\/etc\/pki\/tls\/certs\/ca-bundle.crt"
    }
}