{
    "timestamp": "2026-01-11 18:55:16",
    "url": "http:\/\/3.17.144.50:5678\/webhook\/formulario-pdf?job_id=pdf_6963f214954356.61736673",
    "http_code": 200,
    "curl_error": "",
    "response": "{\"message\":\"Workflow was started\"}",
    "curl_info": {
        "url": "http:\/\/3.17.144.50:5678\/webhook\/formulario-pdf?job_id=pdf_6963f214954356.61736673",
        "content_type": "application\/json; charset=utf-8",
        "http_code": 200,
        "header_size": 500,
        "request_size": 192473,
        "filetime": -1,
        "ssl_verify_result": 0,
        "redirect_count": 0,
        "total_time": 0.241336,
        "namelookup_time": 4.0e-5,
        "connect_time": 0.029562,
        "pretransfer_time": 0.029727,
        "size_upload": 192174,
        "size_download": 34,
        "speed_download": 140,
        "speed_upload": 796292,
        "download_content_length": 34,
        "upload_content_length": 192174,
        "starttransfer_time": 0.241304,
        "redirect_time": 0,
        "redirect_url": "",
        "primary_ip": "3.17.144.50",
        "certinfo": [],
        "primary_port": 5678,
        "local_ip": "31.170.167.204",
        "local_port": 32264,
        "http_version": 2,
        "protocol": 1,
        "ssl_verifyresult": 0,
        "scheme": "http",
        "appconnect_time_us": 0,
        "connect_time_us": 29562,
        "namelookup_time_us": 40,
        "pretransfer_time_us": 29727,
        "redirect_time_us": 0,
        "starttransfer_time_us": 241304,
        "posttransfer_time_us": 59797,
        "total_time_us": 241336,
        "effective_method": "POST",
        "capath": "",
        "cainfo": "\/etc\/pki\/tls\/certs\/ca-bundle.crt"
    }
}