{
    "timestamp": "2025-12-03 00:55:48",
    "url": "http:\/\/3.17.144.50:5678\/webhook\/formulario-pdf?job_id=pdf_692f8a9479ee61.35577314",
    "http_code": 200,
    "curl_error": "",
    "response": "{\"message\":\"Workflow was started\"}",
    "curl_info": {
        "url": "http:\/\/3.17.144.50:5678\/webhook\/formulario-pdf?job_id=pdf_692f8a9479ee61.35577314",
        "content_type": "application\/json; charset=utf-8",
        "http_code": 200,
        "header_size": 500,
        "request_size": 213035,
        "filetime": -1,
        "ssl_verify_result": 0,
        "redirect_count": 0,
        "total_time": 0.220959,
        "namelookup_time": 6.5e-5,
        "connect_time": 0.029702,
        "pretransfer_time": 0.029934,
        "size_upload": 212736,
        "size_download": 34,
        "speed_download": 153,
        "speed_upload": 962784,
        "download_content_length": 34,
        "upload_content_length": 212736,
        "starttransfer_time": 0.220933,
        "redirect_time": 0,
        "redirect_url": "",
        "primary_ip": "3.17.144.50",
        "certinfo": [],
        "primary_port": 5678,
        "local_ip": "31.170.167.204",
        "local_port": 22508,
        "http_version": 2,
        "protocol": 1,
        "ssl_verifyresult": 0,
        "scheme": "http",
        "appconnect_time_us": 0,
        "connect_time_us": 29702,
        "namelookup_time_us": 65,
        "pretransfer_time_us": 29934,
        "redirect_time_us": 0,
        "starttransfer_time_us": 220933,
        "posttransfer_time_us": 89918,
        "total_time_us": 220959,
        "effective_method": "POST",
        "capath": "",
        "cainfo": "\/etc\/pki\/tls\/certs\/ca-bundle.crt"
    }
}