{
    "timestamp": "2026-05-27 21:51:52",
    "url": "http:\/\/44.220.84.111:5678\/webhook\/82921b6e-dc98-46b7-a6d6-d241d0512deb?job_id=pdf_6a1767784082f9.75986915",
    "http_code": 200,
    "curl_error": "",
    "response": true,
    "curl_info": {
        "url": "http:\/\/44.220.84.111:5678\/webhook\/82921b6e-dc98-46b7-a6d6-d241d0512deb?job_id=pdf_6a1767784082f9.75986915",
        "content_type": "application\/json; charset=utf-8",
        "http_code": 200,
        "header_size": 535,
        "request_size": 1645035,
        "filetime": -1,
        "ssl_verify_result": 0,
        "redirect_count": 0,
        "total_time": 0.144245,
        "namelookup_time": 0,
        "connect_time": 0,
        "pretransfer_time": 0.000143,
        "size_upload": 1644734,
        "size_download": 34,
        "speed_download": 235,
        "speed_upload": 11402364,
        "download_content_length": 34,
        "upload_content_length": 1644734,
        "starttransfer_time": 0.018769,
        "redirect_time": 0,
        "redirect_url": "",
        "primary_ip": "44.220.84.111",
        "certinfo": [],
        "primary_port": 5678,
        "local_ip": "195.35.61.111",
        "local_port": 20258,
        "http_version": 2,
        "protocol": 1,
        "ssl_verifyresult": 0,
        "scheme": "http",
        "appconnect_time_us": 0,
        "connect_time_us": 0,
        "namelookup_time_us": 0,
        "pretransfer_time_us": 143,
        "redirect_time_us": 0,
        "starttransfer_time_us": 18769,
        "posttransfer_time_us": 20409,
        "total_time_us": 144245,
        "effective_method": "POST",
        "capath": "",
        "cainfo": "\/etc\/pki\/tls\/certs\/ca-bundle.crt"
    }
}