{
    "timestamp": "2025-12-12 02:10:10",
    "url": "http:\/\/3.17.144.50:5678\/webhook\/formulario-pdf?job_id=pdf_693b7981e0bde0.02450154",
    "http_code": 200,
    "curl_error": "",
    "response": "{\"message\":\"Workflow was started\"}",
    "curl_info": {
        "url": "http:\/\/3.17.144.50:5678\/webhook\/formulario-pdf?job_id=pdf_693b7981e0bde0.02450154",
        "content_type": "application\/json; charset=utf-8",
        "http_code": 200,
        "header_size": 500,
        "request_size": 193055,
        "filetime": -1,
        "ssl_verify_result": 0,
        "redirect_count": 0,
        "total_time": 0.197348,
        "namelookup_time": 6.4e-5,
        "connect_time": 0.030895,
        "pretransfer_time": 0.031151,
        "size_upload": 192756,
        "size_download": 34,
        "speed_download": 172,
        "speed_upload": 976731,
        "download_content_length": 34,
        "upload_content_length": 192756,
        "starttransfer_time": 0.197311,
        "redirect_time": 0,
        "redirect_url": "",
        "primary_ip": "3.17.144.50",
        "certinfo": [],
        "primary_port": 5678,
        "local_ip": "31.170.167.204",
        "local_port": 59714,
        "http_version": 2,
        "protocol": 1,
        "ssl_verifyresult": 0,
        "scheme": "http",
        "appconnect_time_us": 0,
        "connect_time_us": 30895,
        "namelookup_time_us": 64,
        "pretransfer_time_us": 31151,
        "redirect_time_us": 0,
        "starttransfer_time_us": 197311,
        "posttransfer_time_us": 62538,
        "total_time_us": 197348,
        "effective_method": "POST",
        "capath": "",
        "cainfo": "\/etc\/pki\/tls\/certs\/ca-bundle.crt"
    }
}