{
    "timestamp": "2025-11-27 04:40:35",
    "url": "http:\/\/3.17.144.50:5678\/webhook\/formulario-pdf?job_id=pdf_6927d642d7ade8.04402445",
    "http_code": 200,
    "curl_error": "",
    "response": "{\"message\":\"Workflow was started\"}",
    "curl_info": {
        "url": "http:\/\/3.17.144.50:5678\/webhook\/formulario-pdf?job_id=pdf_6927d642d7ade8.04402445",
        "content_type": "application\/json; charset=utf-8",
        "http_code": 200,
        "header_size": 500,
        "request_size": 377852,
        "filetime": -1,
        "ssl_verify_result": 0,
        "redirect_count": 0,
        "total_time": 0.216658,
        "namelookup_time": 5.1e-5,
        "connect_time": 0.028891,
        "pretransfer_time": 0.029066,
        "size_upload": 377553,
        "size_download": 34,
        "speed_download": 156,
        "speed_upload": 1742622,
        "download_content_length": 34,
        "upload_content_length": 377553,
        "starttransfer_time": 0.21663,
        "redirect_time": 0,
        "redirect_url": "",
        "primary_ip": "3.17.144.50",
        "certinfo": [],
        "primary_port": 5678,
        "local_ip": "31.170.167.204",
        "local_port": 22028,
        "http_version": 2,
        "protocol": 1,
        "ssl_verifyresult": 0,
        "scheme": "http",
        "appconnect_time_us": 0,
        "connect_time_us": 28891,
        "namelookup_time_us": 51,
        "pretransfer_time_us": 29066,
        "redirect_time_us": 0,
        "starttransfer_time_us": 216630,
        "posttransfer_time_us": 100226,
        "total_time_us": 216658,
        "effective_method": "POST",
        "capath": "",
        "cainfo": "\/etc\/pki\/tls\/certs\/ca-bundle.crt"
    }
}