{
    "timestamp": "2025-11-24 04:16:00",
    "url": "http:\/\/3.17.144.50:5678\/webhook\/formulario-pdf?job_id=pdf_6923dbffeeaa02.19073659",
    "http_code": 200,
    "curl_error": "",
    "response": "{\"message\":\"Workflow was started\"}",
    "curl_info": {
        "url": "http:\/\/3.17.144.50:5678\/webhook\/formulario-pdf?job_id=pdf_6923dbffeeaa02.19073659",
        "content_type": "application\/json; charset=utf-8",
        "http_code": 200,
        "header_size": 500,
        "request_size": 500684,
        "filetime": -1,
        "ssl_verify_result": 0,
        "redirect_count": 0,
        "total_time": 0.249276,
        "namelookup_time": 5.7e-5,
        "connect_time": 0.031796,
        "pretransfer_time": 0.032,
        "size_upload": 500385,
        "size_download": 34,
        "speed_download": 136,
        "speed_upload": 2007353,
        "download_content_length": 34,
        "upload_content_length": 500385,
        "starttransfer_time": 0.249254,
        "redirect_time": 0,
        "redirect_url": "",
        "primary_ip": "3.17.144.50",
        "certinfo": [],
        "primary_port": 5678,
        "local_ip": "31.170.167.204",
        "local_port": 55810,
        "http_version": 2,
        "protocol": 1,
        "ssl_verifyresult": 0,
        "scheme": "http",
        "appconnect_time_us": 0,
        "connect_time_us": 31796,
        "namelookup_time_us": 57,
        "pretransfer_time_us": 32000,
        "redirect_time_us": 0,
        "starttransfer_time_us": 249254,
        "posttransfer_time_us": 134627,
        "total_time_us": 249276,
        "effective_method": "POST",
        "capath": "",
        "cainfo": "\/etc\/pki\/tls\/certs\/ca-bundle.crt"
    }
}