{
    "timestamp": "2025-11-06 02:39:37",
    "url": "http:\/\/3.17.144.50:5678\/webhook\/formulario-pdf?job_id=pdf_690c0a68e09297.41933803",
    "http_code": 200,
    "curl_error": "",
    "response": "{\"message\":\"Workflow was started\"}",
    "curl_info": {
        "url": "http:\/\/3.17.144.50:5678\/webhook\/formulario-pdf?job_id=pdf_690c0a68e09297.41933803",
        "content_type": "application\/json; charset=utf-8",
        "http_code": 200,
        "header_size": 525,
        "request_size": 3920246,
        "filetime": -1,
        "ssl_verify_result": 0,
        "redirect_count": 0,
        "total_time": 0.407102,
        "namelookup_time": 4.4e-5,
        "connect_time": 0.030047,
        "pretransfer_time": 0.030163,
        "size_upload": 3919924,
        "size_download": 34,
        "speed_download": 83,
        "speed_upload": 9628849,
        "download_content_length": 34,
        "upload_content_length": 3919924,
        "starttransfer_time": 0.061484,
        "redirect_time": 0,
        "redirect_url": "",
        "primary_ip": "3.17.144.50",
        "certinfo": [],
        "primary_port": 5678,
        "local_ip": "31.170.167.204",
        "local_port": 45364,
        "http_version": 2,
        "protocol": 1,
        "ssl_verifyresult": 0,
        "scheme": "http",
        "appconnect_time_us": 0,
        "connect_time_us": 30047,
        "namelookup_time_us": 44,
        "pretransfer_time_us": 30163,
        "redirect_time_us": 0,
        "starttransfer_time_us": 61484,
        "posttransfer_time_us": 295963,
        "total_time_us": 407102,
        "effective_method": "POST",
        "capath": "",
        "cainfo": "\/etc\/pki\/tls\/certs\/ca-bundle.crt"
    }
}