{
    "timestamp": "2025-10-29 19:27:19",
    "url": "http:\/\/3.17.144.50:5678\/webhook\/formulario-pdf?job_id=pdf_69026a9794ac56.67090955",
    "http_code": 200,
    "curl_error": "",
    "response": "{\"message\":\"Workflow was started\"}",
    "curl_info": {
        "url": "http:\/\/3.17.144.50:5678\/webhook\/formulario-pdf?job_id=pdf_69026a9794ac56.67090955",
        "content_type": "application\/json; charset=utf-8",
        "http_code": 200,
        "header_size": 500,
        "request_size": 32189,
        "filetime": -1,
        "ssl_verify_result": 0,
        "redirect_count": 0,
        "total_time": 0.094176,
        "namelookup_time": 6.1e-5,
        "connect_time": 0.029407,
        "pretransfer_time": 0.029595,
        "size_upload": 31891,
        "size_download": 34,
        "speed_download": 361,
        "speed_upload": 338631,
        "download_content_length": 34,
        "upload_content_length": 31891,
        "starttransfer_time": 0.094148,
        "redirect_time": 0,
        "redirect_url": "",
        "primary_ip": "3.17.144.50",
        "certinfo": [],
        "primary_port": 5678,
        "local_ip": "31.170.167.204",
        "local_port": 45560,
        "http_version": 2,
        "protocol": 1,
        "ssl_verifyresult": 0,
        "scheme": "http",
        "appconnect_time_us": 0,
        "connect_time_us": 29407,
        "namelookup_time_us": 61,
        "pretransfer_time_us": 29595,
        "redirect_time_us": 0,
        "starttransfer_time_us": 94148,
        "posttransfer_time_us": 29593,
        "total_time_us": 94176,
        "effective_method": "POST",
        "capath": "",
        "cainfo": "\/etc\/pki\/tls\/certs\/ca-bundle.crt"
    }
}