{
    "timestamp": "2026-01-04 19:15:41",
    "url": "http:\/\/3.17.144.50:5678\/webhook\/formulario-pdf?job_id=pdf_695abc5d7038a5.65672623",
    "http_code": 0,
    "curl_error": "Failed to connect to 3.17.144.50 port 5678 after 29 ms: Could not connect to server",
    "response": false,
    "curl_info": {
        "url": "http:\/\/3.17.144.50:5678\/webhook\/formulario-pdf?job_id=pdf_695abc5d7038a5.65672623",
        "content_type": null,
        "http_code": 0,
        "header_size": 0,
        "request_size": 0,
        "filetime": -1,
        "ssl_verify_result": 0,
        "redirect_count": 0,
        "total_time": 0.02922,
        "namelookup_time": 6.7e-5,
        "connect_time": 0,
        "pretransfer_time": 0,
        "size_upload": 0,
        "size_download": 0,
        "speed_download": 0,
        "speed_upload": 0,
        "download_content_length": -1,
        "upload_content_length": -1,
        "starttransfer_time": 0,
        "redirect_time": 0,
        "redirect_url": "",
        "primary_ip": "",
        "certinfo": [],
        "primary_port": -1,
        "local_ip": "",
        "local_port": -1,
        "http_version": 0,
        "protocol": 1,
        "ssl_verifyresult": 0,
        "scheme": "http",
        "appconnect_time_us": 0,
        "connect_time_us": 0,
        "namelookup_time_us": 67,
        "pretransfer_time_us": 0,
        "redirect_time_us": 0,
        "starttransfer_time_us": 0,
        "posttransfer_time_us": 0,
        "total_time_us": 29220,
        "effective_method": "POST",
        "capath": "",
        "cainfo": "\/etc\/pki\/tls\/certs\/ca-bundle.crt"
    }
}