{
    "timestamp": "2026-01-26 00:09:28",
    "url": "http:\/\/3.17.144.50:5678\/webhook\/formulario-pdf?job_id=pdf_6976b0b7f03e32.35770155",
    "http_code": 200,
    "curl_error": "",
    "response": "{\"message\":\"Workflow was started\"}",
    "curl_info": {
        "url": "http:\/\/3.17.144.50:5678\/webhook\/formulario-pdf?job_id=pdf_6976b0b7f03e32.35770155",
        "content_type": "application\/json; charset=utf-8",
        "http_code": 200,
        "header_size": 500,
        "request_size": 192473,
        "filetime": -1,
        "ssl_verify_result": 0,
        "redirect_count": 0,
        "total_time": 0.07715,
        "namelookup_time": 4.6e-5,
        "connect_time": 0.031724,
        "pretransfer_time": 0.032031,
        "size_upload": 192174,
        "size_download": 34,
        "speed_download": 440,
        "speed_upload": 2490913,
        "download_content_length": 34,
        "upload_content_length": 192174,
        "starttransfer_time": 0.077127,
        "redirect_time": 0,
        "redirect_url": "",
        "primary_ip": "3.17.144.50",
        "certinfo": [],
        "primary_port": 5678,
        "local_ip": "195.35.61.111",
        "local_port": 37724,
        "http_version": 2,
        "protocol": 1,
        "ssl_verifyresult": 0,
        "scheme": "http",
        "appconnect_time_us": 0,
        "connect_time_us": 31724,
        "namelookup_time_us": 46,
        "pretransfer_time_us": 32031,
        "redirect_time_us": 0,
        "starttransfer_time_us": 77127,
        "posttransfer_time_us": 63362,
        "total_time_us": 77150,
        "effective_method": "POST",
        "capath": "",
        "cainfo": "\/etc\/pki\/tls\/certs\/ca-bundle.crt"
    }
}