{
    "timestamp": "2026-01-26 00:06:34",
    "url": "http:\/\/3.17.144.50:5678\/webhook\/formulario-pdf?job_id=pdf_6976b00a9a1e43.71130912",
    "http_code": 200,
    "curl_error": "",
    "response": "{\"message\":\"Workflow was started\"}",
    "curl_info": {
        "url": "http:\/\/3.17.144.50:5678\/webhook\/formulario-pdf?job_id=pdf_6976b00a9a1e43.71130912",
        "content_type": "application\/json; charset=utf-8",
        "http_code": 200,
        "header_size": 500,
        "request_size": 193055,
        "filetime": -1,
        "ssl_verify_result": 0,
        "redirect_count": 0,
        "total_time": 0.082024,
        "namelookup_time": 5.2e-5,
        "connect_time": 0.032448,
        "pretransfer_time": 0.032625,
        "size_upload": 192756,
        "size_download": 34,
        "speed_download": 414,
        "speed_upload": 2349995,
        "download_content_length": 34,
        "upload_content_length": 192756,
        "starttransfer_time": 0.082003,
        "redirect_time": 0,
        "redirect_url": "",
        "primary_ip": "3.17.144.50",
        "certinfo": [],
        "primary_port": 5678,
        "local_ip": "195.35.61.111",
        "local_port": 19744,
        "http_version": 2,
        "protocol": 1,
        "ssl_verifyresult": 0,
        "scheme": "http",
        "appconnect_time_us": 0,
        "connect_time_us": 32448,
        "namelookup_time_us": 52,
        "pretransfer_time_us": 32625,
        "redirect_time_us": 0,
        "starttransfer_time_us": 82003,
        "posttransfer_time_us": 65340,
        "total_time_us": 82024,
        "effective_method": "POST",
        "capath": "",
        "cainfo": "\/etc\/pki\/tls\/certs\/ca-bundle.crt"
    }
}