{
    "timestamp": "2025-11-19 21:13:57",
    "url": "http:\/\/3.17.144.50:5678\/webhook\/formulario-pdf?job_id=pdf_691e3314f04ce8.66898581",
    "http_code": 200,
    "curl_error": "",
    "response": "{\"message\":\"Workflow was started\"}",
    "curl_info": {
        "url": "http:\/\/3.17.144.50:5678\/webhook\/formulario-pdf?job_id=pdf_691e3314f04ce8.66898581",
        "content_type": "application\/json; charset=utf-8",
        "http_code": 200,
        "header_size": 500,
        "request_size": 336537,
        "filetime": -1,
        "ssl_verify_result": 0,
        "redirect_count": 0,
        "total_time": 0.236238,
        "namelookup_time": 5.0e-5,
        "connect_time": 0.030244,
        "pretransfer_time": 0.030449,
        "size_upload": 336238,
        "size_download": 34,
        "speed_download": 143,
        "speed_upload": 1423301,
        "download_content_length": 34,
        "upload_content_length": 336238,
        "starttransfer_time": 0.236213,
        "redirect_time": 0,
        "redirect_url": "",
        "primary_ip": "3.17.144.50",
        "certinfo": [],
        "primary_port": 5678,
        "local_ip": "31.170.167.204",
        "local_port": 18232,
        "http_version": 2,
        "protocol": 1,
        "ssl_verifyresult": 0,
        "scheme": "http",
        "appconnect_time_us": 0,
        "connect_time_us": 30244,
        "namelookup_time_us": 50,
        "pretransfer_time_us": 30449,
        "redirect_time_us": 0,
        "starttransfer_time_us": 236213,
        "posttransfer_time_us": 104432,
        "total_time_us": 236238,
        "effective_method": "POST",
        "capath": "",
        "cainfo": "\/etc\/pki\/tls\/certs\/ca-bundle.crt"
    }
}