{
    "timestamp": "2025-12-04 23:48:47",
    "url": "http:\/\/3.17.144.50:5678\/webhook\/formulario-pdf?job_id=pdf_69321ddf4a5e56.61038022",
    "http_code": 200,
    "curl_error": "",
    "response": "{\"message\":\"Workflow was started\"}",
    "curl_info": {
        "url": "http:\/\/3.17.144.50:5678\/webhook\/formulario-pdf?job_id=pdf_69321ddf4a5e56.61038022",
        "content_type": "application\/json; charset=utf-8",
        "http_code": 200,
        "header_size": 500,
        "request_size": 213035,
        "filetime": -1,
        "ssl_verify_result": 0,
        "redirect_count": 0,
        "total_time": 0.199194,
        "namelookup_time": 5.8e-5,
        "connect_time": 0.030126,
        "pretransfer_time": 0.030365,
        "size_upload": 212736,
        "size_download": 34,
        "speed_download": 170,
        "speed_upload": 1067983,
        "download_content_length": 34,
        "upload_content_length": 212736,
        "starttransfer_time": 0.199174,
        "redirect_time": 0,
        "redirect_url": "",
        "primary_ip": "3.17.144.50",
        "certinfo": [],
        "primary_port": 5678,
        "local_ip": "31.170.167.204",
        "local_port": 41182,
        "http_version": 2,
        "protocol": 1,
        "ssl_verifyresult": 0,
        "scheme": "http",
        "appconnect_time_us": 0,
        "connect_time_us": 30126,
        "namelookup_time_us": 58,
        "pretransfer_time_us": 30365,
        "redirect_time_us": 0,
        "starttransfer_time_us": 199174,
        "posttransfer_time_us": 90117,
        "total_time_us": 199194,
        "effective_method": "POST",
        "capath": "",
        "cainfo": "\/etc\/pki\/tls\/certs\/ca-bundle.crt"
    }
}