{
    "timestamp": "2026-01-26 00:00:26",
    "url": "http:\/\/3.17.144.50:5678\/webhook\/formulario-pdf?job_id=pdf_6976ae99b3b905.16692002",
    "http_code": 200,
    "curl_error": "",
    "response": "{\"message\":\"Workflow was started\"}",
    "curl_info": {
        "url": "http:\/\/3.17.144.50:5678\/webhook\/formulario-pdf?job_id=pdf_6976ae99b3b905.16692002",
        "content_type": "application\/json; charset=utf-8",
        "http_code": 200,
        "header_size": 500,
        "request_size": 192473,
        "filetime": -1,
        "ssl_verify_result": 0,
        "redirect_count": 0,
        "total_time": 0.077046,
        "namelookup_time": 4.5e-5,
        "connect_time": 0.030565,
        "pretransfer_time": 0.030743,
        "size_upload": 192174,
        "size_download": 34,
        "speed_download": 441,
        "speed_upload": 2494276,
        "download_content_length": 34,
        "upload_content_length": 192174,
        "starttransfer_time": 0.077028,
        "redirect_time": 0,
        "redirect_url": "",
        "primary_ip": "3.17.144.50",
        "certinfo": [],
        "primary_port": 5678,
        "local_ip": "195.35.61.111",
        "local_port": 20824,
        "http_version": 2,
        "protocol": 1,
        "ssl_verifyresult": 0,
        "scheme": "http",
        "appconnect_time_us": 0,
        "connect_time_us": 30565,
        "namelookup_time_us": 45,
        "pretransfer_time_us": 30743,
        "redirect_time_us": 0,
        "starttransfer_time_us": 77028,
        "posttransfer_time_us": 61250,
        "total_time_us": 77046,
        "effective_method": "POST",
        "capath": "",
        "cainfo": "\/etc\/pki\/tls\/certs\/ca-bundle.crt"
    }
}