{
    "timestamp": "2025-11-21 21:01:38",
    "url": "http:\/\/3.17.144.50:5678\/webhook\/formulario-pdf?job_id=pdf_6920d331a70738.30380649",
    "http_code": 200,
    "curl_error": "",
    "response": "{\"message\":\"Workflow was started\"}",
    "curl_info": {
        "url": "http:\/\/3.17.144.50:5678\/webhook\/formulario-pdf?job_id=pdf_6920d331a70738.30380649",
        "content_type": "application\/json; charset=utf-8",
        "http_code": 200,
        "header_size": 525,
        "request_size": 3726507,
        "filetime": -1,
        "ssl_verify_result": 0,
        "redirect_count": 0,
        "total_time": 0.395111,
        "namelookup_time": 5.5e-5,
        "connect_time": 0.029974,
        "pretransfer_time": 0.030078,
        "size_upload": 3726185,
        "size_download": 34,
        "speed_download": 86,
        "speed_upload": 9430729,
        "download_content_length": 34,
        "upload_content_length": 3726185,
        "starttransfer_time": 0.060189,
        "redirect_time": 0,
        "redirect_url": "",
        "primary_ip": "3.17.144.50",
        "certinfo": [],
        "primary_port": 5678,
        "local_ip": "31.170.167.204",
        "local_port": 37232,
        "http_version": 2,
        "protocol": 1,
        "ssl_verifyresult": 0,
        "scheme": "http",
        "appconnect_time_us": 0,
        "connect_time_us": 29974,
        "namelookup_time_us": 55,
        "pretransfer_time_us": 30078,
        "redirect_time_us": 0,
        "starttransfer_time_us": 60189,
        "posttransfer_time_us": 276822,
        "total_time_us": 395111,
        "effective_method": "POST",
        "capath": "",
        "cainfo": "\/etc\/pki\/tls\/certs\/ca-bundle.crt"
    }
}