{
    "timestamp": "2025-11-30 05:14:00",
    "url": "http:\/\/3.17.144.50:5678\/webhook\/formulario-pdf?job_id=pdf_692bd298167050.15605763",
    "http_code": 200,
    "curl_error": "",
    "response": "{\"message\":\"Workflow was started\"}",
    "curl_info": {
        "url": "http:\/\/3.17.144.50:5678\/webhook\/formulario-pdf?job_id=pdf_692bd298167050.15605763",
        "content_type": "application\/json; charset=utf-8",
        "http_code": 200,
        "header_size": 525,
        "request_size": 3790208,
        "filetime": -1,
        "ssl_verify_result": 0,
        "redirect_count": 0,
        "total_time": 0.393266,
        "namelookup_time": 4.5e-5,
        "connect_time": 0.029416,
        "pretransfer_time": 0.029579,
        "size_upload": 3789886,
        "size_download": 34,
        "speed_download": 86,
        "speed_upload": 9636953,
        "download_content_length": 34,
        "upload_content_length": 3789886,
        "starttransfer_time": 0.060438,
        "redirect_time": 0,
        "redirect_url": "",
        "primary_ip": "3.17.144.50",
        "certinfo": [],
        "primary_port": 5678,
        "local_ip": "31.170.167.204",
        "local_port": 20006,
        "http_version": 2,
        "protocol": 1,
        "ssl_verifyresult": 0,
        "scheme": "http",
        "appconnect_time_us": 0,
        "connect_time_us": 29416,
        "namelookup_time_us": 45,
        "pretransfer_time_us": 29579,
        "redirect_time_us": 0,
        "starttransfer_time_us": 60438,
        "posttransfer_time_us": 280096,
        "total_time_us": 393266,
        "effective_method": "POST",
        "capath": "",
        "cainfo": "\/etc\/pki\/tls\/certs\/ca-bundle.crt"
    }
}