{
    "timestamp": "2026-05-20 16:51:51",
    "url": "http:\/\/44.220.84.111:5678\/webhook\/82921b6e-dc98-46b7-a6d6-d241d0512deb?job_id=pdf_6a0de6a6e0a1c0.78800545",
    "http_code": 0,
    "curl_error": "Failed to connect to 44.220.84.111 port 5678 after 21 ms: Could not connect to server",
    "response": false,
    "curl_info": {
        "url": "http:\/\/44.220.84.111:5678\/webhook\/82921b6e-dc98-46b7-a6d6-d241d0512deb?job_id=pdf_6a0de6a6e0a1c0.78800545",
        "content_type": null,
        "http_code": 0,
        "header_size": 0,
        "request_size": 0,
        "filetime": -1,
        "ssl_verify_result": 0,
        "redirect_count": 0,
        "total_time": 0.021047,
        "namelookup_time": 3.6e-5,
        "connect_time": 0,
        "pretransfer_time": 0,
        "size_upload": 0,
        "size_download": 0,
        "speed_download": 0,
        "speed_upload": 0,
        "download_content_length": -1,
        "upload_content_length": -1,
        "starttransfer_time": 0,
        "redirect_time": 0,
        "redirect_url": "",
        "primary_ip": "",
        "certinfo": [],
        "primary_port": -1,
        "local_ip": "",
        "local_port": -1,
        "http_version": 0,
        "protocol": 1,
        "ssl_verifyresult": 0,
        "scheme": "http",
        "appconnect_time_us": 0,
        "connect_time_us": 0,
        "namelookup_time_us": 36,
        "pretransfer_time_us": 0,
        "redirect_time_us": 0,
        "starttransfer_time_us": 0,
        "posttransfer_time_us": 0,
        "total_time_us": 21047,
        "effective_method": "POST",
        "capath": "",
        "cainfo": "\/etc\/pki\/tls\/certs\/ca-bundle.crt"
    }
}