{
    "timestamp": "2025-12-08 18:14:19",
    "url": "http:\/\/3.17.144.50:5678\/webhook\/formulario-pdf?job_id=pdf_6937157ac73d83.08487288",
    "http_code": 200,
    "curl_error": "",
    "response": "{\"message\":\"Workflow was started\"}",
    "curl_info": {
        "url": "http:\/\/3.17.144.50:5678\/webhook\/formulario-pdf?job_id=pdf_6937157ac73d83.08487288",
        "content_type": "application\/json; charset=utf-8",
        "http_code": 200,
        "header_size": 500,
        "request_size": 377852,
        "filetime": -1,
        "ssl_verify_result": 0,
        "redirect_count": 0,
        "total_time": 0.227993,
        "namelookup_time": 7.1e-5,
        "connect_time": 0.030623,
        "pretransfer_time": 0.030849,
        "size_upload": 377553,
        "size_download": 34,
        "speed_download": 149,
        "speed_upload": 1655985,
        "download_content_length": 34,
        "upload_content_length": 377553,
        "starttransfer_time": 0.227966,
        "redirect_time": 0,
        "redirect_url": "",
        "primary_ip": "3.17.144.50",
        "certinfo": [],
        "primary_port": 5678,
        "local_ip": "31.170.167.204",
        "local_port": 35558,
        "http_version": 2,
        "protocol": 1,
        "ssl_verifyresult": 0,
        "scheme": "http",
        "appconnect_time_us": 0,
        "connect_time_us": 30623,
        "namelookup_time_us": 71,
        "pretransfer_time_us": 30849,
        "redirect_time_us": 0,
        "starttransfer_time_us": 227966,
        "posttransfer_time_us": 105592,
        "total_time_us": 227993,
        "effective_method": "POST",
        "capath": "",
        "cainfo": "\/etc\/pki\/tls\/certs\/ca-bundle.crt"
    }
}