{
    "timestamp": "2025-11-10 05:04:26",
    "url": "http:\/\/3.17.144.50:5678\/webhook\/formulario-pdf?job_id=pdf_6911725a354b50.60435478",
    "http_code": 200,
    "curl_error": "",
    "response": "{\"message\":\"Workflow was started\"}",
    "curl_info": {
        "url": "http:\/\/3.17.144.50:5678\/webhook\/formulario-pdf?job_id=pdf_6911725a354b50.60435478",
        "content_type": "application\/json; charset=utf-8",
        "http_code": 200,
        "header_size": 500,
        "request_size": 470067,
        "filetime": -1,
        "ssl_verify_result": 0,
        "redirect_count": 0,
        "total_time": 0.233927,
        "namelookup_time": 4.2e-5,
        "connect_time": 0.029185,
        "pretransfer_time": 0.02937,
        "size_upload": 469768,
        "size_download": 34,
        "speed_download": 145,
        "speed_upload": 2008182,
        "download_content_length": 34,
        "upload_content_length": 469768,
        "starttransfer_time": 0.233903,
        "redirect_time": 0,
        "redirect_url": "",
        "primary_ip": "3.17.144.50",
        "certinfo": [],
        "primary_port": 5678,
        "local_ip": "31.170.167.204",
        "local_port": 30874,
        "http_version": 2,
        "protocol": 1,
        "ssl_verifyresult": 0,
        "scheme": "http",
        "appconnect_time_us": 0,
        "connect_time_us": 29185,
        "namelookup_time_us": 42,
        "pretransfer_time_us": 29370,
        "redirect_time_us": 0,
        "starttransfer_time_us": 233903,
        "posttransfer_time_us": 124636,
        "total_time_us": 233927,
        "effective_method": "POST",
        "capath": "",
        "cainfo": "\/etc\/pki\/tls\/certs\/ca-bundle.crt"
    }
}