{
    "timestamp": "2025-12-08 01:03:54",
    "url": "http:\/\/3.17.144.50:5678\/webhook\/formulario-pdf?job_id=pdf_693623f9bc20b0.37625752",
    "http_code": 200,
    "curl_error": "",
    "response": "{\"message\":\"Workflow was started\"}",
    "curl_info": {
        "url": "http:\/\/3.17.144.50:5678\/webhook\/formulario-pdf?job_id=pdf_693623f9bc20b0.37625752",
        "content_type": "application\/json; charset=utf-8",
        "http_code": 200,
        "header_size": 500,
        "request_size": 213035,
        "filetime": -1,
        "ssl_verify_result": 0,
        "redirect_count": 0,
        "total_time": 0.193995,
        "namelookup_time": 6.6e-5,
        "connect_time": 0.029708,
        "pretransfer_time": 0.029905,
        "size_upload": 212736,
        "size_download": 34,
        "speed_download": 175,
        "speed_upload": 1096605,
        "download_content_length": 34,
        "upload_content_length": 212736,
        "starttransfer_time": 0.193971,
        "redirect_time": 0,
        "redirect_url": "",
        "primary_ip": "3.17.144.50",
        "certinfo": [],
        "primary_port": 5678,
        "local_ip": "31.170.167.204",
        "local_port": 58128,
        "http_version": 2,
        "protocol": 1,
        "ssl_verifyresult": 0,
        "scheme": "http",
        "appconnect_time_us": 0,
        "connect_time_us": 29708,
        "namelookup_time_us": 66,
        "pretransfer_time_us": 29905,
        "redirect_time_us": 0,
        "starttransfer_time_us": 193971,
        "posttransfer_time_us": 91215,
        "total_time_us": 193995,
        "effective_method": "POST",
        "capath": "",
        "cainfo": "\/etc\/pki\/tls\/certs\/ca-bundle.crt"
    }
}