{
    "timestamp": "2026-05-20 01:12:35",
    "url": "http:\/\/44.220.84.111:5678\/webhook\/82921b6e-dc98-46b7-a6d6-d241d0512deb?job_id=pdf_6a0d0a82a95171.90616583",
    "http_code": 500,
    "curl_error": "",
    "response": "{\"message\":\"Error in workflow\"}",
    "curl_info": {
        "url": "http:\/\/44.220.84.111:5678\/webhook\/82921b6e-dc98-46b7-a6d6-d241d0512deb?job_id=pdf_6a0d0a82a95171.90616583",
        "content_type": "application\/json; charset=utf-8",
        "http_code": 500,
        "header_size": 254,
        "request_size": 238857,
        "filetime": -1,
        "ssl_verify_result": 0,
        "redirect_count": 0,
        "total_time": 0.286223,
        "namelookup_time": 4.3e-5,
        "connect_time": 0.019613,
        "pretransfer_time": 0.019858,
        "size_upload": 238534,
        "size_download": 31,
        "speed_download": 108,
        "speed_upload": 833385,
        "download_content_length": 31,
        "upload_content_length": 238534,
        "starttransfer_time": 0.286201,
        "redirect_time": 0,
        "redirect_url": "",
        "primary_ip": "44.220.84.111",
        "certinfo": [],
        "primary_port": 5678,
        "local_ip": "195.35.61.111",
        "local_port": 58862,
        "http_version": 2,
        "protocol": 1,
        "ssl_verifyresult": 0,
        "scheme": "http",
        "appconnect_time_us": 0,
        "connect_time_us": 19613,
        "namelookup_time_us": 43,
        "pretransfer_time_us": 19858,
        "redirect_time_us": 0,
        "starttransfer_time_us": 286201,
        "posttransfer_time_us": 60705,
        "total_time_us": 286223,
        "effective_method": "POST",
        "capath": "",
        "cainfo": "\/etc\/pki\/tls\/certs\/ca-bundle.crt"
    }
}