{
    "timestamp": "2025-11-07 16:10:45",
    "url": "http:\/\/3.17.144.50:5678\/webhook\/formulario-pdf?job_id=pdf_690e1a05013e45.06584649",
    "http_code": 200,
    "curl_error": "",
    "response": "{\"message\":\"Workflow was started\"}",
    "curl_info": {
        "url": "http:\/\/3.17.144.50:5678\/webhook\/formulario-pdf?job_id=pdf_690e1a05013e45.06584649",
        "content_type": "application\/json; charset=utf-8",
        "http_code": 200,
        "header_size": 500,
        "request_size": 33525,
        "filetime": -1,
        "ssl_verify_result": 0,
        "redirect_count": 0,
        "total_time": 0.109776,
        "namelookup_time": 4.5e-5,
        "connect_time": 0.030601,
        "pretransfer_time": 0.030815,
        "size_upload": 33227,
        "size_download": 34,
        "speed_download": 309,
        "speed_upload": 302680,
        "download_content_length": 34,
        "upload_content_length": 33227,
        "starttransfer_time": 0.109759,
        "redirect_time": 0,
        "redirect_url": "",
        "primary_ip": "3.17.144.50",
        "certinfo": [],
        "primary_port": 5678,
        "local_ip": "31.170.167.204",
        "local_port": 43744,
        "http_version": 2,
        "protocol": 1,
        "ssl_verifyresult": 0,
        "scheme": "http",
        "appconnect_time_us": 0,
        "connect_time_us": 30601,
        "namelookup_time_us": 45,
        "pretransfer_time_us": 30815,
        "redirect_time_us": 0,
        "starttransfer_time_us": 109759,
        "posttransfer_time_us": 30814,
        "total_time_us": 109776,
        "effective_method": "POST",
        "capath": "",
        "cainfo": "\/etc\/pki\/tls\/certs\/ca-bundle.crt"
    }
}