{
    "timestamp": "2026-05-20 01:49:12",
    "url": "http:\/\/44.220.84.111:5678\/webhook\/82921b6e-dc98-46b7-a6d6-d241d0512deb?job_id=pdf_6a0d1318447582.95989687",
    "http_code": 200,
    "curl_error": "",
    "response": true,
    "curl_info": {
        "url": "http:\/\/44.220.84.111:5678\/webhook\/82921b6e-dc98-46b7-a6d6-d241d0512deb?job_id=pdf_6a0d1318447582.95989687",
        "content_type": "application\/json; charset=utf-8",
        "http_code": 200,
        "header_size": 510,
        "request_size": 199834,
        "filetime": -1,
        "ssl_verify_result": 0,
        "redirect_count": 0,
        "total_time": 0.083963,
        "namelookup_time": 0,
        "connect_time": 0,
        "pretransfer_time": 0.000175,
        "size_upload": 199556,
        "size_download": 34,
        "speed_download": 404,
        "speed_upload": 2376713,
        "download_content_length": 34,
        "upload_content_length": 199556,
        "starttransfer_time": 0.083935,
        "redirect_time": 0,
        "redirect_url": "",
        "primary_ip": "44.220.84.111",
        "certinfo": [],
        "primary_port": 5678,
        "local_ip": "195.35.61.111",
        "local_port": 21726,
        "http_version": 2,
        "protocol": 1,
        "ssl_verifyresult": 0,
        "scheme": "http",
        "appconnect_time_us": 0,
        "connect_time_us": 0,
        "namelookup_time_us": 0,
        "pretransfer_time_us": 175,
        "redirect_time_us": 0,
        "starttransfer_time_us": 83935,
        "posttransfer_time_us": 287,
        "total_time_us": 83963,
        "effective_method": "POST",
        "capath": "",
        "cainfo": "\/etc\/pki\/tls\/certs\/ca-bundle.crt"
    }
}