{
    "timestamp": "2025-11-07 18:46:04",
    "url": "http:\/\/3.17.144.50:5678\/webhook\/formulario-pdf?job_id=pdf_690e3e6be20360.68397083",
    "http_code": 200,
    "curl_error": "",
    "response": "{\"message\":\"Workflow was started\"}",
    "curl_info": {
        "url": "http:\/\/3.17.144.50:5678\/webhook\/formulario-pdf?job_id=pdf_690e3e6be20360.68397083",
        "content_type": "application\/json; charset=utf-8",
        "http_code": 200,
        "header_size": 525,
        "request_size": 3920246,
        "filetime": -1,
        "ssl_verify_result": 0,
        "redirect_count": 0,
        "total_time": 0.486358,
        "namelookup_time": 5.8e-5,
        "connect_time": 0.030871,
        "pretransfer_time": 0.031029,
        "size_upload": 3919924,
        "size_download": 34,
        "speed_download": 69,
        "speed_upload": 8059750,
        "download_content_length": 34,
        "upload_content_length": 3919924,
        "starttransfer_time": 0.062892,
        "redirect_time": 0,
        "redirect_url": "",
        "primary_ip": "3.17.144.50",
        "certinfo": [],
        "primary_port": 5678,
        "local_ip": "31.170.167.204",
        "local_port": 20976,
        "http_version": 2,
        "protocol": 1,
        "ssl_verifyresult": 0,
        "scheme": "http",
        "appconnect_time_us": 0,
        "connect_time_us": 30871,
        "namelookup_time_us": 58,
        "pretransfer_time_us": 31029,
        "redirect_time_us": 0,
        "starttransfer_time_us": 62892,
        "posttransfer_time_us": 313324,
        "total_time_us": 486358,
        "effective_method": "POST",
        "capath": "",
        "cainfo": "\/etc\/pki\/tls\/certs\/ca-bundle.crt"
    }
}