{
    "timestamp": "2026-01-25 23:38:49",
    "url": "http:\/\/3.17.144.50:5678\/webhook\/formulario-pdf?job_id=pdf_6976a9890f82a8.85365265",
    "http_code": 200,
    "curl_error": "",
    "response": "{\"message\":\"Workflow was started\"}",
    "curl_info": {
        "url": "http:\/\/3.17.144.50:5678\/webhook\/formulario-pdf?job_id=pdf_6976a9890f82a8.85365265",
        "content_type": "application\/json; charset=utf-8",
        "http_code": 200,
        "header_size": 500,
        "request_size": 192473,
        "filetime": -1,
        "ssl_verify_result": 0,
        "redirect_count": 0,
        "total_time": 0.079645,
        "namelookup_time": 5.0e-5,
        "connect_time": 0.029066,
        "pretransfer_time": 0.029224,
        "size_upload": 192174,
        "size_download": 34,
        "speed_download": 426,
        "speed_upload": 2412882,
        "download_content_length": 34,
        "upload_content_length": 192174,
        "starttransfer_time": 0.079626,
        "redirect_time": 0,
        "redirect_url": "",
        "primary_ip": "3.17.144.50",
        "certinfo": [],
        "primary_port": 5678,
        "local_ip": "195.35.61.111",
        "local_port": 18726,
        "http_version": 2,
        "protocol": 1,
        "ssl_verifyresult": 0,
        "scheme": "http",
        "appconnect_time_us": 0,
        "connect_time_us": 29066,
        "namelookup_time_us": 50,
        "pretransfer_time_us": 29224,
        "redirect_time_us": 0,
        "starttransfer_time_us": 79626,
        "posttransfer_time_us": 58323,
        "total_time_us": 79645,
        "effective_method": "POST",
        "capath": "",
        "cainfo": "\/etc\/pki\/tls\/certs\/ca-bundle.crt"
    }
}