{
    "timestamp": "2025-10-29 22:46:57",
    "url": "http:\/\/3.17.144.50:5678\/webhook\/formulario-pdf?job_id=pdf_69029960cdc094.01677923",
    "http_code": 200,
    "curl_error": "",
    "response": "{\"message\":\"Workflow was started\"}",
    "curl_info": {
        "url": "http:\/\/3.17.144.50:5678\/webhook\/formulario-pdf?job_id=pdf_69029960cdc094.01677923",
        "content_type": "application\/json; charset=utf-8",
        "http_code": 200,
        "header_size": 500,
        "request_size": 32189,
        "filetime": -1,
        "ssl_verify_result": 0,
        "redirect_count": 0,
        "total_time": 0.096322,
        "namelookup_time": 6.1e-5,
        "connect_time": 0.029557,
        "pretransfer_time": 0.02978,
        "size_upload": 31891,
        "size_download": 34,
        "speed_download": 352,
        "speed_upload": 331087,
        "download_content_length": 34,
        "upload_content_length": 31891,
        "starttransfer_time": 0.096291,
        "redirect_time": 0,
        "redirect_url": "",
        "primary_ip": "3.17.144.50",
        "certinfo": [],
        "primary_port": 5678,
        "local_ip": "31.170.167.204",
        "local_port": 51844,
        "http_version": 2,
        "protocol": 1,
        "ssl_verifyresult": 0,
        "scheme": "http",
        "appconnect_time_us": 0,
        "connect_time_us": 29557,
        "namelookup_time_us": 61,
        "pretransfer_time_us": 29780,
        "redirect_time_us": 0,
        "starttransfer_time_us": 96291,
        "posttransfer_time_us": 29779,
        "total_time_us": 96322,
        "effective_method": "POST",
        "capath": "",
        "cainfo": "\/etc\/pki\/tls\/certs\/ca-bundle.crt"
    }
}