{
    "timestamp": "2025-12-12 02:04:41",
    "url": "http:\/\/3.17.144.50:5678\/webhook\/formulario-pdf?job_id=pdf_693b7838891f15.74666611",
    "http_code": 200,
    "curl_error": "",
    "response": "{\"message\":\"Workflow was started\"}",
    "curl_info": {
        "url": "http:\/\/3.17.144.50:5678\/webhook\/formulario-pdf?job_id=pdf_693b7838891f15.74666611",
        "content_type": "application\/json; charset=utf-8",
        "http_code": 200,
        "header_size": 525,
        "request_size": 3920246,
        "filetime": -1,
        "ssl_verify_result": 0,
        "redirect_count": 0,
        "total_time": 0.401796,
        "namelookup_time": 5.6e-5,
        "connect_time": 0.028942,
        "pretransfer_time": 0.029117,
        "size_upload": 3919924,
        "size_download": 34,
        "speed_download": 84,
        "speed_upload": 9756005,
        "download_content_length": 34,
        "upload_content_length": 3919924,
        "starttransfer_time": 0.059272,
        "redirect_time": 0,
        "redirect_url": "",
        "primary_ip": "3.17.144.50",
        "certinfo": [],
        "primary_port": 5678,
        "local_ip": "31.170.167.204",
        "local_port": 52624,
        "http_version": 2,
        "protocol": 1,
        "ssl_verifyresult": 0,
        "scheme": "http",
        "appconnect_time_us": 0,
        "connect_time_us": 28942,
        "namelookup_time_us": 56,
        "pretransfer_time_us": 29117,
        "redirect_time_us": 0,
        "starttransfer_time_us": 59272,
        "posttransfer_time_us": 282138,
        "total_time_us": 401796,
        "effective_method": "POST",
        "capath": "",
        "cainfo": "\/etc\/pki\/tls\/certs\/ca-bundle.crt"
    }
}