{
    "timestamp": "2025-11-10 19:29:30",
    "url": "http:\/\/3.17.144.50:5678\/webhook\/formulario-pdf?job_id=pdf_69123d19717ca7.39201994",
    "http_code": 200,
    "curl_error": "",
    "response": "{\"message\":\"Workflow was started\"}",
    "curl_info": {
        "url": "http:\/\/3.17.144.50:5678\/webhook\/formulario-pdf?job_id=pdf_69123d19717ca7.39201994",
        "content_type": "application\/json; charset=utf-8",
        "http_code": 200,
        "header_size": 525,
        "request_size": 3920246,
        "filetime": -1,
        "ssl_verify_result": 0,
        "redirect_count": 0,
        "total_time": 0.508548,
        "namelookup_time": 4.6e-5,
        "connect_time": 0.029804,
        "pretransfer_time": 0.029913,
        "size_upload": 3919924,
        "size_download": 34,
        "speed_download": 66,
        "speed_upload": 7708070,
        "download_content_length": 34,
        "upload_content_length": 3919924,
        "starttransfer_time": 0.060077,
        "redirect_time": 0,
        "redirect_url": "",
        "primary_ip": "3.17.144.50",
        "certinfo": [],
        "primary_port": 5678,
        "local_ip": "31.170.167.204",
        "local_port": 47978,
        "http_version": 2,
        "protocol": 1,
        "ssl_verifyresult": 0,
        "scheme": "http",
        "appconnect_time_us": 0,
        "connect_time_us": 29804,
        "namelookup_time_us": 46,
        "pretransfer_time_us": 29913,
        "redirect_time_us": 0,
        "starttransfer_time_us": 60077,
        "posttransfer_time_us": 289896,
        "total_time_us": 508548,
        "effective_method": "POST",
        "capath": "",
        "cainfo": "\/etc\/pki\/tls\/certs\/ca-bundle.crt"
    }
}