{
    "timestamp": "2025-12-12 03:11:03",
    "url": "http:\/\/3.17.144.50:5678\/webhook\/formulario-pdf?job_id=pdf_693b87c78b1560.40440807",
    "http_code": 200,
    "curl_error": "",
    "response": "{\"message\":\"Workflow was started\"}",
    "curl_info": {
        "url": "http:\/\/3.17.144.50:5678\/webhook\/formulario-pdf?job_id=pdf_693b87c78b1560.40440807",
        "content_type": "application\/json; charset=utf-8",
        "http_code": 200,
        "header_size": 500,
        "request_size": 377852,
        "filetime": -1,
        "ssl_verify_result": 0,
        "redirect_count": 0,
        "total_time": 0.216025,
        "namelookup_time": 4.5e-5,
        "connect_time": 0.029475,
        "pretransfer_time": 0.029694,
        "size_upload": 377553,
        "size_download": 34,
        "speed_download": 157,
        "speed_upload": 1747728,
        "download_content_length": 34,
        "upload_content_length": 377553,
        "starttransfer_time": 0.216003,
        "redirect_time": 0,
        "redirect_url": "",
        "primary_ip": "3.17.144.50",
        "certinfo": [],
        "primary_port": 5678,
        "local_ip": "31.170.167.204",
        "local_port": 26054,
        "http_version": 2,
        "protocol": 1,
        "ssl_verifyresult": 0,
        "scheme": "http",
        "appconnect_time_us": 0,
        "connect_time_us": 29475,
        "namelookup_time_us": 45,
        "pretransfer_time_us": 29694,
        "redirect_time_us": 0,
        "starttransfer_time_us": 216003,
        "posttransfer_time_us": 100897,
        "total_time_us": 216025,
        "effective_method": "POST",
        "capath": "",
        "cainfo": "\/etc\/pki\/tls\/certs\/ca-bundle.crt"
    }
}