{
    "timestamp": "2025-12-12 01:54:58",
    "url": "http:\/\/3.17.144.50:5678\/webhook\/formulario-pdf?job_id=pdf_693b75f2784c76.60324515",
    "http_code": 200,
    "curl_error": "",
    "response": "{\"message\":\"Workflow was started\"}",
    "curl_info": {
        "url": "http:\/\/3.17.144.50:5678\/webhook\/formulario-pdf?job_id=pdf_693b75f2784c76.60324515",
        "content_type": "application\/json; charset=utf-8",
        "http_code": 200,
        "header_size": 500,
        "request_size": 193055,
        "filetime": -1,
        "ssl_verify_result": 0,
        "redirect_count": 0,
        "total_time": 0.185191,
        "namelookup_time": 4.8e-5,
        "connect_time": 0.029092,
        "pretransfer_time": 0.029264,
        "size_upload": 192756,
        "size_download": 34,
        "speed_download": 183,
        "speed_upload": 1040849,
        "download_content_length": 34,
        "upload_content_length": 192756,
        "starttransfer_time": 0.185157,
        "redirect_time": 0,
        "redirect_url": "",
        "primary_ip": "3.17.144.50",
        "certinfo": [],
        "primary_port": 5678,
        "local_ip": "31.170.167.204",
        "local_port": 34890,
        "http_version": 2,
        "protocol": 1,
        "ssl_verifyresult": 0,
        "scheme": "http",
        "appconnect_time_us": 0,
        "connect_time_us": 29092,
        "namelookup_time_us": 48,
        "pretransfer_time_us": 29264,
        "redirect_time_us": 0,
        "starttransfer_time_us": 185157,
        "posttransfer_time_us": 58268,
        "total_time_us": 185191,
        "effective_method": "POST",
        "capath": "",
        "cainfo": "\/etc\/pki\/tls\/certs\/ca-bundle.crt"
    }
}