{
    "timestamp": "2026-01-26 01:33:49",
    "url": "http:\/\/3.17.144.50:5678\/webhook\/formulario-pdf?job_id=pdf_6976c47d562b72.82731613",
    "http_code": 200,
    "curl_error": "",
    "response": "{\"message\":\"Workflow was started\"}",
    "curl_info": {
        "url": "http:\/\/3.17.144.50:5678\/webhook\/formulario-pdf?job_id=pdf_6976c47d562b72.82731613",
        "content_type": "application\/json; charset=utf-8",
        "http_code": 200,
        "header_size": 500,
        "request_size": 199928,
        "filetime": -1,
        "ssl_verify_result": 0,
        "redirect_count": 0,
        "total_time": 0.081093,
        "namelookup_time": 4.2e-5,
        "connect_time": 0.030395,
        "pretransfer_time": 0.030621,
        "size_upload": 199686,
        "size_download": 34,
        "speed_download": 419,
        "speed_upload": 2462432,
        "download_content_length": 34,
        "upload_content_length": 199686,
        "starttransfer_time": 0.081053,
        "redirect_time": 0,
        "redirect_url": "",
        "primary_ip": "3.17.144.50",
        "certinfo": [],
        "primary_port": 5678,
        "local_ip": "195.35.61.111",
        "local_port": 37656,
        "http_version": 2,
        "protocol": 1,
        "ssl_verifyresult": 0,
        "scheme": "http",
        "appconnect_time_us": 0,
        "connect_time_us": 30395,
        "namelookup_time_us": 42,
        "pretransfer_time_us": 30621,
        "redirect_time_us": 0,
        "starttransfer_time_us": 81053,
        "posttransfer_time_us": 81088,
        "total_time_us": 81093,
        "effective_method": "POST",
        "capath": "",
        "cainfo": "\/etc\/pki\/tls\/certs\/ca-bundle.crt"
    }
}