{
    "timestamp": "2025-11-19 18:14:53",
    "url": "http:\/\/3.17.144.50:5678\/webhook\/formulario-pdf?job_id=pdf_691e091d2627e6.53127887",
    "http_code": 200,
    "curl_error": "",
    "response": "{\"message\":\"Workflow was started\"}",
    "curl_info": {
        "url": "http:\/\/3.17.144.50:5678\/webhook\/formulario-pdf?job_id=pdf_691e091d2627e6.53127887",
        "content_type": "application\/json; charset=utf-8",
        "http_code": 200,
        "header_size": 525,
        "request_size": 3466876,
        "filetime": -1,
        "ssl_verify_result": 0,
        "redirect_count": 0,
        "total_time": 0.393881,
        "namelookup_time": 6.0e-5,
        "connect_time": 0.029654,
        "pretransfer_time": 0.0298,
        "size_upload": 3466554,
        "size_download": 34,
        "speed_download": 86,
        "speed_upload": 8801018,
        "download_content_length": 34,
        "upload_content_length": 3466554,
        "starttransfer_time": 0.059667,
        "redirect_time": 0,
        "redirect_url": "",
        "primary_ip": "3.17.144.50",
        "certinfo": [],
        "primary_port": 5678,
        "local_ip": "31.170.167.204",
        "local_port": 61526,
        "http_version": 2,
        "protocol": 1,
        "ssl_verifyresult": 0,
        "scheme": "http",
        "appconnect_time_us": 0,
        "connect_time_us": 29654,
        "namelookup_time_us": 60,
        "pretransfer_time_us": 29800,
        "redirect_time_us": 0,
        "starttransfer_time_us": 59667,
        "posttransfer_time_us": 263669,
        "total_time_us": 393881,
        "effective_method": "POST",
        "capath": "",
        "cainfo": "\/etc\/pki\/tls\/certs\/ca-bundle.crt"
    }
}