{
    "timestamp": "2025-11-29 23:11:36",
    "url": "http:\/\/3.17.144.50:5678\/webhook\/formulario-pdf?job_id=pdf_692b7da7c278f6.30770521",
    "http_code": 200,
    "curl_error": "",
    "response": "{\"message\":\"Workflow was started\"}",
    "curl_info": {
        "url": "http:\/\/3.17.144.50:5678\/webhook\/formulario-pdf?job_id=pdf_692b7da7c278f6.30770521",
        "content_type": "application\/json; charset=utf-8",
        "http_code": 200,
        "header_size": 525,
        "request_size": 6112057,
        "filetime": -1,
        "ssl_verify_result": 0,
        "redirect_count": 0,
        "total_time": 0.459166,
        "namelookup_time": 4.2e-5,
        "connect_time": 0.031836,
        "pretransfer_time": 0.031955,
        "size_upload": 6111735,
        "size_download": 34,
        "speed_download": 74,
        "speed_upload": 13310512,
        "download_content_length": 34,
        "upload_content_length": 6111735,
        "starttransfer_time": 0.063545,
        "redirect_time": 0,
        "redirect_url": "",
        "primary_ip": "3.17.144.50",
        "certinfo": [],
        "primary_port": 5678,
        "local_ip": "31.170.167.204",
        "local_port": 37590,
        "http_version": 2,
        "protocol": 1,
        "ssl_verifyresult": 0,
        "scheme": "http",
        "appconnect_time_us": 0,
        "connect_time_us": 31836,
        "namelookup_time_us": 42,
        "pretransfer_time_us": 31955,
        "redirect_time_us": 0,
        "starttransfer_time_us": 63545,
        "posttransfer_time_us": 353300,
        "total_time_us": 459166,
        "effective_method": "POST",
        "capath": "",
        "cainfo": "\/etc\/pki\/tls\/certs\/ca-bundle.crt"
    }
}