{
    "timestamp": "2025-11-21 03:53:25",
    "url": "http:\/\/3.17.144.50:5678\/webhook\/formulario-pdf?job_id=pdf_691fe2358071f1.77649183",
    "http_code": 200,
    "curl_error": "",
    "response": "{\"message\":\"Workflow was started\"}",
    "curl_info": {
        "url": "http:\/\/3.17.144.50:5678\/webhook\/formulario-pdf?job_id=pdf_691fe2358071f1.77649183",
        "content_type": "application\/json; charset=utf-8",
        "http_code": 200,
        "header_size": 500,
        "request_size": 500688,
        "filetime": -1,
        "ssl_verify_result": 0,
        "redirect_count": 0,
        "total_time": 0.230209,
        "namelookup_time": 5.6e-5,
        "connect_time": 0.028931,
        "pretransfer_time": 0.029148,
        "size_upload": 500389,
        "size_download": 34,
        "speed_download": 147,
        "speed_upload": 2173629,
        "download_content_length": 34,
        "upload_content_length": 500389,
        "starttransfer_time": 0.230188,
        "redirect_time": 0,
        "redirect_url": "",
        "primary_ip": "3.17.144.50",
        "certinfo": [],
        "primary_port": 5678,
        "local_ip": "31.170.167.204",
        "local_port": 20722,
        "http_version": 2,
        "protocol": 1,
        "ssl_verifyresult": 0,
        "scheme": "http",
        "appconnect_time_us": 0,
        "connect_time_us": 28931,
        "namelookup_time_us": 56,
        "pretransfer_time_us": 29148,
        "redirect_time_us": 0,
        "starttransfer_time_us": 230188,
        "posttransfer_time_us": 125108,
        "total_time_us": 230209,
        "effective_method": "POST",
        "capath": "",
        "cainfo": "\/etc\/pki\/tls\/certs\/ca-bundle.crt"
    }
}