{
    "timestamp": "2025-12-09 20:11:48",
    "url": "http:\/\/3.17.144.50:5678\/webhook\/formulario-pdf?job_id=pdf_693882845c6a39.72566251",
    "http_code": 200,
    "curl_error": "",
    "response": "{\"message\":\"Workflow was started\"}",
    "curl_info": {
        "url": "http:\/\/3.17.144.50:5678\/webhook\/formulario-pdf?job_id=pdf_693882845c6a39.72566251",
        "content_type": "application\/json; charset=utf-8",
        "http_code": 200,
        "header_size": 500,
        "request_size": 199855,
        "filetime": -1,
        "ssl_verify_result": 0,
        "redirect_count": 0,
        "total_time": 0.228179,
        "namelookup_time": 4.2e-5,
        "connect_time": 0.030101,
        "pretransfer_time": 0.030277,
        "size_upload": 199556,
        "size_download": 34,
        "speed_download": 149,
        "speed_upload": 874559,
        "download_content_length": 34,
        "upload_content_length": 199556,
        "starttransfer_time": 0.228161,
        "redirect_time": 0,
        "redirect_url": "",
        "primary_ip": "3.17.144.50",
        "certinfo": [],
        "primary_port": 5678,
        "local_ip": "31.170.167.204",
        "local_port": 54270,
        "http_version": 2,
        "protocol": 1,
        "ssl_verifyresult": 0,
        "scheme": "http",
        "appconnect_time_us": 0,
        "connect_time_us": 30101,
        "namelookup_time_us": 42,
        "pretransfer_time_us": 30277,
        "redirect_time_us": 0,
        "starttransfer_time_us": 228161,
        "posttransfer_time_us": 91319,
        "total_time_us": 228179,
        "effective_method": "POST",
        "capath": "",
        "cainfo": "\/etc\/pki\/tls\/certs\/ca-bundle.crt"
    }
}