{
    "timestamp": "2026-01-12 00:28:44",
    "url": "http:\/\/3.17.144.50:5678\/webhook\/formulario-pdf?job_id=pdf_6964403c5ad3d5.15634932",
    "http_code": 200,
    "curl_error": "",
    "response": "{\"message\":\"Workflow was started\"}",
    "curl_info": {
        "url": "http:\/\/3.17.144.50:5678\/webhook\/formulario-pdf?job_id=pdf_6964403c5ad3d5.15634932",
        "content_type": "application\/json; charset=utf-8",
        "http_code": 200,
        "header_size": 500,
        "request_size": 192473,
        "filetime": -1,
        "ssl_verify_result": 0,
        "redirect_count": 0,
        "total_time": 0.185788,
        "namelookup_time": 5.6e-5,
        "connect_time": 0.029034,
        "pretransfer_time": 0.029252,
        "size_upload": 192174,
        "size_download": 34,
        "speed_download": 183,
        "speed_upload": 1034372,
        "download_content_length": 34,
        "upload_content_length": 192174,
        "starttransfer_time": 0.185762,
        "redirect_time": 0,
        "redirect_url": "",
        "primary_ip": "3.17.144.50",
        "certinfo": [],
        "primary_port": 5678,
        "local_ip": "31.170.167.204",
        "local_port": 63824,
        "http_version": 2,
        "protocol": 1,
        "ssl_verifyresult": 0,
        "scheme": "http",
        "appconnect_time_us": 0,
        "connect_time_us": 29034,
        "namelookup_time_us": 56,
        "pretransfer_time_us": 29252,
        "redirect_time_us": 0,
        "starttransfer_time_us": 185762,
        "posttransfer_time_us": 58798,
        "total_time_us": 185788,
        "effective_method": "POST",
        "capath": "",
        "cainfo": "\/etc\/pki\/tls\/certs\/ca-bundle.crt"
    }
}