{
    "timestamp": "2026-01-26 01:04:37",
    "url": "http:\/\/3.17.144.50:5678\/webhook\/formulario-pdf?job_id=pdf_6976bda535a9d3.33426583",
    "http_code": 200,
    "curl_error": "",
    "response": "{\"message\":\"Workflow was started\"}",
    "curl_info": {
        "url": "http:\/\/3.17.144.50:5678\/webhook\/formulario-pdf?job_id=pdf_6976bda535a9d3.33426583",
        "content_type": "application\/json; charset=utf-8",
        "http_code": 200,
        "header_size": 500,
        "request_size": 193063,
        "filetime": -1,
        "ssl_verify_result": 0,
        "redirect_count": 0,
        "total_time": 0.082775,
        "namelookup_time": 6.6e-5,
        "connect_time": 0.030532,
        "pretransfer_time": 0.030748,
        "size_upload": 192764,
        "size_download": 34,
        "speed_download": 410,
        "speed_upload": 2328770,
        "download_content_length": 34,
        "upload_content_length": 192764,
        "starttransfer_time": 0.082756,
        "redirect_time": 0,
        "redirect_url": "",
        "primary_ip": "3.17.144.50",
        "certinfo": [],
        "primary_port": 5678,
        "local_ip": "195.35.61.111",
        "local_port": 54730,
        "http_version": 2,
        "protocol": 1,
        "ssl_verifyresult": 0,
        "scheme": "http",
        "appconnect_time_us": 0,
        "connect_time_us": 30532,
        "namelookup_time_us": 66,
        "pretransfer_time_us": 30748,
        "redirect_time_us": 0,
        "starttransfer_time_us": 82756,
        "posttransfer_time_us": 61577,
        "total_time_us": 82775,
        "effective_method": "POST",
        "capath": "",
        "cainfo": "\/etc\/pki\/tls\/certs\/ca-bundle.crt"
    }
}