{
    "timestamp": "2025-11-14 02:20:03",
    "url": "http:\/\/3.17.144.50:5678\/webhook\/formulario-pdf?job_id=pdf_691691d2adfab6.58916565",
    "http_code": 200,
    "curl_error": "",
    "response": "{\"message\":\"Workflow was started\"}",
    "curl_info": {
        "url": "http:\/\/3.17.144.50:5678\/webhook\/formulario-pdf?job_id=pdf_691691d2adfab6.58916565",
        "content_type": "application\/json; charset=utf-8",
        "http_code": 200,
        "header_size": 525,
        "request_size": 1645062,
        "filetime": -1,
        "ssl_verify_result": 0,
        "redirect_count": 0,
        "total_time": 0.430844,
        "namelookup_time": 5.8e-5,
        "connect_time": 0.030187,
        "pretransfer_time": 0.030353,
        "size_upload": 1644740,
        "size_download": 34,
        "speed_download": 78,
        "speed_upload": 3817483,
        "download_content_length": 34,
        "upload_content_length": 1644740,
        "starttransfer_time": 0.061548,
        "redirect_time": 0,
        "redirect_url": "",
        "primary_ip": "3.17.144.50",
        "certinfo": [],
        "primary_port": 5678,
        "local_ip": "31.170.167.204",
        "local_port": 31394,
        "http_version": 2,
        "protocol": 1,
        "ssl_verifyresult": 0,
        "scheme": "http",
        "appconnect_time_us": 0,
        "connect_time_us": 30187,
        "namelookup_time_us": 58,
        "pretransfer_time_us": 30353,
        "redirect_time_us": 0,
        "starttransfer_time_us": 61548,
        "posttransfer_time_us": 219275,
        "total_time_us": 430844,
        "effective_method": "POST",
        "capath": "",
        "cainfo": "\/etc\/pki\/tls\/certs\/ca-bundle.crt"
    }
}