{
    "timestamp": "2025-12-12 02:14:17",
    "url": "http:\/\/3.17.144.50:5678\/webhook\/formulario-pdf?job_id=pdf_693b7a797bf596.71882072",
    "http_code": 200,
    "curl_error": "",
    "response": "{\"message\":\"Workflow was started\"}",
    "curl_info": {
        "url": "http:\/\/3.17.144.50:5678\/webhook\/formulario-pdf?job_id=pdf_693b7a797bf596.71882072",
        "content_type": "application\/json; charset=utf-8",
        "http_code": 200,
        "header_size": 500,
        "request_size": 377852,
        "filetime": -1,
        "ssl_verify_result": 0,
        "redirect_count": 0,
        "total_time": 0.228362,
        "namelookup_time": 6.5e-5,
        "connect_time": 0.031723,
        "pretransfer_time": 0.031965,
        "size_upload": 377553,
        "size_download": 34,
        "speed_download": 148,
        "speed_upload": 1653309,
        "download_content_length": 34,
        "upload_content_length": 377553,
        "starttransfer_time": 0.228325,
        "redirect_time": 0,
        "redirect_url": "",
        "primary_ip": "3.17.144.50",
        "certinfo": [],
        "primary_port": 5678,
        "local_ip": "31.170.167.204",
        "local_port": 17292,
        "http_version": 2,
        "protocol": 1,
        "ssl_verifyresult": 0,
        "scheme": "http",
        "appconnect_time_us": 0,
        "connect_time_us": 31723,
        "namelookup_time_us": 65,
        "pretransfer_time_us": 31965,
        "redirect_time_us": 0,
        "starttransfer_time_us": 228325,
        "posttransfer_time_us": 109020,
        "total_time_us": 228362,
        "effective_method": "POST",
        "capath": "",
        "cainfo": "\/etc\/pki\/tls\/certs\/ca-bundle.crt"
    }
}