{
    "timestamp": "2025-12-04 21:06:54",
    "url": "http:\/\/3.17.144.50:5678\/webhook\/formulario-pdf?job_id=pdf_6931f7ee2387f2.08858955",
    "http_code": 200,
    "curl_error": "",
    "response": "{\"message\":\"Workflow was started\"}",
    "curl_info": {
        "url": "http:\/\/3.17.144.50:5678\/webhook\/formulario-pdf?job_id=pdf_6931f7ee2387f2.08858955",
        "content_type": "application\/json; charset=utf-8",
        "http_code": 200,
        "header_size": 500,
        "request_size": 192473,
        "filetime": -1,
        "ssl_verify_result": 0,
        "redirect_count": 0,
        "total_time": 0.211962,
        "namelookup_time": 6.3e-5,
        "connect_time": 0.033499,
        "pretransfer_time": 0.033701,
        "size_upload": 192174,
        "size_download": 34,
        "speed_download": 160,
        "speed_upload": 906643,
        "download_content_length": 34,
        "upload_content_length": 192174,
        "starttransfer_time": 0.21194,
        "redirect_time": 0,
        "redirect_url": "",
        "primary_ip": "3.17.144.50",
        "certinfo": [],
        "primary_port": 5678,
        "local_ip": "31.170.167.204",
        "local_port": 43010,
        "http_version": 2,
        "protocol": 1,
        "ssl_verifyresult": 0,
        "scheme": "http",
        "appconnect_time_us": 0,
        "connect_time_us": 33499,
        "namelookup_time_us": 63,
        "pretransfer_time_us": 33701,
        "redirect_time_us": 0,
        "starttransfer_time_us": 211940,
        "posttransfer_time_us": 67247,
        "total_time_us": 211962,
        "effective_method": "POST",
        "capath": "",
        "cainfo": "\/etc\/pki\/tls\/certs\/ca-bundle.crt"
    }
}