{
    "timestamp": "2025-12-08 19:53:30",
    "url": "http:\/\/3.17.144.50:5678\/webhook\/formulario-pdf?job_id=pdf_69372cba3bedc2.22415761",
    "http_code": 200,
    "curl_error": "",
    "response": "{\"message\":\"Workflow was started\"}",
    "curl_info": {
        "url": "http:\/\/3.17.144.50:5678\/webhook\/formulario-pdf?job_id=pdf_69372cba3bedc2.22415761",
        "content_type": "application\/json; charset=utf-8",
        "http_code": 200,
        "header_size": 525,
        "request_size": 3920246,
        "filetime": -1,
        "ssl_verify_result": 0,
        "redirect_count": 0,
        "total_time": 0.556969,
        "namelookup_time": 6.8e-5,
        "connect_time": 0.033915,
        "pretransfer_time": 0.034055,
        "size_upload": 3919924,
        "size_download": 34,
        "speed_download": 61,
        "speed_upload": 7037957,
        "download_content_length": 34,
        "upload_content_length": 3919924,
        "starttransfer_time": 0.067463,
        "redirect_time": 0,
        "redirect_url": "",
        "primary_ip": "3.17.144.50",
        "certinfo": [],
        "primary_port": 5678,
        "local_ip": "31.170.167.204",
        "local_port": 41622,
        "http_version": 2,
        "protocol": 1,
        "ssl_verifyresult": 0,
        "scheme": "http",
        "appconnect_time_us": 0,
        "connect_time_us": 33915,
        "namelookup_time_us": 68,
        "pretransfer_time_us": 34055,
        "redirect_time_us": 0,
        "starttransfer_time_us": 67463,
        "posttransfer_time_us": 316278,
        "total_time_us": 556969,
        "effective_method": "POST",
        "capath": "",
        "cainfo": "\/etc\/pki\/tls\/certs\/ca-bundle.crt"
    }
}