{
    "timestamp": "2025-11-29 22:04:48",
    "url": "http:\/\/3.17.144.50:5678\/webhook\/formulario-pdf?job_id=pdf_692b6e0041a869.96567508",
    "http_code": 200,
    "curl_error": "",
    "response": "{\"message\":\"Workflow was started\"}",
    "curl_info": {
        "url": "http:\/\/3.17.144.50:5678\/webhook\/formulario-pdf?job_id=pdf_692b6e0041a869.96567508",
        "content_type": "application\/json; charset=utf-8",
        "http_code": 200,
        "header_size": 500,
        "request_size": 377852,
        "filetime": -1,
        "ssl_verify_result": 0,
        "redirect_count": 0,
        "total_time": 0.219004,
        "namelookup_time": 5.6e-5,
        "connect_time": 0.030467,
        "pretransfer_time": 0.030628,
        "size_upload": 377553,
        "size_download": 34,
        "speed_download": 155,
        "speed_upload": 1723954,
        "download_content_length": 34,
        "upload_content_length": 377553,
        "starttransfer_time": 0.218984,
        "redirect_time": 0,
        "redirect_url": "",
        "primary_ip": "3.17.144.50",
        "certinfo": [],
        "primary_port": 5678,
        "local_ip": "31.170.167.204",
        "local_port": 31852,
        "http_version": 2,
        "protocol": 1,
        "ssl_verifyresult": 0,
        "scheme": "http",
        "appconnect_time_us": 0,
        "connect_time_us": 30467,
        "namelookup_time_us": 56,
        "pretransfer_time_us": 30628,
        "redirect_time_us": 0,
        "starttransfer_time_us": 218984,
        "posttransfer_time_us": 104575,
        "total_time_us": 219004,
        "effective_method": "POST",
        "capath": "",
        "cainfo": "\/etc\/pki\/tls\/certs\/ca-bundle.crt"
    }
}