{
    "timestamp": "2025-12-12 01:30:55",
    "url": "http:\/\/3.17.144.50:5678\/webhook\/formulario-pdf?job_id=pdf_693b704f836440.86844550",
    "http_code": 200,
    "curl_error": "",
    "response": "{\"message\":\"Workflow was started\"}",
    "curl_info": {
        "url": "http:\/\/3.17.144.50:5678\/webhook\/formulario-pdf?job_id=pdf_693b704f836440.86844550",
        "content_type": "application\/json; charset=utf-8",
        "http_code": 200,
        "header_size": 500,
        "request_size": 192473,
        "filetime": -1,
        "ssl_verify_result": 0,
        "redirect_count": 0,
        "total_time": 0.186353,
        "namelookup_time": 5.2e-5,
        "connect_time": 0.029778,
        "pretransfer_time": 0.030024,
        "size_upload": 192174,
        "size_download": 34,
        "speed_download": 182,
        "speed_upload": 1031236,
        "download_content_length": 34,
        "upload_content_length": 192174,
        "starttransfer_time": 0.186326,
        "redirect_time": 0,
        "redirect_url": "",
        "primary_ip": "3.17.144.50",
        "certinfo": [],
        "primary_port": 5678,
        "local_ip": "31.170.167.204",
        "local_port": 34536,
        "http_version": 2,
        "protocol": 1,
        "ssl_verifyresult": 0,
        "scheme": "http",
        "appconnect_time_us": 0,
        "connect_time_us": 29778,
        "namelookup_time_us": 52,
        "pretransfer_time_us": 30024,
        "redirect_time_us": 0,
        "starttransfer_time_us": 186326,
        "posttransfer_time_us": 59781,
        "total_time_us": 186353,
        "effective_method": "POST",
        "capath": "",
        "cainfo": "\/etc\/pki\/tls\/certs\/ca-bundle.crt"
    }
}