{
    "timestamp": "2025-11-10 23:17:39",
    "url": "http:\/\/3.17.144.50:5678\/webhook\/formulario-pdf?job_id=pdf_69127292ceb971.68531493",
    "http_code": 200,
    "curl_error": "",
    "response": "{\"message\":\"Workflow was started\"}",
    "curl_info": {
        "url": "http:\/\/3.17.144.50:5678\/webhook\/formulario-pdf?job_id=pdf_69127292ceb971.68531493",
        "content_type": "application\/json; charset=utf-8",
        "http_code": 200,
        "header_size": 500,
        "request_size": 192473,
        "filetime": -1,
        "ssl_verify_result": 0,
        "redirect_count": 0,
        "total_time": 0.203072,
        "namelookup_time": 5.9e-5,
        "connect_time": 0.031872,
        "pretransfer_time": 0.032081,
        "size_upload": 192174,
        "size_download": 34,
        "speed_download": 167,
        "speed_upload": 946334,
        "download_content_length": 34,
        "upload_content_length": 192174,
        "starttransfer_time": 0.203052,
        "redirect_time": 0,
        "redirect_url": "",
        "primary_ip": "3.17.144.50",
        "certinfo": [],
        "primary_port": 5678,
        "local_ip": "31.170.167.204",
        "local_port": 55448,
        "http_version": 2,
        "protocol": 1,
        "ssl_verifyresult": 0,
        "scheme": "http",
        "appconnect_time_us": 0,
        "connect_time_us": 31872,
        "namelookup_time_us": 59,
        "pretransfer_time_us": 32081,
        "redirect_time_us": 0,
        "starttransfer_time_us": 203052,
        "posttransfer_time_us": 64090,
        "total_time_us": 203072,
        "effective_method": "POST",
        "capath": "",
        "cainfo": "\/etc\/pki\/tls\/certs\/ca-bundle.crt"
    }
}