{
    "timestamp": "2025-11-07 20:36:23",
    "url": "http:\/\/3.17.144.50:5678\/webhook\/formulario-pdf?job_id=pdf_690e5847300180.00577286",
    "http_code": 200,
    "curl_error": "",
    "response": "{\"message\":\"Workflow was started\"}",
    "curl_info": {
        "url": "http:\/\/3.17.144.50:5678\/webhook\/formulario-pdf?job_id=pdf_690e5847300180.00577286",
        "content_type": "application\/json; charset=utf-8",
        "http_code": 200,
        "header_size": 525,
        "request_size": 1542832,
        "filetime": -1,
        "ssl_verify_result": 0,
        "redirect_count": 0,
        "total_time": 0.321994,
        "namelookup_time": 4.2e-5,
        "connect_time": 0.02972,
        "pretransfer_time": 0.029825,
        "size_upload": 1542510,
        "size_download": 34,
        "speed_download": 105,
        "speed_upload": 4790492,
        "download_content_length": 34,
        "upload_content_length": 1542510,
        "starttransfer_time": 0.059321,
        "redirect_time": 0,
        "redirect_url": "",
        "primary_ip": "3.17.144.50",
        "certinfo": [],
        "primary_port": 5678,
        "local_ip": "31.170.167.204",
        "local_port": 48352,
        "http_version": 2,
        "protocol": 1,
        "ssl_verifyresult": 0,
        "scheme": "http",
        "appconnect_time_us": 0,
        "connect_time_us": 29720,
        "namelookup_time_us": 42,
        "pretransfer_time_us": 29825,
        "redirect_time_us": 0,
        "starttransfer_time_us": 59321,
        "posttransfer_time_us": 209196,
        "total_time_us": 321994,
        "effective_method": "POST",
        "capath": "",
        "cainfo": "\/etc\/pki\/tls\/certs\/ca-bundle.crt"
    }
}