{
    "timestamp": "2026-01-25 23:42:08",
    "url": "http:\/\/3.17.144.50:5678\/webhook\/formulario-pdf?job_id=pdf_6976aa5028d004.20278081",
    "http_code": 200,
    "curl_error": "",
    "response": "{\"message\":\"Workflow was started\"}",
    "curl_info": {
        "url": "http:\/\/3.17.144.50:5678\/webhook\/formulario-pdf?job_id=pdf_6976aa5028d004.20278081",
        "content_type": "application\/json; charset=utf-8",
        "http_code": 200,
        "header_size": 500,
        "request_size": 193055,
        "filetime": -1,
        "ssl_verify_result": 0,
        "redirect_count": 0,
        "total_time": 0.079868,
        "namelookup_time": 4.5e-5,
        "connect_time": 0.03026,
        "pretransfer_time": 0.030567,
        "size_upload": 192756,
        "size_download": 34,
        "speed_download": 425,
        "speed_upload": 2413432,
        "download_content_length": 34,
        "upload_content_length": 192756,
        "starttransfer_time": 0.079844,
        "redirect_time": 0,
        "redirect_url": "",
        "primary_ip": "3.17.144.50",
        "certinfo": [],
        "primary_port": 5678,
        "local_ip": "195.35.61.111",
        "local_port": 32066,
        "http_version": 2,
        "protocol": 1,
        "ssl_verifyresult": 0,
        "scheme": "http",
        "appconnect_time_us": 0,
        "connect_time_us": 30260,
        "namelookup_time_us": 45,
        "pretransfer_time_us": 30567,
        "redirect_time_us": 0,
        "starttransfer_time_us": 79844,
        "posttransfer_time_us": 61436,
        "total_time_us": 79868,
        "effective_method": "POST",
        "capath": "",
        "cainfo": "\/etc\/pki\/tls\/certs\/ca-bundle.crt"
    }
}