{
    "timestamp": "2025-11-27 21:10:00",
    "url": "http:\/\/3.17.144.50:5678\/webhook\/formulario-pdf?job_id=pdf_6928be286c71a3.95238018",
    "http_code": 200,
    "curl_error": "",
    "response": "{\"message\":\"Workflow was started\"}",
    "curl_info": {
        "url": "http:\/\/3.17.144.50:5678\/webhook\/formulario-pdf?job_id=pdf_6928be286c71a3.95238018",
        "content_type": "application\/json; charset=utf-8",
        "http_code": 200,
        "header_size": 500,
        "request_size": 470067,
        "filetime": -1,
        "ssl_verify_result": 0,
        "redirect_count": 0,
        "total_time": 0.236155,
        "namelookup_time": 5.2e-5,
        "connect_time": 0.02959,
        "pretransfer_time": 0.029851,
        "size_upload": 469768,
        "size_download": 34,
        "speed_download": 143,
        "speed_upload": 1989235,
        "download_content_length": 34,
        "upload_content_length": 469768,
        "starttransfer_time": 0.236131,
        "redirect_time": 0,
        "redirect_url": "",
        "primary_ip": "3.17.144.50",
        "certinfo": [],
        "primary_port": 5678,
        "local_ip": "31.170.167.204",
        "local_port": 30652,
        "http_version": 2,
        "protocol": 1,
        "ssl_verifyresult": 0,
        "scheme": "http",
        "appconnect_time_us": 0,
        "connect_time_us": 29590,
        "namelookup_time_us": 52,
        "pretransfer_time_us": 29851,
        "redirect_time_us": 0,
        "starttransfer_time_us": 236131,
        "posttransfer_time_us": 126651,
        "total_time_us": 236155,
        "effective_method": "POST",
        "capath": "",
        "cainfo": "\/etc\/pki\/tls\/certs\/ca-bundle.crt"
    }
}