{
    "timestamp": "2025-11-19 16:25:01",
    "url": "http:\/\/3.17.144.50:5678\/webhook\/formulario-pdf?job_id=pdf_691def5cbe3a33.71083832",
    "http_code": 200,
    "curl_error": "",
    "response": "{\"message\":\"Workflow was started\"}",
    "curl_info": {
        "url": "http:\/\/3.17.144.50:5678\/webhook\/formulario-pdf?job_id=pdf_691def5cbe3a33.71083832",
        "content_type": "application\/json; charset=utf-8",
        "http_code": 200,
        "header_size": 525,
        "request_size": 6112057,
        "filetime": -1,
        "ssl_verify_result": 0,
        "redirect_count": 0,
        "total_time": 0.714828,
        "namelookup_time": 6.3e-5,
        "connect_time": 0.029418,
        "pretransfer_time": 0.029573,
        "size_upload": 6111735,
        "size_download": 34,
        "speed_download": 47,
        "speed_upload": 8549937,
        "download_content_length": 34,
        "upload_content_length": 6111735,
        "starttransfer_time": 0.060541,
        "redirect_time": 0,
        "redirect_url": "",
        "primary_ip": "3.17.144.50",
        "certinfo": [],
        "primary_port": 5678,
        "local_ip": "31.170.167.204",
        "local_port": 65230,
        "http_version": 2,
        "protocol": 1,
        "ssl_verifyresult": 0,
        "scheme": "http",
        "appconnect_time_us": 0,
        "connect_time_us": 29418,
        "namelookup_time_us": 63,
        "pretransfer_time_us": 29573,
        "redirect_time_us": 0,
        "starttransfer_time_us": 60541,
        "posttransfer_time_us": 340067,
        "total_time_us": 714828,
        "effective_method": "POST",
        "capath": "",
        "cainfo": "\/etc\/pki\/tls\/certs\/ca-bundle.crt"
    }
}