{
    "timestamp": "2025-10-29 19:27:04",
    "url": "http:\/\/3.17.144.50:5678\/webhook\/formulario-pdf?job_id=pdf_69026a88920d46.53619299",
    "http_code": 200,
    "curl_error": "",
    "response": "{\"message\":\"Workflow was started\"}",
    "curl_info": {
        "url": "http:\/\/3.17.144.50:5678\/webhook\/formulario-pdf?job_id=pdf_69026a88920d46.53619299",
        "content_type": "application\/json; charset=utf-8",
        "http_code": 200,
        "header_size": 500,
        "request_size": 32189,
        "filetime": -1,
        "ssl_verify_result": 0,
        "redirect_count": 0,
        "total_time": 0.098927,
        "namelookup_time": 6.2e-5,
        "connect_time": 0.032068,
        "pretransfer_time": 0.032312,
        "size_upload": 31891,
        "size_download": 34,
        "speed_download": 343,
        "speed_upload": 322369,
        "download_content_length": 34,
        "upload_content_length": 31891,
        "starttransfer_time": 0.098899,
        "redirect_time": 0,
        "redirect_url": "",
        "primary_ip": "3.17.144.50",
        "certinfo": [],
        "primary_port": 5678,
        "local_ip": "31.170.167.204",
        "local_port": 45770,
        "http_version": 2,
        "protocol": 1,
        "ssl_verifyresult": 0,
        "scheme": "http",
        "appconnect_time_us": 0,
        "connect_time_us": 32068,
        "namelookup_time_us": 62,
        "pretransfer_time_us": 32312,
        "redirect_time_us": 0,
        "starttransfer_time_us": 98899,
        "posttransfer_time_us": 32310,
        "total_time_us": 98927,
        "effective_method": "POST",
        "capath": "",
        "cainfo": "\/etc\/pki\/tls\/certs\/ca-bundle.crt"
    }
}