{
    "timestamp": "2025-11-11 00:25:15",
    "url": "http:\/\/3.17.144.50:5678\/webhook\/formulario-pdf?job_id=pdf_6912826ad6f6c4.62897461",
    "http_code": 200,
    "curl_error": "",
    "response": "{\"message\":\"Workflow was started\"}",
    "curl_info": {
        "url": "http:\/\/3.17.144.50:5678\/webhook\/formulario-pdf?job_id=pdf_6912826ad6f6c4.62897461",
        "content_type": "application\/json; charset=utf-8",
        "http_code": 200,
        "header_size": 525,
        "request_size": 1645062,
        "filetime": -1,
        "ssl_verify_result": 0,
        "redirect_count": 0,
        "total_time": 0.374181,
        "namelookup_time": 4.1e-5,
        "connect_time": 0.030119,
        "pretransfer_time": 0.030233,
        "size_upload": 1644740,
        "size_download": 34,
        "speed_download": 90,
        "speed_upload": 4395573,
        "download_content_length": 34,
        "upload_content_length": 1644740,
        "starttransfer_time": 0.062214,
        "redirect_time": 0,
        "redirect_url": "",
        "primary_ip": "3.17.144.50",
        "certinfo": [],
        "primary_port": 5678,
        "local_ip": "31.170.167.204",
        "local_port": 52466,
        "http_version": 2,
        "protocol": 1,
        "ssl_verifyresult": 0,
        "scheme": "http",
        "appconnect_time_us": 0,
        "connect_time_us": 30119,
        "namelookup_time_us": 41,
        "pretransfer_time_us": 30233,
        "redirect_time_us": 0,
        "starttransfer_time_us": 62214,
        "posttransfer_time_us": 224716,
        "total_time_us": 374181,
        "effective_method": "POST",
        "capath": "",
        "cainfo": "\/etc\/pki\/tls\/certs\/ca-bundle.crt"
    }
}