{
    "timestamp": "2025-10-29 19:54:33",
    "url": "http:\/\/3.17.144.50:5678\/webhook\/formulario-pdf?job_id=pdf_690270f8d5b762.95406448",
    "http_code": 200,
    "curl_error": "",
    "response": "{\"message\":\"Workflow was started\"}",
    "curl_info": {
        "url": "http:\/\/3.17.144.50:5678\/webhook\/formulario-pdf?job_id=pdf_690270f8d5b762.95406448",
        "content_type": "application\/json; charset=utf-8",
        "http_code": 200,
        "header_size": 500,
        "request_size": 32189,
        "filetime": -1,
        "ssl_verify_result": 0,
        "redirect_count": 0,
        "total_time": 0.099044,
        "namelookup_time": 5.3e-5,
        "connect_time": 0.029736,
        "pretransfer_time": 0.029924,
        "size_upload": 31891,
        "size_download": 34,
        "speed_download": 343,
        "speed_upload": 321988,
        "download_content_length": 34,
        "upload_content_length": 31891,
        "starttransfer_time": 0.099022,
        "redirect_time": 0,
        "redirect_url": "",
        "primary_ip": "3.17.144.50",
        "certinfo": [],
        "primary_port": 5678,
        "local_ip": "31.170.167.204",
        "local_port": 64368,
        "http_version": 2,
        "protocol": 1,
        "ssl_verifyresult": 0,
        "scheme": "http",
        "appconnect_time_us": 0,
        "connect_time_us": 29736,
        "namelookup_time_us": 53,
        "pretransfer_time_us": 29924,
        "redirect_time_us": 0,
        "starttransfer_time_us": 99022,
        "posttransfer_time_us": 29923,
        "total_time_us": 99044,
        "effective_method": "POST",
        "capath": "",
        "cainfo": "\/etc\/pki\/tls\/certs\/ca-bundle.crt"
    }
}