{
    "timestamp": "2025-11-01 00:22:09",
    "url": "http:\/\/3.17.144.50:5678\/webhook\/formulario-pdf?job_id=pdf_690552b13b0170.61041354",
    "http_code": 200,
    "curl_error": "",
    "response": "{\"message\":\"Workflow was started\"}",
    "curl_info": {
        "url": "http:\/\/3.17.144.50:5678\/webhook\/formulario-pdf?job_id=pdf_690552b13b0170.61041354",
        "content_type": "application\/json; charset=utf-8",
        "http_code": 200,
        "header_size": 525,
        "request_size": 3009473,
        "filetime": -1,
        "ssl_verify_result": 0,
        "redirect_count": 0,
        "total_time": 0.403818,
        "namelookup_time": 6.8e-5,
        "connect_time": 0.030746,
        "pretransfer_time": 0.030866,
        "size_upload": 3009151,
        "size_download": 34,
        "speed_download": 84,
        "speed_upload": 7451750,
        "download_content_length": 34,
        "upload_content_length": 3009151,
        "starttransfer_time": 0.062651,
        "redirect_time": 0,
        "redirect_url": "",
        "primary_ip": "3.17.144.50",
        "certinfo": [],
        "primary_port": 5678,
        "local_ip": "31.170.167.204",
        "local_port": 27412,
        "http_version": 2,
        "protocol": 1,
        "ssl_verifyresult": 0,
        "scheme": "http",
        "appconnect_time_us": 0,
        "connect_time_us": 30746,
        "namelookup_time_us": 68,
        "pretransfer_time_us": 30866,
        "redirect_time_us": 0,
        "starttransfer_time_us": 62651,
        "posttransfer_time_us": 249737,
        "total_time_us": 403818,
        "effective_method": "POST",
        "capath": "",
        "cainfo": "\/etc\/pki\/tls\/certs\/ca-bundle.crt"
    }
}