{
    "timestamp": "2026-06-03 17:47:26",
    "url": "http:\/\/44.220.84.111:5678\/webhook\/82921b6e-dc98-46b7-a6d6-d241d0512deb?job_id=pdf_6a2068ad42fa60.95783461",
    "http_code": 200,
    "curl_error": "",
    "response": true,
    "curl_info": {
        "url": "http:\/\/44.220.84.111:5678\/webhook\/82921b6e-dc98-46b7-a6d6-d241d0512deb?job_id=pdf_6a2068ad42fa60.95783461",
        "content_type": "application\/json; charset=utf-8",
        "http_code": 200,
        "header_size": 510,
        "request_size": 286881,
        "filetime": -1,
        "ssl_verify_result": 0,
        "redirect_count": 0,
        "total_time": 0.428114,
        "namelookup_time": 0,
        "connect_time": 0,
        "pretransfer_time": 0.000131,
        "size_upload": 286603,
        "size_download": 34,
        "speed_download": 79,
        "speed_upload": 669454,
        "download_content_length": 34,
        "upload_content_length": 286603,
        "starttransfer_time": 0.428089,
        "redirect_time": 0,
        "redirect_url": "",
        "primary_ip": "44.220.84.111",
        "certinfo": [],
        "primary_port": 5678,
        "local_ip": "195.35.61.111",
        "local_port": 22472,
        "http_version": 2,
        "protocol": 1,
        "ssl_verifyresult": 0,
        "scheme": "http",
        "appconnect_time_us": 0,
        "connect_time_us": 0,
        "namelookup_time_us": 0,
        "pretransfer_time_us": 131,
        "redirect_time_us": 0,
        "starttransfer_time_us": 428089,
        "posttransfer_time_us": 269,
        "total_time_us": 428114,
        "effective_method": "POST",
        "capath": "",
        "cainfo": "\/etc\/pki\/tls\/certs\/ca-bundle.crt"
    }
}