{
    "timestamp": "2025-10-29 22:31:19",
    "url": "http:\/\/3.17.144.50:5678\/webhook\/formulario-pdf?job_id=pdf_690295b730cb43.68929479",
    "http_code": 200,
    "curl_error": "",
    "response": "{\"message\":\"Workflow was started\"}",
    "curl_info": {
        "url": "http:\/\/3.17.144.50:5678\/webhook\/formulario-pdf?job_id=pdf_690295b730cb43.68929479",
        "content_type": "application\/json; charset=utf-8",
        "http_code": 200,
        "header_size": 500,
        "request_size": 192473,
        "filetime": -1,
        "ssl_verify_result": 0,
        "redirect_count": 0,
        "total_time": 0.163662,
        "namelookup_time": 5.1e-5,
        "connect_time": 0.030715,
        "pretransfer_time": 0.030882,
        "size_upload": 192174,
        "size_download": 34,
        "speed_download": 207,
        "speed_upload": 1174212,
        "download_content_length": 34,
        "upload_content_length": 192174,
        "starttransfer_time": 0.163638,
        "redirect_time": 0,
        "redirect_url": "",
        "primary_ip": "3.17.144.50",
        "certinfo": [],
        "primary_port": 5678,
        "local_ip": "31.170.167.204",
        "local_port": 64080,
        "http_version": 2,
        "protocol": 1,
        "ssl_verifyresult": 0,
        "scheme": "http",
        "appconnect_time_us": 0,
        "connect_time_us": 30715,
        "namelookup_time_us": 51,
        "pretransfer_time_us": 30882,
        "redirect_time_us": 0,
        "starttransfer_time_us": 163638,
        "posttransfer_time_us": 90568,
        "total_time_us": 163662,
        "effective_method": "POST",
        "capath": "",
        "cainfo": "\/etc\/pki\/tls\/certs\/ca-bundle.crt"
    }
}