{
    "timestamp": "2025-11-10 20:27:20",
    "url": "http:\/\/3.17.144.50:5678\/webhook\/formulario-pdf?job_id=pdf_69124aa7bf19a1.15708531",
    "http_code": 200,
    "curl_error": "",
    "response": "{\"message\":\"Workflow was started\"}",
    "curl_info": {
        "url": "http:\/\/3.17.144.50:5678\/webhook\/formulario-pdf?job_id=pdf_69124aa7bf19a1.15708531",
        "content_type": "application\/json; charset=utf-8",
        "http_code": 200,
        "header_size": 500,
        "request_size": 500684,
        "filetime": -1,
        "ssl_verify_result": 0,
        "redirect_count": 0,
        "total_time": 0.240993,
        "namelookup_time": 6.0e-5,
        "connect_time": 0.030703,
        "pretransfer_time": 0.030931,
        "size_upload": 500385,
        "size_download": 34,
        "speed_download": 141,
        "speed_upload": 2076346,
        "download_content_length": 34,
        "upload_content_length": 500385,
        "starttransfer_time": 0.240972,
        "redirect_time": 0,
        "redirect_url": "",
        "primary_ip": "3.17.144.50",
        "certinfo": [],
        "primary_port": 5678,
        "local_ip": "31.170.167.204",
        "local_port": 42012,
        "http_version": 2,
        "protocol": 1,
        "ssl_verifyresult": 0,
        "scheme": "http",
        "appconnect_time_us": 0,
        "connect_time_us": 30703,
        "namelookup_time_us": 60,
        "pretransfer_time_us": 30931,
        "redirect_time_us": 0,
        "starttransfer_time_us": 240972,
        "posttransfer_time_us": 129848,
        "total_time_us": 240993,
        "effective_method": "POST",
        "capath": "",
        "cainfo": "\/etc\/pki\/tls\/certs\/ca-bundle.crt"
    }
}