{
    "timestamp": "2025-10-29 20:03:59",
    "url": "http:\/\/3.17.144.50:5678\/webhook\/formulario-pdf?job_id=pdf_6902732f7c9bd6.72438315",
    "http_code": 200,
    "curl_error": "",
    "response": "{\"message\":\"Workflow was started\"}",
    "curl_info": {
        "url": "http:\/\/3.17.144.50:5678\/webhook\/formulario-pdf?job_id=pdf_6902732f7c9bd6.72438315",
        "content_type": "application\/json; charset=utf-8",
        "http_code": 200,
        "header_size": 500,
        "request_size": 32189,
        "filetime": -1,
        "ssl_verify_result": 0,
        "redirect_count": 0,
        "total_time": 0.096798,
        "namelookup_time": 4.4e-5,
        "connect_time": 0.030667,
        "pretransfer_time": 0.030895,
        "size_upload": 31891,
        "size_download": 34,
        "speed_download": 351,
        "speed_upload": 329459,
        "download_content_length": 34,
        "upload_content_length": 31891,
        "starttransfer_time": 0.096771,
        "redirect_time": 0,
        "redirect_url": "",
        "primary_ip": "3.17.144.50",
        "certinfo": [],
        "primary_port": 5678,
        "local_ip": "31.170.167.204",
        "local_port": 43248,
        "http_version": 2,
        "protocol": 1,
        "ssl_verifyresult": 0,
        "scheme": "http",
        "appconnect_time_us": 0,
        "connect_time_us": 30667,
        "namelookup_time_us": 44,
        "pretransfer_time_us": 30895,
        "redirect_time_us": 0,
        "starttransfer_time_us": 96771,
        "posttransfer_time_us": 30893,
        "total_time_us": 96798,
        "effective_method": "POST",
        "capath": "",
        "cainfo": "\/etc\/pki\/tls\/certs\/ca-bundle.crt"
    }
}