{
    "timestamp": "2026-01-26 00:52:04",
    "url": "http:\/\/3.17.144.50:5678\/webhook\/formulario-pdf?job_id=pdf_6976bab409a069.49655144",
    "http_code": 200,
    "curl_error": "",
    "response": "{\"message\":\"Workflow was started\"}",
    "curl_info": {
        "url": "http:\/\/3.17.144.50:5678\/webhook\/formulario-pdf?job_id=pdf_6976bab409a069.49655144",
        "content_type": "application\/json; charset=utf-8",
        "http_code": 200,
        "header_size": 500,
        "request_size": 192474,
        "filetime": -1,
        "ssl_verify_result": 0,
        "redirect_count": 0,
        "total_time": 0.076405,
        "namelookup_time": 5.3e-5,
        "connect_time": 0.029252,
        "pretransfer_time": 0.029424,
        "size_upload": 192175,
        "size_download": 34,
        "speed_download": 444,
        "speed_upload": 2515214,
        "download_content_length": 34,
        "upload_content_length": 192175,
        "starttransfer_time": 0.076384,
        "redirect_time": 0,
        "redirect_url": "",
        "primary_ip": "3.17.144.50",
        "certinfo": [],
        "primary_port": 5678,
        "local_ip": "195.35.61.111",
        "local_port": 54040,
        "http_version": 2,
        "protocol": 1,
        "ssl_verifyresult": 0,
        "scheme": "http",
        "appconnect_time_us": 0,
        "connect_time_us": 29252,
        "namelookup_time_us": 53,
        "pretransfer_time_us": 29424,
        "redirect_time_us": 0,
        "starttransfer_time_us": 76384,
        "posttransfer_time_us": 59083,
        "total_time_us": 76405,
        "effective_method": "POST",
        "capath": "",
        "cainfo": "\/etc\/pki\/tls\/certs\/ca-bundle.crt"
    }
}