{
    "timestamp": "2025-11-06 19:19:36",
    "url": "http:\/\/3.17.144.50:5678\/webhook\/formulario-pdf?job_id=pdf_690cf4c7d4de42.96029799",
    "http_code": 200,
    "curl_error": "",
    "response": "{\"message\":\"Workflow was started\"}",
    "curl_info": {
        "url": "http:\/\/3.17.144.50:5678\/webhook\/formulario-pdf?job_id=pdf_690cf4c7d4de42.96029799",
        "content_type": "application\/json; charset=utf-8",
        "http_code": 200,
        "header_size": 525,
        "request_size": 2534311,
        "filetime": -1,
        "ssl_verify_result": 0,
        "redirect_count": 0,
        "total_time": 0.678041,
        "namelookup_time": 4.7e-5,
        "connect_time": 0.02969,
        "pretransfer_time": 0.029861,
        "size_upload": 2533989,
        "size_download": 34,
        "speed_download": 50,
        "speed_upload": 3737220,
        "download_content_length": 34,
        "upload_content_length": 2533989,
        "starttransfer_time": 0.061808,
        "redirect_time": 0,
        "redirect_url": "",
        "primary_ip": "3.17.144.50",
        "certinfo": [],
        "primary_port": 5678,
        "local_ip": "31.170.167.204",
        "local_port": 17028,
        "http_version": 2,
        "protocol": 1,
        "ssl_verifyresult": 0,
        "scheme": "http",
        "appconnect_time_us": 0,
        "connect_time_us": 29690,
        "namelookup_time_us": 47,
        "pretransfer_time_us": 29861,
        "redirect_time_us": 0,
        "starttransfer_time_us": 61808,
        "posttransfer_time_us": 235168,
        "total_time_us": 678041,
        "effective_method": "POST",
        "capath": "",
        "cainfo": "\/etc\/pki\/tls\/certs\/ca-bundle.crt"
    }
}