{
    "timestamp": "2025-11-29 22:30:09",
    "url": "http:\/\/3.17.144.50:5678\/webhook\/formulario-pdf?job_id=pdf_692b73f15ccdb1.51480361",
    "http_code": 200,
    "curl_error": "",
    "response": "{\"message\":\"Workflow was started\"}",
    "curl_info": {
        "url": "http:\/\/3.17.144.50:5678\/webhook\/formulario-pdf?job_id=pdf_692b73f15ccdb1.51480361",
        "content_type": "application\/json; charset=utf-8",
        "http_code": 200,
        "header_size": 500,
        "request_size": 377852,
        "filetime": -1,
        "ssl_verify_result": 0,
        "redirect_count": 0,
        "total_time": 0.214962,
        "namelookup_time": 4.9e-5,
        "connect_time": 0.028989,
        "pretransfer_time": 0.029186,
        "size_upload": 377553,
        "size_download": 34,
        "speed_download": 158,
        "speed_upload": 1756370,
        "download_content_length": 34,
        "upload_content_length": 377553,
        "starttransfer_time": 0.214941,
        "redirect_time": 0,
        "redirect_url": "",
        "primary_ip": "3.17.144.50",
        "certinfo": [],
        "primary_port": 5678,
        "local_ip": "31.170.167.204",
        "local_port": 36222,
        "http_version": 2,
        "protocol": 1,
        "ssl_verifyresult": 0,
        "scheme": "http",
        "appconnect_time_us": 0,
        "connect_time_us": 28989,
        "namelookup_time_us": 49,
        "pretransfer_time_us": 29186,
        "redirect_time_us": 0,
        "starttransfer_time_us": 214941,
        "posttransfer_time_us": 101367,
        "total_time_us": 214962,
        "effective_method": "POST",
        "capath": "",
        "cainfo": "\/etc\/pki\/tls\/certs\/ca-bundle.crt"
    }
}