{
    "timestamp": "2026-05-24 17:16:38",
    "url": "http:\/\/44.220.84.111:5678\/webhook\/82921b6e-dc98-46b7-a6d6-d241d0512deb?job_id=pdf_6a1332755cb9d5.21277901",
    "http_code": 200,
    "curl_error": "",
    "response": true,
    "curl_info": {
        "url": "http:\/\/44.220.84.111:5678\/webhook\/82921b6e-dc98-46b7-a6d6-d241d0512deb?job_id=pdf_6a1332755cb9d5.21277901",
        "content_type": "application\/json; charset=utf-8",
        "http_code": 200,
        "header_size": 510,
        "request_size": 238812,
        "filetime": -1,
        "ssl_verify_result": 0,
        "redirect_count": 0,
        "total_time": 0.13718,
        "namelookup_time": 0,
        "connect_time": 0,
        "pretransfer_time": 0.000131,
        "size_upload": 238534,
        "size_download": 34,
        "speed_download": 247,
        "speed_upload": 1738839,
        "download_content_length": 34,
        "upload_content_length": 238534,
        "starttransfer_time": 0.137161,
        "redirect_time": 0,
        "redirect_url": "",
        "primary_ip": "44.220.84.111",
        "certinfo": [],
        "primary_port": 5678,
        "local_ip": "195.35.61.111",
        "local_port": 44340,
        "http_version": 2,
        "protocol": 1,
        "ssl_verifyresult": 0,
        "scheme": "http",
        "appconnect_time_us": 0,
        "connect_time_us": 0,
        "namelookup_time_us": 0,
        "pretransfer_time_us": 131,
        "redirect_time_us": 0,
        "starttransfer_time_us": 137161,
        "posttransfer_time_us": 244,
        "total_time_us": 137180,
        "effective_method": "POST",
        "capath": "",
        "cainfo": "\/etc\/pki\/tls\/certs\/ca-bundle.crt"
    }
}