{
    "timestamp": "2025-11-29 23:05:44",
    "url": "http:\/\/3.17.144.50:5678\/webhook\/formulario-pdf?job_id=pdf_692b7c47ce3ae5.53693438",
    "http_code": 200,
    "curl_error": "",
    "response": "{\"message\":\"Workflow was started\"}",
    "curl_info": {
        "url": "http:\/\/3.17.144.50:5678\/webhook\/formulario-pdf?job_id=pdf_692b7c47ce3ae5.53693438",
        "content_type": "application\/json; charset=utf-8",
        "http_code": 200,
        "header_size": 525,
        "request_size": 3009473,
        "filetime": -1,
        "ssl_verify_result": 0,
        "redirect_count": 0,
        "total_time": 0.409859,
        "namelookup_time": 4.2e-5,
        "connect_time": 0.031477,
        "pretransfer_time": 0.031599,
        "size_upload": 3009151,
        "size_download": 34,
        "speed_download": 82,
        "speed_upload": 7341917,
        "download_content_length": 34,
        "upload_content_length": 3009151,
        "starttransfer_time": 0.063328,
        "redirect_time": 0,
        "redirect_url": "",
        "primary_ip": "3.17.144.50",
        "certinfo": [],
        "primary_port": 5678,
        "local_ip": "31.170.167.204",
        "local_port": 20782,
        "http_version": 2,
        "protocol": 1,
        "ssl_verifyresult": 0,
        "scheme": "http",
        "appconnect_time_us": 0,
        "connect_time_us": 31477,
        "namelookup_time_us": 42,
        "pretransfer_time_us": 31599,
        "redirect_time_us": 0,
        "starttransfer_time_us": 63328,
        "posttransfer_time_us": 253595,
        "total_time_us": 409859,
        "effective_method": "POST",
        "capath": "",
        "cainfo": "\/etc\/pki\/tls\/certs\/ca-bundle.crt"
    }
}