{
    "timestamp": "2025-11-10 17:20:07",
    "url": "http:\/\/3.17.144.50:5678\/webhook\/formulario-pdf?job_id=pdf_69121ec70ac046.13547039",
    "http_code": 200,
    "curl_error": "",
    "response": "{\"message\":\"Workflow was started\"}",
    "curl_info": {
        "url": "http:\/\/3.17.144.50:5678\/webhook\/formulario-pdf?job_id=pdf_69121ec70ac046.13547039",
        "content_type": "application\/json; charset=utf-8",
        "http_code": 200,
        "header_size": 500,
        "request_size": 470067,
        "filetime": -1,
        "ssl_verify_result": 0,
        "redirect_count": 0,
        "total_time": 0.241144,
        "namelookup_time": 4.3e-5,
        "connect_time": 0.031295,
        "pretransfer_time": 0.031508,
        "size_upload": 469768,
        "size_download": 34,
        "speed_download": 140,
        "speed_upload": 1948080,
        "download_content_length": 34,
        "upload_content_length": 469768,
        "starttransfer_time": 0.241129,
        "redirect_time": 0,
        "redirect_url": "",
        "primary_ip": "3.17.144.50",
        "certinfo": [],
        "primary_port": 5678,
        "local_ip": "31.170.167.204",
        "local_port": 60094,
        "http_version": 2,
        "protocol": 1,
        "ssl_verifyresult": 0,
        "scheme": "http",
        "appconnect_time_us": 0,
        "connect_time_us": 31295,
        "namelookup_time_us": 43,
        "pretransfer_time_us": 31508,
        "redirect_time_us": 0,
        "starttransfer_time_us": 241129,
        "posttransfer_time_us": 130661,
        "total_time_us": 241144,
        "effective_method": "POST",
        "capath": "",
        "cainfo": "\/etc\/pki\/tls\/certs\/ca-bundle.crt"
    }
}