{
    "timestamp": "2025-12-20 17:29:10",
    "url": "http:\/\/3.17.144.50:5678\/webhook\/formulario-pdf?job_id=pdf_6946dce5b46b65.12734596",
    "http_code": 200,
    "curl_error": "",
    "response": "{\"message\":\"Workflow was started\"}",
    "curl_info": {
        "url": "http:\/\/3.17.144.50:5678\/webhook\/formulario-pdf?job_id=pdf_6946dce5b46b65.12734596",
        "content_type": "application\/json; charset=utf-8",
        "http_code": 200,
        "header_size": 500,
        "request_size": 243989,
        "filetime": -1,
        "ssl_verify_result": 0,
        "redirect_count": 0,
        "total_time": 0.213399,
        "namelookup_time": 4.3e-5,
        "connect_time": 0.028786,
        "pretransfer_time": 0.029001,
        "size_upload": 243690,
        "size_download": 34,
        "speed_download": 159,
        "speed_upload": 1141945,
        "download_content_length": 34,
        "upload_content_length": 243690,
        "starttransfer_time": 0.21338,
        "redirect_time": 0,
        "redirect_url": "",
        "primary_ip": "3.17.144.50",
        "certinfo": [],
        "primary_port": 5678,
        "local_ip": "31.170.167.204",
        "local_port": 18398,
        "http_version": 2,
        "protocol": 1,
        "ssl_verifyresult": 0,
        "scheme": "http",
        "appconnect_time_us": 0,
        "connect_time_us": 28786,
        "namelookup_time_us": 43,
        "pretransfer_time_us": 29001,
        "redirect_time_us": 0,
        "starttransfer_time_us": 213380,
        "posttransfer_time_us": 88341,
        "total_time_us": 213399,
        "effective_method": "POST",
        "capath": "",
        "cainfo": "\/etc\/pki\/tls\/certs\/ca-bundle.crt"
    }
}