{
    "timestamp": "2025-11-29 04:25:34",
    "url": "http:\/\/3.17.144.50:5678\/webhook\/formulario-pdf?job_id=pdf_692a75be2f94f9.84387164",
    "http_code": 200,
    "curl_error": "",
    "response": "{\"message\":\"Workflow was started\"}",
    "curl_info": {
        "url": "http:\/\/3.17.144.50:5678\/webhook\/formulario-pdf?job_id=pdf_692a75be2f94f9.84387164",
        "content_type": "application\/json; charset=utf-8",
        "http_code": 200,
        "header_size": 525,
        "request_size": 6112057,
        "filetime": -1,
        "ssl_verify_result": 0,
        "redirect_count": 0,
        "total_time": 0.48312,
        "namelookup_time": 4.0e-5,
        "connect_time": 0.03055,
        "pretransfer_time": 0.030671,
        "size_upload": 6111735,
        "size_download": 34,
        "speed_download": 70,
        "speed_upload": 12650552,
        "download_content_length": 34,
        "upload_content_length": 6111735,
        "starttransfer_time": 0.061492,
        "redirect_time": 0,
        "redirect_url": "",
        "primary_ip": "3.17.144.50",
        "certinfo": [],
        "primary_port": 5678,
        "local_ip": "31.170.167.204",
        "local_port": 30318,
        "http_version": 2,
        "protocol": 1,
        "ssl_verifyresult": 0,
        "scheme": "http",
        "appconnect_time_us": 0,
        "connect_time_us": 30550,
        "namelookup_time_us": 40,
        "pretransfer_time_us": 30671,
        "redirect_time_us": 0,
        "starttransfer_time_us": 61492,
        "posttransfer_time_us": 343126,
        "total_time_us": 483120,
        "effective_method": "POST",
        "capath": "",
        "cainfo": "\/etc\/pki\/tls\/certs\/ca-bundle.crt"
    }
}