{
    "timestamp": "2025-11-10 20:56:04",
    "url": "http:\/\/3.17.144.50:5678\/webhook\/formulario-pdf?job_id=pdf_69125163b0ca73.82627810",
    "http_code": 200,
    "curl_error": "",
    "response": "{\"message\":\"Workflow was started\"}",
    "curl_info": {
        "url": "http:\/\/3.17.144.50:5678\/webhook\/formulario-pdf?job_id=pdf_69125163b0ca73.82627810",
        "content_type": "application\/json; charset=utf-8",
        "http_code": 200,
        "header_size": 500,
        "request_size": 336537,
        "filetime": -1,
        "ssl_verify_result": 0,
        "redirect_count": 0,
        "total_time": 0.225851,
        "namelookup_time": 4.2e-5,
        "connect_time": 0.030567,
        "pretransfer_time": 0.030772,
        "size_upload": 336238,
        "size_download": 34,
        "speed_download": 150,
        "speed_upload": 1488760,
        "download_content_length": 34,
        "upload_content_length": 336238,
        "starttransfer_time": 0.225833,
        "redirect_time": 0,
        "redirect_url": "",
        "primary_ip": "3.17.144.50",
        "certinfo": [],
        "primary_port": 5678,
        "local_ip": "31.170.167.204",
        "local_port": 45314,
        "http_version": 2,
        "protocol": 1,
        "ssl_verifyresult": 0,
        "scheme": "http",
        "appconnect_time_us": 0,
        "connect_time_us": 30567,
        "namelookup_time_us": 42,
        "pretransfer_time_us": 30772,
        "redirect_time_us": 0,
        "starttransfer_time_us": 225833,
        "posttransfer_time_us": 106481,
        "total_time_us": 225851,
        "effective_method": "POST",
        "capath": "",
        "cainfo": "\/etc\/pki\/tls\/certs\/ca-bundle.crt"
    }
}