{
    "timestamp": "2025-12-12 02:29:34",
    "url": "http:\/\/3.17.144.50:5678\/webhook\/formulario-pdf?job_id=pdf_693b7e0deeef34.31666343",
    "http_code": 200,
    "curl_error": "",
    "response": "{\"message\":\"Workflow was started\"}",
    "curl_info": {
        "url": "http:\/\/3.17.144.50:5678\/webhook\/formulario-pdf?job_id=pdf_693b7e0deeef34.31666343",
        "content_type": "application\/json; charset=utf-8",
        "http_code": 200,
        "header_size": 525,
        "request_size": 3920246,
        "filetime": -1,
        "ssl_verify_result": 0,
        "redirect_count": 0,
        "total_time": 0.420925,
        "namelookup_time": 5.8e-5,
        "connect_time": 0.028843,
        "pretransfer_time": 0.028974,
        "size_upload": 3919924,
        "size_download": 34,
        "speed_download": 80,
        "speed_upload": 9312642,
        "download_content_length": 34,
        "upload_content_length": 3919924,
        "starttransfer_time": 0.059169,
        "redirect_time": 0,
        "redirect_url": "",
        "primary_ip": "3.17.144.50",
        "certinfo": [],
        "primary_port": 5678,
        "local_ip": "31.170.167.204",
        "local_port": 24168,
        "http_version": 2,
        "protocol": 1,
        "ssl_verifyresult": 0,
        "scheme": "http",
        "appconnect_time_us": 0,
        "connect_time_us": 28843,
        "namelookup_time_us": 58,
        "pretransfer_time_us": 28974,
        "redirect_time_us": 0,
        "starttransfer_time_us": 59169,
        "posttransfer_time_us": 281897,
        "total_time_us": 420925,
        "effective_method": "POST",
        "capath": "",
        "cainfo": "\/etc\/pki\/tls\/certs\/ca-bundle.crt"
    }
}