{
    "timestamp": "2025-10-29 21:27:22",
    "url": "http:\/\/3.17.144.50:5678\/webhook\/formulario-pdf?job_id=pdf_690286ba7e2066.75748701",
    "http_code": 200,
    "curl_error": "",
    "response": "{\"message\":\"Workflow was started\"}",
    "curl_info": {
        "url": "http:\/\/3.17.144.50:5678\/webhook\/formulario-pdf?job_id=pdf_690286ba7e2066.75748701",
        "content_type": "application\/json; charset=utf-8",
        "http_code": 200,
        "header_size": 500,
        "request_size": 32189,
        "filetime": -1,
        "ssl_verify_result": 0,
        "redirect_count": 0,
        "total_time": 0.103844,
        "namelookup_time": 6.3e-5,
        "connect_time": 0.030253,
        "pretransfer_time": 0.030458,
        "size_upload": 31891,
        "size_download": 34,
        "speed_download": 327,
        "speed_upload": 307104,
        "download_content_length": 34,
        "upload_content_length": 31891,
        "starttransfer_time": 0.103818,
        "redirect_time": 0,
        "redirect_url": "",
        "primary_ip": "3.17.144.50",
        "certinfo": [],
        "primary_port": 5678,
        "local_ip": "31.170.167.204",
        "local_port": 30678,
        "http_version": 2,
        "protocol": 1,
        "ssl_verifyresult": 0,
        "scheme": "http",
        "appconnect_time_us": 0,
        "connect_time_us": 30253,
        "namelookup_time_us": 63,
        "pretransfer_time_us": 30458,
        "redirect_time_us": 0,
        "starttransfer_time_us": 103818,
        "posttransfer_time_us": 30457,
        "total_time_us": 103844,
        "effective_method": "POST",
        "capath": "",
        "cainfo": "\/etc\/pki\/tls\/certs\/ca-bundle.crt"
    }
}