{
    "timestamp": "2025-11-23 20:51:01",
    "url": "http:\/\/3.17.144.50:5678\/webhook\/formulario-pdf?job_id=pdf_692373b56352a8.02089286",
    "http_code": 200,
    "curl_error": "",
    "response": "{\"message\":\"Workflow was started\"}",
    "curl_info": {
        "url": "http:\/\/3.17.144.50:5678\/webhook\/formulario-pdf?job_id=pdf_692373b56352a8.02089286",
        "content_type": "application\/json; charset=utf-8",
        "http_code": 200,
        "header_size": 500,
        "request_size": 336537,
        "filetime": -1,
        "ssl_verify_result": 0,
        "redirect_count": 0,
        "total_time": 0.289231,
        "namelookup_time": 4.2e-5,
        "connect_time": 0.029163,
        "pretransfer_time": 0.029347,
        "size_upload": 336238,
        "size_download": 34,
        "speed_download": 117,
        "speed_upload": 1162524,
        "download_content_length": 34,
        "upload_content_length": 336238,
        "starttransfer_time": 0.289205,
        "redirect_time": 0,
        "redirect_url": "",
        "primary_ip": "3.17.144.50",
        "certinfo": [],
        "primary_port": 5678,
        "local_ip": "31.170.167.204",
        "local_port": 52462,
        "http_version": 2,
        "protocol": 1,
        "ssl_verifyresult": 0,
        "scheme": "http",
        "appconnect_time_us": 0,
        "connect_time_us": 29163,
        "namelookup_time_us": 42,
        "pretransfer_time_us": 29347,
        "redirect_time_us": 0,
        "starttransfer_time_us": 289205,
        "posttransfer_time_us": 101656,
        "total_time_us": 289231,
        "effective_method": "POST",
        "capath": "",
        "cainfo": "\/etc\/pki\/tls\/certs\/ca-bundle.crt"
    }
}