{
    "timestamp": "2026-05-20 01:40:02",
    "url": "http:\/\/44.220.84.111:5678\/webhook\/82921b6e-dc98-46b7-a6d6-d241d0512deb?job_id=pdf_6a0d10e85a87f2.02430377",
    "http_code": 0,
    "curl_error": "Operation timed out after 5001 milliseconds with 0 bytes received",
    "response": false,
    "curl_info": {
        "url": "http:\/\/44.220.84.111:5678\/webhook\/82921b6e-dc98-46b7-a6d6-d241d0512deb?job_id=pdf_6a0d10e85a87f2.02430377",
        "content_type": null,
        "http_code": 0,
        "header_size": 0,
        "request_size": 157608,
        "filetime": -1,
        "ssl_verify_result": 0,
        "redirect_count": 0,
        "total_time": 5.001345,
        "namelookup_time": 3.7e-5,
        "connect_time": 0.020094,
        "pretransfer_time": 0.020226,
        "size_upload": 157330,
        "size_download": 0,
        "speed_download": 0,
        "speed_upload": 31457,
        "download_content_length": -1,
        "upload_content_length": 157330,
        "starttransfer_time": 0,
        "redirect_time": 0,
        "redirect_url": "",
        "primary_ip": "44.220.84.111",
        "certinfo": [],
        "primary_port": 5678,
        "local_ip": "195.35.61.111",
        "local_port": 21168,
        "http_version": 0,
        "protocol": 1,
        "ssl_verifyresult": 0,
        "scheme": "http",
        "appconnect_time_us": 0,
        "connect_time_us": 20094,
        "namelookup_time_us": 37,
        "pretransfer_time_us": 20226,
        "redirect_time_us": 0,
        "starttransfer_time_us": 0,
        "posttransfer_time_us": 40245,
        "total_time_us": 5001345,
        "effective_method": "POST",
        "capath": "",
        "cainfo": "\/etc\/pki\/tls\/certs\/ca-bundle.crt"
    }
}