{
    "timestamp": "2025-10-30 20:59:06",
    "url": "http:\/\/3.17.144.50:5678\/webhook\/formulario-pdf?job_id=pdf_6903d199cf47e3.99296526",
    "http_code": 200,
    "curl_error": "",
    "response": "{\"message\":\"Workflow was started\"}",
    "curl_info": {
        "url": "http:\/\/3.17.144.50:5678\/webhook\/formulario-pdf?job_id=pdf_6903d199cf47e3.99296526",
        "content_type": "application\/json; charset=utf-8",
        "http_code": 200,
        "header_size": 500,
        "request_size": 205522,
        "filetime": -1,
        "ssl_verify_result": 0,
        "redirect_count": 0,
        "total_time": 0.153268,
        "namelookup_time": 6.1e-5,
        "connect_time": 0.028833,
        "pretransfer_time": 0.029084,
        "size_upload": 205223,
        "size_download": 34,
        "speed_download": 221,
        "speed_upload": 1338981,
        "download_content_length": 34,
        "upload_content_length": 205223,
        "starttransfer_time": 0.15324,
        "redirect_time": 0,
        "redirect_url": "",
        "primary_ip": "3.17.144.50",
        "certinfo": [],
        "primary_port": 5678,
        "local_ip": "31.170.167.204",
        "local_port": 50776,
        "http_version": 2,
        "protocol": 1,
        "ssl_verifyresult": 0,
        "scheme": "http",
        "appconnect_time_us": 0,
        "connect_time_us": 28833,
        "namelookup_time_us": 61,
        "pretransfer_time_us": 29084,
        "redirect_time_us": 0,
        "starttransfer_time_us": 153240,
        "posttransfer_time_us": 86860,
        "total_time_us": 153268,
        "effective_method": "POST",
        "capath": "",
        "cainfo": "\/etc\/pki\/tls\/certs\/ca-bundle.crt"
    }
}