{
    "timestamp": "2025-11-26 02:55:19",
    "url": "http:\/\/3.17.144.50:5678\/webhook\/formulario-pdf?job_id=pdf_69266c17ae7aa3.46272862",
    "http_code": 200,
    "curl_error": "",
    "response": "{\"message\":\"Workflow was started\"}",
    "curl_info": {
        "url": "http:\/\/3.17.144.50:5678\/webhook\/formulario-pdf?job_id=pdf_69266c17ae7aa3.46272862",
        "content_type": "application\/json; charset=utf-8",
        "http_code": 200,
        "header_size": 500,
        "request_size": 25664,
        "filetime": -1,
        "ssl_verify_result": 0,
        "redirect_count": 0,
        "total_time": 0.1235,
        "namelookup_time": 5.3e-5,
        "connect_time": 0.030341,
        "pretransfer_time": 0.03052,
        "size_upload": 25366,
        "size_download": 34,
        "speed_download": 275,
        "speed_upload": 205392,
        "download_content_length": 34,
        "upload_content_length": 25366,
        "starttransfer_time": 0.123479,
        "redirect_time": 0,
        "redirect_url": "",
        "primary_ip": "3.17.144.50",
        "certinfo": [],
        "primary_port": 5678,
        "local_ip": "31.170.167.204",
        "local_port": 64354,
        "http_version": 2,
        "protocol": 1,
        "ssl_verifyresult": 0,
        "scheme": "http",
        "appconnect_time_us": 0,
        "connect_time_us": 30341,
        "namelookup_time_us": 53,
        "pretransfer_time_us": 30520,
        "redirect_time_us": 0,
        "starttransfer_time_us": 123479,
        "posttransfer_time_us": 30519,
        "total_time_us": 123500,
        "effective_method": "POST",
        "capath": "",
        "cainfo": "\/etc\/pki\/tls\/certs\/ca-bundle.crt"
    }
}