{
    "timestamp": "2025-11-19 21:06:26",
    "url": "http:\/\/3.17.144.50:5678\/webhook\/formulario-pdf?job_id=pdf_691e315281b595.59613643",
    "http_code": 200,
    "curl_error": "",
    "response": "{\"message\":\"Workflow was started\"}",
    "curl_info": {
        "url": "http:\/\/3.17.144.50:5678\/webhook\/formulario-pdf?job_id=pdf_691e315281b595.59613643",
        "content_type": "application\/json; charset=utf-8",
        "http_code": 200,
        "header_size": 525,
        "request_size": 1542833,
        "filetime": -1,
        "ssl_verify_result": 0,
        "redirect_count": 0,
        "total_time": 0.320337,
        "namelookup_time": 5.1e-5,
        "connect_time": 0.029541,
        "pretransfer_time": 0.029679,
        "size_upload": 1542511,
        "size_download": 34,
        "speed_download": 106,
        "speed_upload": 4815275,
        "download_content_length": 34,
        "upload_content_length": 1542511,
        "starttransfer_time": 0.059197,
        "redirect_time": 0,
        "redirect_url": "",
        "primary_ip": "3.17.144.50",
        "certinfo": [],
        "primary_port": 5678,
        "local_ip": "31.170.167.204",
        "local_port": 18706,
        "http_version": 2,
        "protocol": 1,
        "ssl_verifyresult": 0,
        "scheme": "http",
        "appconnect_time_us": 0,
        "connect_time_us": 29541,
        "namelookup_time_us": 51,
        "pretransfer_time_us": 29679,
        "redirect_time_us": 0,
        "starttransfer_time_us": 59197,
        "posttransfer_time_us": 211175,
        "total_time_us": 320337,
        "effective_method": "POST",
        "capath": "",
        "cainfo": "\/etc\/pki\/tls\/certs\/ca-bundle.crt"
    }
}