{
    "timestamp": "2025-11-07 19:09:20",
    "url": "http:\/\/3.17.144.50:5678\/webhook\/formulario-pdf?job_id=pdf_690e43dfaa0be6.03641833",
    "http_code": 200,
    "curl_error": "",
    "response": "{\"message\":\"Workflow was started\"}",
    "curl_info": {
        "url": "http:\/\/3.17.144.50:5678\/webhook\/formulario-pdf?job_id=pdf_690e43dfaa0be6.03641833",
        "content_type": "application\/json; charset=utf-8",
        "http_code": 200,
        "header_size": 500,
        "request_size": 470067,
        "filetime": -1,
        "ssl_verify_result": 0,
        "redirect_count": 0,
        "total_time": 0.233364,
        "namelookup_time": 4.9e-5,
        "connect_time": 0.029564,
        "pretransfer_time": 0.029738,
        "size_upload": 469768,
        "size_download": 34,
        "speed_download": 145,
        "speed_upload": 2013026,
        "download_content_length": 34,
        "upload_content_length": 469768,
        "starttransfer_time": 0.233344,
        "redirect_time": 0,
        "redirect_url": "",
        "primary_ip": "3.17.144.50",
        "certinfo": [],
        "primary_port": 5678,
        "local_ip": "31.170.167.204",
        "local_port": 34368,
        "http_version": 2,
        "protocol": 1,
        "ssl_verifyresult": 0,
        "scheme": "http",
        "appconnect_time_us": 0,
        "connect_time_us": 29564,
        "namelookup_time_us": 49,
        "pretransfer_time_us": 29738,
        "redirect_time_us": 0,
        "starttransfer_time_us": 233344,
        "posttransfer_time_us": 129253,
        "total_time_us": 233364,
        "effective_method": "POST",
        "capath": "",
        "cainfo": "\/etc\/pki\/tls\/certs\/ca-bundle.crt"
    }
}