{
    "timestamp": "2026-01-26 01:25:28",
    "url": "http:\/\/3.17.144.50:5678\/webhook\/formulario-pdf?job_id=pdf_6976c2878c7155.75096381",
    "http_code": 200,
    "curl_error": "",
    "response": "{\"message\":\"Workflow was started\"}",
    "curl_info": {
        "url": "http:\/\/3.17.144.50:5678\/webhook\/formulario-pdf?job_id=pdf_6976c2878c7155.75096381",
        "content_type": "application\/json; charset=utf-8",
        "http_code": 200,
        "header_size": 500,
        "request_size": 212936,
        "filetime": -1,
        "ssl_verify_result": 0,
        "redirect_count": 0,
        "total_time": 0.077143,
        "namelookup_time": 5.1e-5,
        "connect_time": 0.031053,
        "pretransfer_time": 0.031296,
        "size_upload": 212637,
        "size_download": 34,
        "speed_download": 440,
        "speed_upload": 2756400,
        "download_content_length": 34,
        "upload_content_length": 212637,
        "starttransfer_time": 0.077089,
        "redirect_time": 0,
        "redirect_url": "",
        "primary_ip": "3.17.144.50",
        "certinfo": [],
        "primary_port": 5678,
        "local_ip": "195.35.61.111",
        "local_port": 61348,
        "http_version": 2,
        "protocol": 1,
        "ssl_verifyresult": 0,
        "scheme": "http",
        "appconnect_time_us": 0,
        "connect_time_us": 31053,
        "namelookup_time_us": 51,
        "pretransfer_time_us": 31296,
        "redirect_time_us": 0,
        "starttransfer_time_us": 77089,
        "posttransfer_time_us": 77140,
        "total_time_us": 77143,
        "effective_method": "POST",
        "capath": "",
        "cainfo": "\/etc\/pki\/tls\/certs\/ca-bundle.crt"
    }
}