{
    "timestamp": "2025-11-10 04:55:48",
    "url": "http:\/\/3.17.144.50:5678\/webhook\/formulario-pdf?job_id=pdf_6911705420e330.21678800",
    "http_code": 200,
    "curl_error": "",
    "response": "{\"message\":\"Workflow was started\"}",
    "curl_info": {
        "url": "http:\/\/3.17.144.50:5678\/webhook\/formulario-pdf?job_id=pdf_6911705420e330.21678800",
        "content_type": "application\/json; charset=utf-8",
        "http_code": 200,
        "header_size": 500,
        "request_size": 470474,
        "filetime": -1,
        "ssl_verify_result": 0,
        "redirect_count": 0,
        "total_time": 0.237649,
        "namelookup_time": 4.4e-5,
        "connect_time": 0.030489,
        "pretransfer_time": 0.030655,
        "size_upload": 470175,
        "size_download": 34,
        "speed_download": 143,
        "speed_upload": 1978442,
        "download_content_length": 34,
        "upload_content_length": 470175,
        "starttransfer_time": 0.237628,
        "redirect_time": 0,
        "redirect_url": "",
        "primary_ip": "3.17.144.50",
        "certinfo": [],
        "primary_port": 5678,
        "local_ip": "31.170.167.204",
        "local_port": 60742,
        "http_version": 2,
        "protocol": 1,
        "ssl_verifyresult": 0,
        "scheme": "http",
        "appconnect_time_us": 0,
        "connect_time_us": 30489,
        "namelookup_time_us": 44,
        "pretransfer_time_us": 30655,
        "redirect_time_us": 0,
        "starttransfer_time_us": 237628,
        "posttransfer_time_us": 129952,
        "total_time_us": 237649,
        "effective_method": "POST",
        "capath": "",
        "cainfo": "\/etc\/pki\/tls\/certs\/ca-bundle.crt"
    }
}