{
    "timestamp": "2025-11-19 16:42:09",
    "url": "http:\/\/3.17.144.50:5678\/webhook\/formulario-pdf?job_id=pdf_691df360c4bfb2.46425430",
    "http_code": 200,
    "curl_error": "",
    "response": "{\"message\":\"Workflow was started\"}",
    "curl_info": {
        "url": "http:\/\/3.17.144.50:5678\/webhook\/formulario-pdf?job_id=pdf_691df360c4bfb2.46425430",
        "content_type": "application\/json; charset=utf-8",
        "http_code": 200,
        "header_size": 525,
        "request_size": 2534005,
        "filetime": -1,
        "ssl_verify_result": 0,
        "redirect_count": 0,
        "total_time": 0.370057,
        "namelookup_time": 5.6e-5,
        "connect_time": 0.030106,
        "pretransfer_time": 0.030233,
        "size_upload": 2533683,
        "size_download": 34,
        "speed_download": 91,
        "speed_upload": 6846737,
        "download_content_length": 34,
        "upload_content_length": 2533683,
        "starttransfer_time": 0.060839,
        "redirect_time": 0,
        "redirect_url": "",
        "primary_ip": "3.17.144.50",
        "certinfo": [],
        "primary_port": 5678,
        "local_ip": "31.170.167.204",
        "local_port": 23830,
        "http_version": 2,
        "protocol": 1,
        "ssl_verifyresult": 0,
        "scheme": "http",
        "appconnect_time_us": 0,
        "connect_time_us": 30106,
        "namelookup_time_us": 56,
        "pretransfer_time_us": 30233,
        "redirect_time_us": 0,
        "starttransfer_time_us": 60839,
        "posttransfer_time_us": 240446,
        "total_time_us": 370057,
        "effective_method": "POST",
        "capath": "",
        "cainfo": "\/etc\/pki\/tls\/certs\/ca-bundle.crt"
    }
}