{
    "timestamp": "2025-11-10 23:19:31",
    "url": "http:\/\/3.17.144.50:5678\/webhook\/formulario-pdf?job_id=pdf_691273038395e9.25997246",
    "http_code": 200,
    "curl_error": "",
    "response": "{\"message\":\"Workflow was started\"}",
    "curl_info": {
        "url": "http:\/\/3.17.144.50:5678\/webhook\/formulario-pdf?job_id=pdf_691273038395e9.25997246",
        "content_type": "application\/json; charset=utf-8",
        "http_code": 200,
        "header_size": 500,
        "request_size": 613740,
        "filetime": -1,
        "ssl_verify_result": 0,
        "redirect_count": 0,
        "total_time": 0.266244,
        "namelookup_time": 4.6e-5,
        "connect_time": 0.033162,
        "pretransfer_time": 0.033353,
        "size_upload": 613441,
        "size_download": 34,
        "speed_download": 127,
        "speed_upload": 2304055,
        "download_content_length": 34,
        "upload_content_length": 613441,
        "starttransfer_time": 0.266217,
        "redirect_time": 0,
        "redirect_url": "",
        "primary_ip": "3.17.144.50",
        "certinfo": [],
        "primary_port": 5678,
        "local_ip": "31.170.167.204",
        "local_port": 50844,
        "http_version": 2,
        "protocol": 1,
        "ssl_verifyresult": 0,
        "scheme": "http",
        "appconnect_time_us": 0,
        "connect_time_us": 33162,
        "namelookup_time_us": 46,
        "pretransfer_time_us": 33353,
        "redirect_time_us": 0,
        "starttransfer_time_us": 266217,
        "posttransfer_time_us": 150905,
        "total_time_us": 266244,
        "effective_method": "POST",
        "capath": "",
        "cainfo": "\/etc\/pki\/tls\/certs\/ca-bundle.crt"
    }
}