{
    "timestamp": "2025-11-19 21:00:59",
    "url": "http:\/\/3.17.144.50:5678\/webhook\/formulario-pdf?job_id=pdf_691e300ab4e457.74963350",
    "http_code": 200,
    "curl_error": "",
    "response": "{\"message\":\"Workflow was started\"}",
    "curl_info": {
        "url": "http:\/\/3.17.144.50:5678\/webhook\/formulario-pdf?job_id=pdf_691e300ab4e457.74963350",
        "content_type": "application\/json; charset=utf-8",
        "http_code": 200,
        "header_size": 500,
        "request_size": 470067,
        "filetime": -1,
        "ssl_verify_result": 0,
        "redirect_count": 0,
        "total_time": 0.239886,
        "namelookup_time": 6.1e-5,
        "connect_time": 0.030719,
        "pretransfer_time": 0.030964,
        "size_upload": 469768,
        "size_download": 34,
        "speed_download": 141,
        "speed_upload": 1958296,
        "download_content_length": 34,
        "upload_content_length": 469768,
        "starttransfer_time": 0.239859,
        "redirect_time": 0,
        "redirect_url": "",
        "primary_ip": "3.17.144.50",
        "certinfo": [],
        "primary_port": 5678,
        "local_ip": "31.170.167.204",
        "local_port": 53236,
        "http_version": 2,
        "protocol": 1,
        "ssl_verifyresult": 0,
        "scheme": "http",
        "appconnect_time_us": 0,
        "connect_time_us": 30719,
        "namelookup_time_us": 61,
        "pretransfer_time_us": 30964,
        "redirect_time_us": 0,
        "starttransfer_time_us": 239859,
        "posttransfer_time_us": 129949,
        "total_time_us": 239886,
        "effective_method": "POST",
        "capath": "",
        "cainfo": "\/etc\/pki\/tls\/certs\/ca-bundle.crt"
    }
}