{
    "timestamp": "2025-11-14 03:16:51",
    "url": "http:\/\/3.17.144.50:5678\/webhook\/formulario-pdf?job_id=pdf_69169f22bac1e8.94068455",
    "http_code": 200,
    "curl_error": "",
    "response": "{\"message\":\"Workflow was started\"}",
    "curl_info": {
        "url": "http:\/\/3.17.144.50:5678\/webhook\/formulario-pdf?job_id=pdf_69169f22bac1e8.94068455",
        "content_type": "application\/json; charset=utf-8",
        "http_code": 200,
        "header_size": 500,
        "request_size": 33525,
        "filetime": -1,
        "ssl_verify_result": 0,
        "redirect_count": 0,
        "total_time": 0.10334,
        "namelookup_time": 4.5e-5,
        "connect_time": 0.02889,
        "pretransfer_time": 0.029049,
        "size_upload": 33227,
        "size_download": 34,
        "speed_download": 329,
        "speed_upload": 321530,
        "download_content_length": 34,
        "upload_content_length": 33227,
        "starttransfer_time": 0.103315,
        "redirect_time": 0,
        "redirect_url": "",
        "primary_ip": "3.17.144.50",
        "certinfo": [],
        "primary_port": 5678,
        "local_ip": "31.170.167.204",
        "local_port": 42790,
        "http_version": 2,
        "protocol": 1,
        "ssl_verifyresult": 0,
        "scheme": "http",
        "appconnect_time_us": 0,
        "connect_time_us": 28890,
        "namelookup_time_us": 45,
        "pretransfer_time_us": 29049,
        "redirect_time_us": 0,
        "starttransfer_time_us": 103315,
        "posttransfer_time_us": 29048,
        "total_time_us": 103340,
        "effective_method": "POST",
        "capath": "",
        "cainfo": "\/etc\/pki\/tls\/certs\/ca-bundle.crt"
    }
}