{
    "timestamp": "2025-11-27 05:49:14",
    "url": "http:\/\/3.17.144.50:5678\/webhook\/formulario-pdf?job_id=pdf_6927e65a4dc406.50460272",
    "http_code": 200,
    "curl_error": "",
    "response": "{\"message\":\"Workflow was started\"}",
    "curl_info": {
        "url": "http:\/\/3.17.144.50:5678\/webhook\/formulario-pdf?job_id=pdf_6927e65a4dc406.50460272",
        "content_type": "application\/json; charset=utf-8",
        "http_code": 200,
        "header_size": 500,
        "request_size": 377852,
        "filetime": -1,
        "ssl_verify_result": 0,
        "redirect_count": 0,
        "total_time": 0.217628,
        "namelookup_time": 5.0e-5,
        "connect_time": 0.029382,
        "pretransfer_time": 0.029555,
        "size_upload": 377553,
        "size_download": 34,
        "speed_download": 156,
        "speed_upload": 1734854,
        "download_content_length": 34,
        "upload_content_length": 377553,
        "starttransfer_time": 0.217607,
        "redirect_time": 0,
        "redirect_url": "",
        "primary_ip": "3.17.144.50",
        "certinfo": [],
        "primary_port": 5678,
        "local_ip": "31.170.167.204",
        "local_port": 29258,
        "http_version": 2,
        "protocol": 1,
        "ssl_verifyresult": 0,
        "scheme": "http",
        "appconnect_time_us": 0,
        "connect_time_us": 29382,
        "namelookup_time_us": 50,
        "pretransfer_time_us": 29555,
        "redirect_time_us": 0,
        "starttransfer_time_us": 217607,
        "posttransfer_time_us": 101636,
        "total_time_us": 217628,
        "effective_method": "POST",
        "capath": "",
        "cainfo": "\/etc\/pki\/tls\/certs\/ca-bundle.crt"
    }
}