{
    "timestamp": "2026-01-25 23:50:15",
    "url": "http:\/\/3.17.144.50:5678\/webhook\/formulario-pdf?job_id=pdf_6976ac3748fb43.68224159",
    "http_code": 200,
    "curl_error": "",
    "response": "{\"message\":\"Workflow was started\"}",
    "curl_info": {
        "url": "http:\/\/3.17.144.50:5678\/webhook\/formulario-pdf?job_id=pdf_6976ac3748fb43.68224159",
        "content_type": "application\/json; charset=utf-8",
        "http_code": 200,
        "header_size": 500,
        "request_size": 199856,
        "filetime": -1,
        "ssl_verify_result": 0,
        "redirect_count": 0,
        "total_time": 0.073741,
        "namelookup_time": 5.5e-5,
        "connect_time": 0.029991,
        "pretransfer_time": 0.030154,
        "size_upload": 199557,
        "size_download": 34,
        "speed_download": 461,
        "speed_upload": 2706187,
        "download_content_length": 34,
        "upload_content_length": 199557,
        "starttransfer_time": 0.073705,
        "redirect_time": 0,
        "redirect_url": "",
        "primary_ip": "3.17.144.50",
        "certinfo": [],
        "primary_port": 5678,
        "local_ip": "195.35.61.111",
        "local_port": 30842,
        "http_version": 2,
        "protocol": 1,
        "ssl_verifyresult": 0,
        "scheme": "http",
        "appconnect_time_us": 0,
        "connect_time_us": 29991,
        "namelookup_time_us": 55,
        "pretransfer_time_us": 30154,
        "redirect_time_us": 0,
        "starttransfer_time_us": 73705,
        "posttransfer_time_us": 73736,
        "total_time_us": 73741,
        "effective_method": "POST",
        "capath": "",
        "cainfo": "\/etc\/pki\/tls\/certs\/ca-bundle.crt"
    }
}