{
    "timestamp": "2025-11-27 05:38:12",
    "url": "http:\/\/3.17.144.50:5678\/webhook\/formulario-pdf?job_id=pdf_6927e3c438e5a4.46374223",
    "http_code": 200,
    "curl_error": "",
    "response": "{\"message\":\"Workflow was started\"}",
    "curl_info": {
        "url": "http:\/\/3.17.144.50:5678\/webhook\/formulario-pdf?job_id=pdf_6927e3c438e5a4.46374223",
        "content_type": "application\/json; charset=utf-8",
        "http_code": 200,
        "header_size": 500,
        "request_size": 377852,
        "filetime": -1,
        "ssl_verify_result": 0,
        "redirect_count": 0,
        "total_time": 0.225516,
        "namelookup_time": 4.9e-5,
        "connect_time": 0.030503,
        "pretransfer_time": 0.030699,
        "size_upload": 377553,
        "size_download": 34,
        "speed_download": 150,
        "speed_upload": 1674173,
        "download_content_length": 34,
        "upload_content_length": 377553,
        "starttransfer_time": 0.225491,
        "redirect_time": 0,
        "redirect_url": "",
        "primary_ip": "3.17.144.50",
        "certinfo": [],
        "primary_port": 5678,
        "local_ip": "31.170.167.204",
        "local_port": 22178,
        "http_version": 2,
        "protocol": 1,
        "ssl_verifyresult": 0,
        "scheme": "http",
        "appconnect_time_us": 0,
        "connect_time_us": 30503,
        "namelookup_time_us": 49,
        "pretransfer_time_us": 30699,
        "redirect_time_us": 0,
        "starttransfer_time_us": 225491,
        "posttransfer_time_us": 105872,
        "total_time_us": 225516,
        "effective_method": "POST",
        "capath": "",
        "cainfo": "\/etc\/pki\/tls\/certs\/ca-bundle.crt"
    }
}