{
    "timestamp": "2025-11-06 04:34:52",
    "url": "http:\/\/3.17.144.50:5678\/webhook\/formulario-pdf?job_id=pdf_690c256ca46df4.28208897",
    "http_code": 200,
    "curl_error": "",
    "response": "{\"message\":\"Workflow was started\"}",
    "curl_info": {
        "url": "http:\/\/3.17.144.50:5678\/webhook\/formulario-pdf?job_id=pdf_690c256ca46df4.28208897",
        "content_type": "application\/json; charset=utf-8",
        "http_code": 200,
        "header_size": 500,
        "request_size": 33525,
        "filetime": -1,
        "ssl_verify_result": 0,
        "redirect_count": 0,
        "total_time": 0.110168,
        "namelookup_time": 5.8e-5,
        "connect_time": 0.031821,
        "pretransfer_time": 0.032024,
        "size_upload": 33227,
        "size_download": 34,
        "speed_download": 308,
        "speed_upload": 301603,
        "download_content_length": 34,
        "upload_content_length": 33227,
        "starttransfer_time": 0.110147,
        "redirect_time": 0,
        "redirect_url": "",
        "primary_ip": "3.17.144.50",
        "certinfo": [],
        "primary_port": 5678,
        "local_ip": "31.170.167.204",
        "local_port": 51252,
        "http_version": 2,
        "protocol": 1,
        "ssl_verifyresult": 0,
        "scheme": "http",
        "appconnect_time_us": 0,
        "connect_time_us": 31821,
        "namelookup_time_us": 58,
        "pretransfer_time_us": 32024,
        "redirect_time_us": 0,
        "starttransfer_time_us": 110147,
        "posttransfer_time_us": 32023,
        "total_time_us": 110168,
        "effective_method": "POST",
        "capath": "",
        "cainfo": "\/etc\/pki\/tls\/certs\/ca-bundle.crt"
    }
}