{
    "timestamp": "2025-11-14 02:08:51",
    "url": "http:\/\/3.17.144.50:5678\/webhook\/formulario-pdf?job_id=pdf_69168f33686472.75398861",
    "http_code": 200,
    "curl_error": "",
    "response": "{\"message\":\"Workflow was started\"}",
    "curl_info": {
        "url": "http:\/\/3.17.144.50:5678\/webhook\/formulario-pdf?job_id=pdf_69168f33686472.75398861",
        "content_type": "application\/json; charset=utf-8",
        "http_code": 200,
        "header_size": 500,
        "request_size": 25664,
        "filetime": -1,
        "ssl_verify_result": 0,
        "redirect_count": 0,
        "total_time": 0.133682,
        "namelookup_time": 4.3e-5,
        "connect_time": 0.029436,
        "pretransfer_time": 0.0296,
        "size_upload": 25366,
        "size_download": 34,
        "speed_download": 254,
        "speed_upload": 189748,
        "download_content_length": 34,
        "upload_content_length": 25366,
        "starttransfer_time": 0.133661,
        "redirect_time": 0,
        "redirect_url": "",
        "primary_ip": "3.17.144.50",
        "certinfo": [],
        "primary_port": 5678,
        "local_ip": "31.170.167.204",
        "local_port": 59582,
        "http_version": 2,
        "protocol": 1,
        "ssl_verifyresult": 0,
        "scheme": "http",
        "appconnect_time_us": 0,
        "connect_time_us": 29436,
        "namelookup_time_us": 43,
        "pretransfer_time_us": 29600,
        "redirect_time_us": 0,
        "starttransfer_time_us": 133661,
        "posttransfer_time_us": 29599,
        "total_time_us": 133682,
        "effective_method": "POST",
        "capath": "",
        "cainfo": "\/etc\/pki\/tls\/certs\/ca-bundle.crt"
    }
}