{
    "timestamp": "2025-11-19 22:18:08",
    "url": "http:\/\/3.17.144.50:5678\/webhook\/formulario-pdf?job_id=pdf_691e421f7f2d99.96972352",
    "http_code": 200,
    "curl_error": "",
    "response": "{\"message\":\"Workflow was started\"}",
    "curl_info": {
        "url": "http:\/\/3.17.144.50:5678\/webhook\/formulario-pdf?job_id=pdf_691e421f7f2d99.96972352",
        "content_type": "application\/json; charset=utf-8",
        "http_code": 200,
        "header_size": 500,
        "request_size": 336537,
        "filetime": -1,
        "ssl_verify_result": 0,
        "redirect_count": 0,
        "total_time": 0.23733,
        "namelookup_time": 5.0e-5,
        "connect_time": 0.030631,
        "pretransfer_time": 0.030831,
        "size_upload": 336238,
        "size_download": 34,
        "speed_download": 143,
        "speed_upload": 1416753,
        "download_content_length": 34,
        "upload_content_length": 336238,
        "starttransfer_time": 0.237308,
        "redirect_time": 0,
        "redirect_url": "",
        "primary_ip": "3.17.144.50",
        "certinfo": [],
        "primary_port": 5678,
        "local_ip": "31.170.167.204",
        "local_port": 35022,
        "http_version": 2,
        "protocol": 1,
        "ssl_verifyresult": 0,
        "scheme": "http",
        "appconnect_time_us": 0,
        "connect_time_us": 30631,
        "namelookup_time_us": 50,
        "pretransfer_time_us": 30831,
        "redirect_time_us": 0,
        "starttransfer_time_us": 237308,
        "posttransfer_time_us": 105938,
        "total_time_us": 237330,
        "effective_method": "POST",
        "capath": "",
        "cainfo": "\/etc\/pki\/tls\/certs\/ca-bundle.crt"
    }
}