{
    "timestamp": "2025-11-29 23:03:55",
    "url": "http:\/\/3.17.144.50:5678\/webhook\/formulario-pdf?job_id=pdf_692b7bdb5c19a8.40566358",
    "http_code": 200,
    "curl_error": "",
    "response": "{\"message\":\"Workflow was started\"}",
    "curl_info": {
        "url": "http:\/\/3.17.144.50:5678\/webhook\/formulario-pdf?job_id=pdf_692b7bdb5c19a8.40566358",
        "content_type": "application\/json; charset=utf-8",
        "http_code": 200,
        "header_size": 525,
        "request_size": 3049283,
        "filetime": -1,
        "ssl_verify_result": 0,
        "redirect_count": 0,
        "total_time": 0.384325,
        "namelookup_time": 4.2e-5,
        "connect_time": 0.030485,
        "pretransfer_time": 0.030608,
        "size_upload": 3048961,
        "size_download": 34,
        "speed_download": 88,
        "speed_upload": 7933288,
        "download_content_length": 34,
        "upload_content_length": 3048961,
        "starttransfer_time": 0.061917,
        "redirect_time": 0,
        "redirect_url": "",
        "primary_ip": "3.17.144.50",
        "certinfo": [],
        "primary_port": 5678,
        "local_ip": "31.170.167.204",
        "local_port": 48584,
        "http_version": 2,
        "protocol": 1,
        "ssl_verifyresult": 0,
        "scheme": "http",
        "appconnect_time_us": 0,
        "connect_time_us": 30485,
        "namelookup_time_us": 42,
        "pretransfer_time_us": 30608,
        "redirect_time_us": 0,
        "starttransfer_time_us": 61917,
        "posttransfer_time_us": 255047,
        "total_time_us": 384325,
        "effective_method": "POST",
        "capath": "",
        "cainfo": "\/etc\/pki\/tls\/certs\/ca-bundle.crt"
    }
}