{
    "timestamp": "2025-11-29 21:28:56",
    "url": "http:\/\/3.17.144.50:5678\/webhook\/formulario-pdf?job_id=pdf_692b6597771e13.87236358",
    "http_code": 200,
    "curl_error": "",
    "response": "{\"message\":\"Workflow was started\"}",
    "curl_info": {
        "url": "http:\/\/3.17.144.50:5678\/webhook\/formulario-pdf?job_id=pdf_692b6597771e13.87236358",
        "content_type": "application\/json; charset=utf-8",
        "http_code": 200,
        "header_size": 525,
        "request_size": 7832271,
        "filetime": -1,
        "ssl_verify_result": 0,
        "redirect_count": 0,
        "total_time": 0.505616,
        "namelookup_time": 4.7e-5,
        "connect_time": 0.029364,
        "pretransfer_time": 0.029509,
        "size_upload": 7831949,
        "size_download": 34,
        "speed_download": 67,
        "speed_upload": 15489915,
        "download_content_length": 34,
        "upload_content_length": 7831949,
        "starttransfer_time": 0.060573,
        "redirect_time": 0,
        "redirect_url": "",
        "primary_ip": "3.17.144.50",
        "certinfo": [],
        "primary_port": 5678,
        "local_ip": "31.170.167.204",
        "local_port": 38632,
        "http_version": 2,
        "protocol": 1,
        "ssl_verifyresult": 0,
        "scheme": "http",
        "appconnect_time_us": 0,
        "connect_time_us": 29364,
        "namelookup_time_us": 47,
        "pretransfer_time_us": 29509,
        "redirect_time_us": 0,
        "starttransfer_time_us": 60573,
        "posttransfer_time_us": 353231,
        "total_time_us": 505616,
        "effective_method": "POST",
        "capath": "",
        "cainfo": "\/etc\/pki\/tls\/certs\/ca-bundle.crt"
    }
}