{
    "timestamp": "2025-12-12 02:33:33",
    "url": "http:\/\/3.17.144.50:5678\/webhook\/formulario-pdf?job_id=pdf_693b7efd48a329.18296893",
    "http_code": 200,
    "curl_error": "",
    "response": "{\"message\":\"Workflow was started\"}",
    "curl_info": {
        "url": "http:\/\/3.17.144.50:5678\/webhook\/formulario-pdf?job_id=pdf_693b7efd48a329.18296893",
        "content_type": "application\/json; charset=utf-8",
        "http_code": 200,
        "header_size": 500,
        "request_size": 24103,
        "filetime": -1,
        "ssl_verify_result": 0,
        "redirect_count": 0,
        "total_time": 0.102004,
        "namelookup_time": 4.5e-5,
        "connect_time": 0.030067,
        "pretransfer_time": 0.03026,
        "size_upload": 23805,
        "size_download": 34,
        "speed_download": 333,
        "speed_upload": 233373,
        "download_content_length": 34,
        "upload_content_length": 23805,
        "starttransfer_time": 0.101985,
        "redirect_time": 0,
        "redirect_url": "",
        "primary_ip": "3.17.144.50",
        "certinfo": [],
        "primary_port": 5678,
        "local_ip": "31.170.167.204",
        "local_port": 40394,
        "http_version": 2,
        "protocol": 1,
        "ssl_verifyresult": 0,
        "scheme": "http",
        "appconnect_time_us": 0,
        "connect_time_us": 30067,
        "namelookup_time_us": 45,
        "pretransfer_time_us": 30260,
        "redirect_time_us": 0,
        "starttransfer_time_us": 101985,
        "posttransfer_time_us": 30259,
        "total_time_us": 102004,
        "effective_method": "POST",
        "capath": "",
        "cainfo": "\/etc\/pki\/tls\/certs\/ca-bundle.crt"
    }
}