{
    "timestamp": "2025-10-30 16:30:23",
    "url": "http:\/\/3.17.144.50:5678\/webhook\/formulario-pdf?job_id=pdf_6903929e6c14c0.85583207",
    "http_code": 200,
    "curl_error": "",
    "response": "{\"message\":\"Workflow was started\"}",
    "curl_info": {
        "url": "http:\/\/3.17.144.50:5678\/webhook\/formulario-pdf?job_id=pdf_6903929e6c14c0.85583207",
        "content_type": "application\/json; charset=utf-8",
        "http_code": 200,
        "header_size": 525,
        "request_size": 5321083,
        "filetime": -1,
        "ssl_verify_result": 0,
        "redirect_count": 0,
        "total_time": 0.532752,
        "namelookup_time": 6.4e-5,
        "connect_time": 0.028412,
        "pretransfer_time": 0.028543,
        "size_upload": 5320761,
        "size_download": 34,
        "speed_download": 63,
        "speed_upload": 9987313,
        "download_content_length": 34,
        "upload_content_length": 5320761,
        "starttransfer_time": 0.069087,
        "redirect_time": 0,
        "redirect_url": "",
        "primary_ip": "3.17.144.50",
        "certinfo": [],
        "primary_port": 5678,
        "local_ip": "31.170.167.204",
        "local_port": 49970,
        "http_version": 2,
        "protocol": 1,
        "ssl_verifyresult": 0,
        "scheme": "http",
        "appconnect_time_us": 0,
        "connect_time_us": 28412,
        "namelookup_time_us": 64,
        "pretransfer_time_us": 28543,
        "redirect_time_us": 0,
        "starttransfer_time_us": 69087,
        "posttransfer_time_us": 335597,
        "total_time_us": 532752,
        "effective_method": "POST",
        "capath": "",
        "cainfo": "\/etc\/pki\/tls\/certs\/ca-bundle.crt"
    }
}