{
    "timestamp": "2025-12-12 01:24:38",
    "url": "http:\/\/3.17.144.50:5678\/webhook\/formulario-pdf?job_id=pdf_693b6ed5ad70b8.22681653",
    "http_code": 200,
    "curl_error": "",
    "response": "{\"message\":\"Workflow was started\"}",
    "curl_info": {
        "url": "http:\/\/3.17.144.50:5678\/webhook\/formulario-pdf?job_id=pdf_693b6ed5ad70b8.22681653",
        "content_type": "application\/json; charset=utf-8",
        "http_code": 200,
        "header_size": 500,
        "request_size": 238833,
        "filetime": -1,
        "ssl_verify_result": 0,
        "redirect_count": 0,
        "total_time": 0.198936,
        "namelookup_time": 4.8e-5,
        "connect_time": 0.030393,
        "pretransfer_time": 0.030593,
        "size_upload": 238534,
        "size_download": 34,
        "speed_download": 170,
        "speed_upload": 1199048,
        "download_content_length": 34,
        "upload_content_length": 238534,
        "starttransfer_time": 0.198913,
        "redirect_time": 0,
        "redirect_url": "",
        "primary_ip": "3.17.144.50",
        "certinfo": [],
        "primary_port": 5678,
        "local_ip": "31.170.167.204",
        "local_port": 18424,
        "http_version": 2,
        "protocol": 1,
        "ssl_verifyresult": 0,
        "scheme": "http",
        "appconnect_time_us": 0,
        "connect_time_us": 30393,
        "namelookup_time_us": 48,
        "pretransfer_time_us": 30593,
        "redirect_time_us": 0,
        "starttransfer_time_us": 198913,
        "posttransfer_time_us": 91586,
        "total_time_us": 198936,
        "effective_method": "POST",
        "capath": "",
        "cainfo": "\/etc\/pki\/tls\/certs\/ca-bundle.crt"
    }
}