{
    "timestamp": "2025-11-05 20:31:35",
    "url": "http:\/\/3.17.144.50:5678\/webhook\/formulario-pdf?job_id=pdf_690bb427797d07.20082263",
    "http_code": 200,
    "curl_error": "",
    "response": "{\"message\":\"Workflow was started\"}",
    "curl_info": {
        "url": "http:\/\/3.17.144.50:5678\/webhook\/formulario-pdf?job_id=pdf_690bb427797d07.20082263",
        "content_type": "application\/json; charset=utf-8",
        "http_code": 200,
        "header_size": 500,
        "request_size": 33525,
        "filetime": -1,
        "ssl_verify_result": 0,
        "redirect_count": 0,
        "total_time": 0.111058,
        "namelookup_time": 4.3e-5,
        "connect_time": 0.030121,
        "pretransfer_time": 0.030314,
        "size_upload": 33227,
        "size_download": 34,
        "speed_download": 306,
        "speed_upload": 299186,
        "download_content_length": 34,
        "upload_content_length": 33227,
        "starttransfer_time": 0.111035,
        "redirect_time": 0,
        "redirect_url": "",
        "primary_ip": "3.17.144.50",
        "certinfo": [],
        "primary_port": 5678,
        "local_ip": "31.170.167.204",
        "local_port": 61538,
        "http_version": 2,
        "protocol": 1,
        "ssl_verifyresult": 0,
        "scheme": "http",
        "appconnect_time_us": 0,
        "connect_time_us": 30121,
        "namelookup_time_us": 43,
        "pretransfer_time_us": 30314,
        "redirect_time_us": 0,
        "starttransfer_time_us": 111035,
        "posttransfer_time_us": 30313,
        "total_time_us": 111058,
        "effective_method": "POST",
        "capath": "",
        "cainfo": "\/etc\/pki\/tls\/certs\/ca-bundle.crt"
    }
}