{
    "timestamp": "2025-11-19 21:22:06",
    "url": "http:\/\/3.17.144.50:5678\/webhook\/formulario-pdf?job_id=pdf_691e34fea5ee86.61855359",
    "http_code": 200,
    "curl_error": "",
    "response": "{\"message\":\"Workflow was started\"}",
    "curl_info": {
        "url": "http:\/\/3.17.144.50:5678\/webhook\/formulario-pdf?job_id=pdf_691e34fea5ee86.61855359",
        "content_type": "application\/json; charset=utf-8",
        "http_code": 200,
        "header_size": 500,
        "request_size": 26016,
        "filetime": -1,
        "ssl_verify_result": 0,
        "redirect_count": 0,
        "total_time": 0.104033,
        "namelookup_time": 6.2e-5,
        "connect_time": 0.030778,
        "pretransfer_time": 0.030931,
        "size_upload": 25718,
        "size_download": 34,
        "speed_download": 326,
        "speed_upload": 247210,
        "download_content_length": 34,
        "upload_content_length": 25718,
        "starttransfer_time": 0.104004,
        "redirect_time": 0,
        "redirect_url": "",
        "primary_ip": "3.17.144.50",
        "certinfo": [],
        "primary_port": 5678,
        "local_ip": "31.170.167.204",
        "local_port": 22312,
        "http_version": 2,
        "protocol": 1,
        "ssl_verifyresult": 0,
        "scheme": "http",
        "appconnect_time_us": 0,
        "connect_time_us": 30778,
        "namelookup_time_us": 62,
        "pretransfer_time_us": 30931,
        "redirect_time_us": 0,
        "starttransfer_time_us": 104004,
        "posttransfer_time_us": 30930,
        "total_time_us": 104033,
        "effective_method": "POST",
        "capath": "",
        "cainfo": "\/etc\/pki\/tls\/certs\/ca-bundle.crt"
    }
}