{
    "timestamp": "2025-12-07 06:14:56",
    "url": "http:\/\/3.17.144.50:5678\/webhook\/formulario-pdf?job_id=pdf_69351b603954f3.39978248",
    "http_code": 200,
    "curl_error": "",
    "response": "{\"message\":\"Workflow was started\"}",
    "curl_info": {
        "url": "http:\/\/3.17.144.50:5678\/webhook\/formulario-pdf?job_id=pdf_69351b603954f3.39978248",
        "content_type": "application\/json; charset=utf-8",
        "http_code": 200,
        "header_size": 525,
        "request_size": 1679055,
        "filetime": -1,
        "ssl_verify_result": 0,
        "redirect_count": 0,
        "total_time": 0.3267,
        "namelookup_time": 4.7e-5,
        "connect_time": 0.029652,
        "pretransfer_time": 0.02979,
        "size_upload": 1678733,
        "size_download": 34,
        "speed_download": 104,
        "speed_upload": 5138454,
        "download_content_length": 34,
        "upload_content_length": 1678733,
        "starttransfer_time": 0.059658,
        "redirect_time": 0,
        "redirect_url": "",
        "primary_ip": "3.17.144.50",
        "certinfo": [],
        "primary_port": 5678,
        "local_ip": "31.170.167.204",
        "local_port": 31088,
        "http_version": 2,
        "protocol": 1,
        "ssl_verifyresult": 0,
        "scheme": "http",
        "appconnect_time_us": 0,
        "connect_time_us": 29652,
        "namelookup_time_us": 47,
        "pretransfer_time_us": 29790,
        "redirect_time_us": 0,
        "starttransfer_time_us": 59658,
        "posttransfer_time_us": 212897,
        "total_time_us": 326700,
        "effective_method": "POST",
        "capath": "",
        "cainfo": "\/etc\/pki\/tls\/certs\/ca-bundle.crt"
    }
}