{
    "timestamp": "2026-01-26 00:27:22",
    "url": "http:\/\/3.17.144.50:5678\/webhook\/formulario-pdf?job_id=pdf_6976b4ea2b1358.32508567",
    "http_code": 200,
    "curl_error": "",
    "response": "{\"message\":\"Workflow was started\"}",
    "curl_info": {
        "url": "http:\/\/3.17.144.50:5678\/webhook\/formulario-pdf?job_id=pdf_6976b4ea2b1358.32508567",
        "content_type": "application\/json; charset=utf-8",
        "http_code": 200,
        "header_size": 500,
        "request_size": 192473,
        "filetime": -1,
        "ssl_verify_result": 0,
        "redirect_count": 0,
        "total_time": 0.088558,
        "namelookup_time": 6.4e-5,
        "connect_time": 0.029326,
        "pretransfer_time": 0.029519,
        "size_upload": 192174,
        "size_download": 34,
        "speed_download": 383,
        "speed_upload": 2170035,
        "download_content_length": 34,
        "upload_content_length": 192174,
        "starttransfer_time": 0.088535,
        "redirect_time": 0,
        "redirect_url": "",
        "primary_ip": "3.17.144.50",
        "certinfo": [],
        "primary_port": 5678,
        "local_ip": "195.35.61.111",
        "local_port": 28232,
        "http_version": 2,
        "protocol": 1,
        "ssl_verifyresult": 0,
        "scheme": "http",
        "appconnect_time_us": 0,
        "connect_time_us": 29326,
        "namelookup_time_us": 64,
        "pretransfer_time_us": 29519,
        "redirect_time_us": 0,
        "starttransfer_time_us": 88535,
        "posttransfer_time_us": 59408,
        "total_time_us": 88558,
        "effective_method": "POST",
        "capath": "",
        "cainfo": "\/etc\/pki\/tls\/certs\/ca-bundle.crt"
    }
}