{
    "timestamp": "2025-11-29 04:31:08",
    "url": "http:\/\/3.17.144.50:5678\/webhook\/formulario-pdf?job_id=pdf_692a770ba4a871.09804197",
    "http_code": 200,
    "curl_error": "",
    "response": "{\"message\":\"Workflow was started\"}",
    "curl_info": {
        "url": "http:\/\/3.17.144.50:5678\/webhook\/formulario-pdf?job_id=pdf_692a770ba4a871.09804197",
        "content_type": "application\/json; charset=utf-8",
        "http_code": 200,
        "header_size": 525,
        "request_size": 6112056,
        "filetime": -1,
        "ssl_verify_result": 0,
        "redirect_count": 0,
        "total_time": 0.609063,
        "namelookup_time": 4.6e-5,
        "connect_time": 0.029978,
        "pretransfer_time": 0.030143,
        "size_upload": 6111734,
        "size_download": 34,
        "speed_download": 55,
        "speed_upload": 10034649,
        "download_content_length": 34,
        "upload_content_length": 6111734,
        "starttransfer_time": 0.060612,
        "redirect_time": 0,
        "redirect_url": "",
        "primary_ip": "3.17.144.50",
        "certinfo": [],
        "primary_port": 5678,
        "local_ip": "31.170.167.204",
        "local_port": 34018,
        "http_version": 2,
        "protocol": 1,
        "ssl_verifyresult": 0,
        "scheme": "http",
        "appconnect_time_us": 0,
        "connect_time_us": 29978,
        "namelookup_time_us": 46,
        "pretransfer_time_us": 30143,
        "redirect_time_us": 0,
        "starttransfer_time_us": 60612,
        "posttransfer_time_us": 340429,
        "total_time_us": 609063,
        "effective_method": "POST",
        "capath": "",
        "cainfo": "\/etc\/pki\/tls\/certs\/ca-bundle.crt"
    }
}