{
    "timestamp": "2025-11-29 23:23:46",
    "url": "http:\/\/3.17.144.50:5678\/webhook\/formulario-pdf?job_id=pdf_692b80823399d5.58603208",
    "http_code": 200,
    "curl_error": "",
    "response": "{\"message\":\"Workflow was started\"}",
    "curl_info": {
        "url": "http:\/\/3.17.144.50:5678\/webhook\/formulario-pdf?job_id=pdf_692b80823399d5.58603208",
        "content_type": "application\/json; charset=utf-8",
        "http_code": 200,
        "header_size": 500,
        "request_size": 213035,
        "filetime": -1,
        "ssl_verify_result": 0,
        "redirect_count": 0,
        "total_time": 0.196189,
        "namelookup_time": 4.6e-5,
        "connect_time": 0.030621,
        "pretransfer_time": 0.030789,
        "size_upload": 212736,
        "size_download": 34,
        "speed_download": 173,
        "speed_upload": 1084342,
        "download_content_length": 34,
        "upload_content_length": 212736,
        "starttransfer_time": 0.196165,
        "redirect_time": 0,
        "redirect_url": "",
        "primary_ip": "3.17.144.50",
        "certinfo": [],
        "primary_port": 5678,
        "local_ip": "31.170.167.204",
        "local_port": 30308,
        "http_version": 2,
        "protocol": 1,
        "ssl_verifyresult": 0,
        "scheme": "http",
        "appconnect_time_us": 0,
        "connect_time_us": 30621,
        "namelookup_time_us": 46,
        "pretransfer_time_us": 30789,
        "redirect_time_us": 0,
        "starttransfer_time_us": 196165,
        "posttransfer_time_us": 92580,
        "total_time_us": 196189,
        "effective_method": "POST",
        "capath": "",
        "cainfo": "\/etc\/pki\/tls\/certs\/ca-bundle.crt"
    }
}