{
    "timestamp": "2025-11-30 00:00:02",
    "url": "http:\/\/3.17.144.50:5678\/webhook\/formulario-pdf?job_id=pdf_692b8901b66be0.54971772",
    "http_code": 200,
    "curl_error": "",
    "response": "{\"message\":\"Workflow was started\"}",
    "curl_info": {
        "url": "http:\/\/3.17.144.50:5678\/webhook\/formulario-pdf?job_id=pdf_692b8901b66be0.54971772",
        "content_type": "application\/json; charset=utf-8",
        "http_code": 200,
        "header_size": 525,
        "request_size": 3920246,
        "filetime": -1,
        "ssl_verify_result": 0,
        "redirect_count": 0,
        "total_time": 0.843445,
        "namelookup_time": 6.6e-5,
        "connect_time": 0.031251,
        "pretransfer_time": 0.031405,
        "size_upload": 3919924,
        "size_download": 34,
        "speed_download": 40,
        "speed_upload": 4647515,
        "download_content_length": 34,
        "upload_content_length": 3919924,
        "starttransfer_time": 0.06267,
        "redirect_time": 0,
        "redirect_url": "",
        "primary_ip": "3.17.144.50",
        "certinfo": [],
        "primary_port": 5678,
        "local_ip": "31.170.167.204",
        "local_port": 56796,
        "http_version": 2,
        "protocol": 1,
        "ssl_verifyresult": 0,
        "scheme": "http",
        "appconnect_time_us": 0,
        "connect_time_us": 31251,
        "namelookup_time_us": 66,
        "pretransfer_time_us": 31405,
        "redirect_time_us": 0,
        "starttransfer_time_us": 62670,
        "posttransfer_time_us": 327163,
        "total_time_us": 843445,
        "effective_method": "POST",
        "capath": "",
        "cainfo": "\/etc\/pki\/tls\/certs\/ca-bundle.crt"
    }
}