{
    "timestamp": "2025-12-12 01:34:06",
    "url": "http:\/\/3.17.144.50:5678\/webhook\/formulario-pdf?job_id=pdf_693b710de41308.03447338",
    "http_code": 200,
    "curl_error": "",
    "response": "{\"message\":\"Workflow was started\"}",
    "curl_info": {
        "url": "http:\/\/3.17.144.50:5678\/webhook\/formulario-pdf?job_id=pdf_693b710de41308.03447338",
        "content_type": "application\/json; charset=utf-8",
        "http_code": 200,
        "header_size": 500,
        "request_size": 243989,
        "filetime": -1,
        "ssl_verify_result": 0,
        "redirect_count": 0,
        "total_time": 0.201471,
        "namelookup_time": 6.2e-5,
        "connect_time": 0.031081,
        "pretransfer_time": 0.031313,
        "size_upload": 243690,
        "size_download": 34,
        "speed_download": 168,
        "speed_upload": 1209553,
        "download_content_length": 34,
        "upload_content_length": 243690,
        "starttransfer_time": 0.201449,
        "redirect_time": 0,
        "redirect_url": "",
        "primary_ip": "3.17.144.50",
        "certinfo": [],
        "primary_port": 5678,
        "local_ip": "31.170.167.204",
        "local_port": 36896,
        "http_version": 2,
        "protocol": 1,
        "ssl_verifyresult": 0,
        "scheme": "http",
        "appconnect_time_us": 0,
        "connect_time_us": 31081,
        "namelookup_time_us": 62,
        "pretransfer_time_us": 31313,
        "redirect_time_us": 0,
        "starttransfer_time_us": 201449,
        "posttransfer_time_us": 92135,
        "total_time_us": 201471,
        "effective_method": "POST",
        "capath": "",
        "cainfo": "\/etc\/pki\/tls\/certs\/ca-bundle.crt"
    }
}