{
    "timestamp": "2025-11-29 22:42:31",
    "url": "http:\/\/3.17.144.50:5678\/webhook\/formulario-pdf?job_id=pdf_692b76d6e6f417.38220797",
    "http_code": 200,
    "curl_error": "",
    "response": "{\"message\":\"Workflow was started\"}",
    "curl_info": {
        "url": "http:\/\/3.17.144.50:5678\/webhook\/formulario-pdf?job_id=pdf_692b76d6e6f417.38220797",
        "content_type": "application\/json; charset=utf-8",
        "http_code": 200,
        "header_size": 525,
        "request_size": 4239497,
        "filetime": -1,
        "ssl_verify_result": 0,
        "redirect_count": 0,
        "total_time": 0.435827,
        "namelookup_time": 4.6e-5,
        "connect_time": 0.029432,
        "pretransfer_time": 0.029597,
        "size_upload": 4239175,
        "size_download": 34,
        "speed_download": 78,
        "speed_upload": 9726737,
        "download_content_length": 34,
        "upload_content_length": 4239175,
        "starttransfer_time": 0.059587,
        "redirect_time": 0,
        "redirect_url": "",
        "primary_ip": "3.17.144.50",
        "certinfo": [],
        "primary_port": 5678,
        "local_ip": "31.170.167.204",
        "local_port": 59156,
        "http_version": 2,
        "protocol": 1,
        "ssl_verifyresult": 0,
        "scheme": "http",
        "appconnect_time_us": 0,
        "connect_time_us": 29432,
        "namelookup_time_us": 46,
        "pretransfer_time_us": 29597,
        "redirect_time_us": 0,
        "starttransfer_time_us": 59587,
        "posttransfer_time_us": 298962,
        "total_time_us": 435827,
        "effective_method": "POST",
        "capath": "",
        "cainfo": "\/etc\/pki\/tls\/certs\/ca-bundle.crt"
    }
}