{
    "timestamp": "2025-11-29 22:55:39",
    "url": "http:\/\/3.17.144.50:5678\/webhook\/formulario-pdf?job_id=pdf_692b79ea95b6d6.20941092",
    "http_code": 200,
    "curl_error": "",
    "response": "{\"message\":\"Workflow was started\"}",
    "curl_info": {
        "url": "http:\/\/3.17.144.50:5678\/webhook\/formulario-pdf?job_id=pdf_692b79ea95b6d6.20941092",
        "content_type": "application\/json; charset=utf-8",
        "http_code": 200,
        "header_size": 525,
        "request_size": 3012628,
        "filetime": -1,
        "ssl_verify_result": 0,
        "redirect_count": 0,
        "total_time": 0.36481,
        "namelookup_time": 4.1e-5,
        "connect_time": 0.029326,
        "pretransfer_time": 0.029432,
        "size_upload": 3012306,
        "size_download": 34,
        "speed_download": 93,
        "speed_upload": 8257191,
        "download_content_length": 34,
        "upload_content_length": 3012306,
        "starttransfer_time": 0.05873,
        "redirect_time": 0,
        "redirect_url": "",
        "primary_ip": "3.17.144.50",
        "certinfo": [],
        "primary_port": 5678,
        "local_ip": "31.170.167.204",
        "local_port": 43614,
        "http_version": 2,
        "protocol": 1,
        "ssl_verifyresult": 0,
        "scheme": "http",
        "appconnect_time_us": 0,
        "connect_time_us": 29326,
        "namelookup_time_us": 41,
        "pretransfer_time_us": 29432,
        "redirect_time_us": 0,
        "starttransfer_time_us": 58730,
        "posttransfer_time_us": 237082,
        "total_time_us": 364810,
        "effective_method": "POST",
        "capath": "",
        "cainfo": "\/etc\/pki\/tls\/certs\/ca-bundle.crt"
    }
}