{
    "timestamp": "2026-01-26 00:24:29",
    "url": "http:\/\/3.17.144.50:5678\/webhook\/formulario-pdf?job_id=pdf_6976b43d7813b5.65388922",
    "http_code": 200,
    "curl_error": "",
    "response": "{\"message\":\"Workflow was started\"}",
    "curl_info": {
        "url": "http:\/\/3.17.144.50:5678\/webhook\/formulario-pdf?job_id=pdf_6976b43d7813b5.65388922",
        "content_type": "application\/json; charset=utf-8",
        "http_code": 200,
        "header_size": 500,
        "request_size": 199855,
        "filetime": -1,
        "ssl_verify_result": 0,
        "redirect_count": 0,
        "total_time": 0.075156,
        "namelookup_time": 5.8e-5,
        "connect_time": 0.029598,
        "pretransfer_time": 0.029837,
        "size_upload": 199556,
        "size_download": 34,
        "speed_download": 452,
        "speed_upload": 2655223,
        "download_content_length": 34,
        "upload_content_length": 199556,
        "starttransfer_time": 0.075118,
        "redirect_time": 0,
        "redirect_url": "",
        "primary_ip": "3.17.144.50",
        "certinfo": [],
        "primary_port": 5678,
        "local_ip": "195.35.61.111",
        "local_port": 38476,
        "http_version": 2,
        "protocol": 1,
        "ssl_verifyresult": 0,
        "scheme": "http",
        "appconnect_time_us": 0,
        "connect_time_us": 29598,
        "namelookup_time_us": 58,
        "pretransfer_time_us": 29837,
        "redirect_time_us": 0,
        "starttransfer_time_us": 75118,
        "posttransfer_time_us": 75153,
        "total_time_us": 75156,
        "effective_method": "POST",
        "capath": "",
        "cainfo": "\/etc\/pki\/tls\/certs\/ca-bundle.crt"
    }
}