{
    "timestamp": "2025-11-10 16:51:39",
    "url": "http:\/\/3.17.144.50:5678\/webhook\/formulario-pdf?job_id=pdf_6912181b5c7404.92125799",
    "http_code": 200,
    "curl_error": "",
    "response": "{\"message\":\"Workflow was started\"}",
    "curl_info": {
        "url": "http:\/\/3.17.144.50:5678\/webhook\/formulario-pdf?job_id=pdf_6912181b5c7404.92125799",
        "content_type": "application\/json; charset=utf-8",
        "http_code": 200,
        "header_size": 525,
        "request_size": 1542832,
        "filetime": -1,
        "ssl_verify_result": 0,
        "redirect_count": 0,
        "total_time": 0.354978,
        "namelookup_time": 4.0e-5,
        "connect_time": 0.029609,
        "pretransfer_time": 0.029744,
        "size_upload": 1542510,
        "size_download": 34,
        "speed_download": 95,
        "speed_upload": 4345367,
        "download_content_length": 34,
        "upload_content_length": 1542510,
        "starttransfer_time": 0.061094,
        "redirect_time": 0,
        "redirect_url": "",
        "primary_ip": "3.17.144.50",
        "certinfo": [],
        "primary_port": 5678,
        "local_ip": "31.170.167.204",
        "local_port": 36498,
        "http_version": 2,
        "protocol": 1,
        "ssl_verifyresult": 0,
        "scheme": "http",
        "appconnect_time_us": 0,
        "connect_time_us": 29609,
        "namelookup_time_us": 40,
        "pretransfer_time_us": 29744,
        "redirect_time_us": 0,
        "starttransfer_time_us": 61094,
        "posttransfer_time_us": 212417,
        "total_time_us": 354978,
        "effective_method": "POST",
        "capath": "",
        "cainfo": "\/etc\/pki\/tls\/certs\/ca-bundle.crt"
    }
}