{
    "timestamp": "2025-11-10 19:50:49",
    "url": "http:\/\/3.17.144.50:5678\/webhook\/formulario-pdf?job_id=pdf_691242196862a8.40620989",
    "http_code": 200,
    "curl_error": "",
    "response": "{\"message\":\"Workflow was started\"}",
    "curl_info": {
        "url": "http:\/\/3.17.144.50:5678\/webhook\/formulario-pdf?job_id=pdf_691242196862a8.40620989",
        "content_type": "application\/json; charset=utf-8",
        "http_code": 200,
        "header_size": 500,
        "request_size": 500684,
        "filetime": -1,
        "ssl_verify_result": 0,
        "redirect_count": 0,
        "total_time": 0.233595,
        "namelookup_time": 6.6e-5,
        "connect_time": 0.02942,
        "pretransfer_time": 0.029602,
        "size_upload": 500385,
        "size_download": 34,
        "speed_download": 145,
        "speed_upload": 2142104,
        "download_content_length": 34,
        "upload_content_length": 500385,
        "starttransfer_time": 0.233572,
        "redirect_time": 0,
        "redirect_url": "",
        "primary_ip": "3.17.144.50",
        "certinfo": [],
        "primary_port": 5678,
        "local_ip": "31.170.167.204",
        "local_port": 24810,
        "http_version": 2,
        "protocol": 1,
        "ssl_verifyresult": 0,
        "scheme": "http",
        "appconnect_time_us": 0,
        "connect_time_us": 29420,
        "namelookup_time_us": 66,
        "pretransfer_time_us": 29602,
        "redirect_time_us": 0,
        "starttransfer_time_us": 233572,
        "posttransfer_time_us": 123915,
        "total_time_us": 233595,
        "effective_method": "POST",
        "capath": "",
        "cainfo": "\/etc\/pki\/tls\/certs\/ca-bundle.crt"
    }
}