{
    "timestamp": "2025-12-12 02:54:31",
    "url": "http:\/\/3.17.144.50:5678\/webhook\/formulario-pdf?job_id=pdf_693b83e6cb0e02.62144241",
    "http_code": 200,
    "curl_error": "",
    "response": "{\"message\":\"Workflow was started\"}",
    "curl_info": {
        "url": "http:\/\/3.17.144.50:5678\/webhook\/formulario-pdf?job_id=pdf_693b83e6cb0e02.62144241",
        "content_type": "application\/json; charset=utf-8",
        "http_code": 200,
        "header_size": 500,
        "request_size": 213035,
        "filetime": -1,
        "ssl_verify_result": 0,
        "redirect_count": 0,
        "total_time": 0.195668,
        "namelookup_time": 4.3e-5,
        "connect_time": 0.03057,
        "pretransfer_time": 0.030793,
        "size_upload": 212736,
        "size_download": 34,
        "speed_download": 173,
        "speed_upload": 1087229,
        "download_content_length": 34,
        "upload_content_length": 212736,
        "starttransfer_time": 0.195648,
        "redirect_time": 0,
        "redirect_url": "",
        "primary_ip": "3.17.144.50",
        "certinfo": [],
        "primary_port": 5678,
        "local_ip": "31.170.167.204",
        "local_port": 61790,
        "http_version": 2,
        "protocol": 1,
        "ssl_verifyresult": 0,
        "scheme": "http",
        "appconnect_time_us": 0,
        "connect_time_us": 30570,
        "namelookup_time_us": 43,
        "pretransfer_time_us": 30793,
        "redirect_time_us": 0,
        "starttransfer_time_us": 195648,
        "posttransfer_time_us": 93862,
        "total_time_us": 195668,
        "effective_method": "POST",
        "capath": "",
        "cainfo": "\/etc\/pki\/tls\/certs\/ca-bundle.crt"
    }
}