{
    "timestamp": "2025-11-19 18:00:10",
    "url": "http:\/\/3.17.144.50:5678\/webhook\/formulario-pdf?job_id=pdf_691e05aa2f9140.31354978",
    "http_code": 200,
    "curl_error": "",
    "response": "{\"message\":\"Workflow was started\"}",
    "curl_info": {
        "url": "http:\/\/3.17.144.50:5678\/webhook\/formulario-pdf?job_id=pdf_691e05aa2f9140.31354978",
        "content_type": "application\/json; charset=utf-8",
        "http_code": 200,
        "header_size": 525,
        "request_size": 3466876,
        "filetime": -1,
        "ssl_verify_result": 0,
        "redirect_count": 0,
        "total_time": 0.408341,
        "namelookup_time": 5.9e-5,
        "connect_time": 0.031938,
        "pretransfer_time": 0.032096,
        "size_upload": 3466554,
        "size_download": 34,
        "speed_download": 83,
        "speed_upload": 8489360,
        "download_content_length": 34,
        "upload_content_length": 3466554,
        "starttransfer_time": 0.063166,
        "redirect_time": 0,
        "redirect_url": "",
        "primary_ip": "3.17.144.50",
        "certinfo": [],
        "primary_port": 5678,
        "local_ip": "31.170.167.204",
        "local_port": 60590,
        "http_version": 2,
        "protocol": 1,
        "ssl_verifyresult": 0,
        "scheme": "http",
        "appconnect_time_us": 0,
        "connect_time_us": 31938,
        "namelookup_time_us": 59,
        "pretransfer_time_us": 32096,
        "redirect_time_us": 0,
        "starttransfer_time_us": 63166,
        "posttransfer_time_us": 278647,
        "total_time_us": 408341,
        "effective_method": "POST",
        "capath": "",
        "cainfo": "\/etc\/pki\/tls\/certs\/ca-bundle.crt"
    }
}