{
    "timestamp": "2025-11-19 21:26:31",
    "url": "http:\/\/3.17.144.50:5678\/webhook\/formulario-pdf?job_id=pdf_691e36069ea824.48871652",
    "http_code": 200,
    "curl_error": "",
    "response": "{\"message\":\"Workflow was started\"}",
    "curl_info": {
        "url": "http:\/\/3.17.144.50:5678\/webhook\/formulario-pdf?job_id=pdf_691e36069ea824.48871652",
        "content_type": "application\/json; charset=utf-8",
        "http_code": 200,
        "header_size": 500,
        "request_size": 470068,
        "filetime": -1,
        "ssl_verify_result": 0,
        "redirect_count": 0,
        "total_time": 0.243658,
        "namelookup_time": 6.4e-5,
        "connect_time": 0.030794,
        "pretransfer_time": 0.031039,
        "size_upload": 469769,
        "size_download": 34,
        "speed_download": 139,
        "speed_upload": 1927985,
        "download_content_length": 34,
        "upload_content_length": 469769,
        "starttransfer_time": 0.243632,
        "redirect_time": 0,
        "redirect_url": "",
        "primary_ip": "3.17.144.50",
        "certinfo": [],
        "primary_port": 5678,
        "local_ip": "31.170.167.204",
        "local_port": 57530,
        "http_version": 2,
        "protocol": 1,
        "ssl_verifyresult": 0,
        "scheme": "http",
        "appconnect_time_us": 0,
        "connect_time_us": 30794,
        "namelookup_time_us": 64,
        "pretransfer_time_us": 31039,
        "redirect_time_us": 0,
        "starttransfer_time_us": 243632,
        "posttransfer_time_us": 129531,
        "total_time_us": 243658,
        "effective_method": "POST",
        "capath": "",
        "cainfo": "\/etc\/pki\/tls\/certs\/ca-bundle.crt"
    }
}