{
    "timestamp": "2026-01-26 00:38:43",
    "url": "http:\/\/3.17.144.50:5678\/webhook\/formulario-pdf?job_id=pdf_6976b793434225.24168253",
    "http_code": 200,
    "curl_error": "",
    "response": "{\"message\":\"Workflow was started\"}",
    "curl_info": {
        "url": "http:\/\/3.17.144.50:5678\/webhook\/formulario-pdf?job_id=pdf_6976b793434225.24168253",
        "content_type": "application\/json; charset=utf-8",
        "http_code": 200,
        "header_size": 500,
        "request_size": 193056,
        "filetime": -1,
        "ssl_verify_result": 0,
        "redirect_count": 0,
        "total_time": 0.084343,
        "namelookup_time": 5.5e-5,
        "connect_time": 0.031009,
        "pretransfer_time": 0.031192,
        "size_upload": 192757,
        "size_download": 34,
        "speed_download": 403,
        "speed_upload": 2285394,
        "download_content_length": 34,
        "upload_content_length": 192757,
        "starttransfer_time": 0.084324,
        "redirect_time": 0,
        "redirect_url": "",
        "primary_ip": "3.17.144.50",
        "certinfo": [],
        "primary_port": 5678,
        "local_ip": "195.35.61.111",
        "local_port": 35888,
        "http_version": 2,
        "protocol": 1,
        "ssl_verifyresult": 0,
        "scheme": "http",
        "appconnect_time_us": 0,
        "connect_time_us": 31009,
        "namelookup_time_us": 55,
        "pretransfer_time_us": 31192,
        "redirect_time_us": 0,
        "starttransfer_time_us": 84324,
        "posttransfer_time_us": 62275,
        "total_time_us": 84343,
        "effective_method": "POST",
        "capath": "",
        "cainfo": "\/etc\/pki\/tls\/certs\/ca-bundle.crt"
    }
}