{
    "timestamp": "2025-11-10 19:59:45",
    "url": "http:\/\/3.17.144.50:5678\/webhook\/formulario-pdf?job_id=pdf_69124430b89dc9.26617297",
    "http_code": 200,
    "curl_error": "",
    "response": "{\"message\":\"Workflow was started\"}",
    "curl_info": {
        "url": "http:\/\/3.17.144.50:5678\/webhook\/formulario-pdf?job_id=pdf_69124430b89dc9.26617297",
        "content_type": "application\/json; charset=utf-8",
        "http_code": 200,
        "header_size": 500,
        "request_size": 500684,
        "filetime": -1,
        "ssl_verify_result": 0,
        "redirect_count": 0,
        "total_time": 0.266244,
        "namelookup_time": 4.5e-5,
        "connect_time": 0.029213,
        "pretransfer_time": 0.029425,
        "size_upload": 500385,
        "size_download": 34,
        "speed_download": 127,
        "speed_upload": 1879422,
        "download_content_length": 34,
        "upload_content_length": 500385,
        "starttransfer_time": 0.266222,
        "redirect_time": 0,
        "redirect_url": "",
        "primary_ip": "3.17.144.50",
        "certinfo": [],
        "primary_port": 5678,
        "local_ip": "31.170.167.204",
        "local_port": 19946,
        "http_version": 2,
        "protocol": 1,
        "ssl_verifyresult": 0,
        "scheme": "http",
        "appconnect_time_us": 0,
        "connect_time_us": 29213,
        "namelookup_time_us": 45,
        "pretransfer_time_us": 29425,
        "redirect_time_us": 0,
        "starttransfer_time_us": 266222,
        "posttransfer_time_us": 125573,
        "total_time_us": 266244,
        "effective_method": "POST",
        "capath": "",
        "cainfo": "\/etc\/pki\/tls\/certs\/ca-bundle.crt"
    }
}