{
    "timestamp": "2025-11-19 21:33:00",
    "url": "http:\/\/3.17.144.50:5678\/webhook\/formulario-pdf?job_id=pdf_691e378b94b739.56784865",
    "http_code": 200,
    "curl_error": "",
    "response": "{\"message\":\"Workflow was started\"}",
    "curl_info": {
        "url": "http:\/\/3.17.144.50:5678\/webhook\/formulario-pdf?job_id=pdf_691e378b94b739.56784865",
        "content_type": "application\/json; charset=utf-8",
        "http_code": 200,
        "header_size": 500,
        "request_size": 203029,
        "filetime": -1,
        "ssl_verify_result": 0,
        "redirect_count": 0,
        "total_time": 0.211331,
        "namelookup_time": 6.2e-5,
        "connect_time": 0.029702,
        "pretransfer_time": 0.029954,
        "size_upload": 202730,
        "size_download": 34,
        "speed_download": 160,
        "speed_upload": 959300,
        "download_content_length": 34,
        "upload_content_length": 202730,
        "starttransfer_time": 0.211304,
        "redirect_time": 0,
        "redirect_url": "",
        "primary_ip": "3.17.144.50",
        "certinfo": [],
        "primary_port": 5678,
        "local_ip": "31.170.167.204",
        "local_port": 49906,
        "http_version": 2,
        "protocol": 1,
        "ssl_verifyresult": 0,
        "scheme": "http",
        "appconnect_time_us": 0,
        "connect_time_us": 29702,
        "namelookup_time_us": 62,
        "pretransfer_time_us": 29954,
        "redirect_time_us": 0,
        "starttransfer_time_us": 211304,
        "posttransfer_time_us": 88450,
        "total_time_us": 211331,
        "effective_method": "POST",
        "capath": "",
        "cainfo": "\/etc\/pki\/tls\/certs\/ca-bundle.crt"
    }
}