{
    "timestamp": "2026-01-25 23:48:26",
    "url": "http:\/\/3.17.144.50:5678\/webhook\/formulario-pdf?job_id=pdf_6976abca79fd00.08359788",
    "http_code": 200,
    "curl_error": "",
    "response": "{\"message\":\"Workflow was started\"}",
    "curl_info": {
        "url": "http:\/\/3.17.144.50:5678\/webhook\/formulario-pdf?job_id=pdf_6976abca79fd00.08359788",
        "content_type": "application\/json; charset=utf-8",
        "http_code": 200,
        "header_size": 500,
        "request_size": 192474,
        "filetime": -1,
        "ssl_verify_result": 0,
        "redirect_count": 0,
        "total_time": 0.084594,
        "namelookup_time": 4.4e-5,
        "connect_time": 0.0307,
        "pretransfer_time": 0.030927,
        "size_upload": 192175,
        "size_download": 34,
        "speed_download": 401,
        "speed_upload": 2271733,
        "download_content_length": 34,
        "upload_content_length": 192175,
        "starttransfer_time": 0.084575,
        "redirect_time": 0,
        "redirect_url": "",
        "primary_ip": "3.17.144.50",
        "certinfo": [],
        "primary_port": 5678,
        "local_ip": "195.35.61.111",
        "local_port": 50482,
        "http_version": 2,
        "protocol": 1,
        "ssl_verifyresult": 0,
        "scheme": "http",
        "appconnect_time_us": 0,
        "connect_time_us": 30700,
        "namelookup_time_us": 44,
        "pretransfer_time_us": 30927,
        "redirect_time_us": 0,
        "starttransfer_time_us": 84575,
        "posttransfer_time_us": 60892,
        "total_time_us": 84594,
        "effective_method": "POST",
        "capath": "",
        "cainfo": "\/etc\/pki\/tls\/certs\/ca-bundle.crt"
    }
}