{
    "timestamp": "2025-11-19 17:36:16",
    "url": "http:\/\/3.17.144.50:5678\/webhook\/formulario-pdf?job_id=pdf_691e000f914652.83381359",
    "http_code": 200,
    "curl_error": "",
    "response": "{\"message\":\"Workflow was started\"}",
    "curl_info": {
        "url": "http:\/\/3.17.144.50:5678\/webhook\/formulario-pdf?job_id=pdf_691e000f914652.83381359",
        "content_type": "application\/json; charset=utf-8",
        "http_code": 200,
        "header_size": 525,
        "request_size": 1542832,
        "filetime": -1,
        "ssl_verify_result": 0,
        "redirect_count": 0,
        "total_time": 0.490314,
        "namelookup_time": 5.9e-5,
        "connect_time": 0.031374,
        "pretransfer_time": 0.031518,
        "size_upload": 1542510,
        "size_download": 34,
        "speed_download": 69,
        "speed_upload": 3145963,
        "download_content_length": 34,
        "upload_content_length": 1542510,
        "starttransfer_time": 0.06829,
        "redirect_time": 0,
        "redirect_url": "",
        "primary_ip": "3.17.144.50",
        "certinfo": [],
        "primary_port": 5678,
        "local_ip": "31.170.167.204",
        "local_port": 19382,
        "http_version": 2,
        "protocol": 1,
        "ssl_verifyresult": 0,
        "scheme": "http",
        "appconnect_time_us": 0,
        "connect_time_us": 31374,
        "namelookup_time_us": 59,
        "pretransfer_time_us": 31518,
        "redirect_time_us": 0,
        "starttransfer_time_us": 68290,
        "posttransfer_time_us": 229106,
        "total_time_us": 490314,
        "effective_method": "POST",
        "capath": "",
        "cainfo": "\/etc\/pki\/tls\/certs\/ca-bundle.crt"
    }
}