{
    "timestamp": "2025-11-14 02:47:07",
    "url": "http:\/\/3.17.144.50:5678\/webhook\/formulario-pdf?job_id=pdf_6916982adc8011.54172105",
    "http_code": 200,
    "curl_error": "",
    "response": "{\"message\":\"Workflow was started\"}",
    "curl_info": {
        "url": "http:\/\/3.17.144.50:5678\/webhook\/formulario-pdf?job_id=pdf_6916982adc8011.54172105",
        "content_type": "application\/json; charset=utf-8",
        "http_code": 200,
        "header_size": 500,
        "request_size": 470067,
        "filetime": -1,
        "ssl_verify_result": 0,
        "redirect_count": 0,
        "total_time": 0.239407,
        "namelookup_time": 5.9e-5,
        "connect_time": 0.030924,
        "pretransfer_time": 0.03108,
        "size_upload": 469768,
        "size_download": 34,
        "speed_download": 142,
        "speed_upload": 1962214,
        "download_content_length": 34,
        "upload_content_length": 469768,
        "starttransfer_time": 0.239385,
        "redirect_time": 0,
        "redirect_url": "",
        "primary_ip": "3.17.144.50",
        "certinfo": [],
        "primary_port": 5678,
        "local_ip": "31.170.167.204",
        "local_port": 23910,
        "http_version": 2,
        "protocol": 1,
        "ssl_verifyresult": 0,
        "scheme": "http",
        "appconnect_time_us": 0,
        "connect_time_us": 30924,
        "namelookup_time_us": 59,
        "pretransfer_time_us": 31080,
        "redirect_time_us": 0,
        "starttransfer_time_us": 239385,
        "posttransfer_time_us": 132897,
        "total_time_us": 239407,
        "effective_method": "POST",
        "capath": "",
        "cainfo": "\/etc\/pki\/tls\/certs\/ca-bundle.crt"
    }
}