{
    "timestamp": "2025-12-08 19:30:40",
    "url": "http:\/\/3.17.144.50:5678\/webhook\/formulario-pdf?job_id=pdf_69372760473410.26007511",
    "http_code": 200,
    "curl_error": "",
    "response": "{\"message\":\"Workflow was started\"}",
    "curl_info": {
        "url": "http:\/\/3.17.144.50:5678\/webhook\/formulario-pdf?job_id=pdf_69372760473410.26007511",
        "content_type": "application\/json; charset=utf-8",
        "http_code": 200,
        "header_size": 500,
        "request_size": 192473,
        "filetime": -1,
        "ssl_verify_result": 0,
        "redirect_count": 0,
        "total_time": 0.196298,
        "namelookup_time": 6.1e-5,
        "connect_time": 0.031201,
        "pretransfer_time": 0.03142,
        "size_upload": 192174,
        "size_download": 34,
        "speed_download": 173,
        "speed_upload": 978991,
        "download_content_length": 34,
        "upload_content_length": 192174,
        "starttransfer_time": 0.19627,
        "redirect_time": 0,
        "redirect_url": "",
        "primary_ip": "3.17.144.50",
        "certinfo": [],
        "primary_port": 5678,
        "local_ip": "31.170.167.204",
        "local_port": 24712,
        "http_version": 2,
        "protocol": 1,
        "ssl_verifyresult": 0,
        "scheme": "http",
        "appconnect_time_us": 0,
        "connect_time_us": 31201,
        "namelookup_time_us": 61,
        "pretransfer_time_us": 31420,
        "redirect_time_us": 0,
        "starttransfer_time_us": 196270,
        "posttransfer_time_us": 62293,
        "total_time_us": 196298,
        "effective_method": "POST",
        "capath": "",
        "cainfo": "\/etc\/pki\/tls\/certs\/ca-bundle.crt"
    }
}