{
    "timestamp": "2025-11-10 05:18:46",
    "url": "http:\/\/3.17.144.50:5678\/webhook\/formulario-pdf?job_id=pdf_691175b655b339.17370028",
    "http_code": 200,
    "curl_error": "",
    "response": "{\"message\":\"Workflow was started\"}",
    "curl_info": {
        "url": "http:\/\/3.17.144.50:5678\/webhook\/formulario-pdf?job_id=pdf_691175b655b339.17370028",
        "content_type": "application\/json; charset=utf-8",
        "http_code": 200,
        "header_size": 500,
        "request_size": 470067,
        "filetime": -1,
        "ssl_verify_result": 0,
        "redirect_count": 0,
        "total_time": 0.236884,
        "namelookup_time": 4.6e-5,
        "connect_time": 0.03058,
        "pretransfer_time": 0.030755,
        "size_upload": 469768,
        "size_download": 34,
        "speed_download": 143,
        "speed_upload": 1983114,
        "download_content_length": 34,
        "upload_content_length": 469768,
        "starttransfer_time": 0.236862,
        "redirect_time": 0,
        "redirect_url": "",
        "primary_ip": "3.17.144.50",
        "certinfo": [],
        "primary_port": 5678,
        "local_ip": "31.170.167.204",
        "local_port": 17396,
        "http_version": 2,
        "protocol": 1,
        "ssl_verifyresult": 0,
        "scheme": "http",
        "appconnect_time_us": 0,
        "connect_time_us": 30580,
        "namelookup_time_us": 46,
        "pretransfer_time_us": 30755,
        "redirect_time_us": 0,
        "starttransfer_time_us": 236862,
        "posttransfer_time_us": 127958,
        "total_time_us": 236884,
        "effective_method": "POST",
        "capath": "",
        "cainfo": "\/etc\/pki\/tls\/certs\/ca-bundle.crt"
    }
}