{
    "timestamp": "2025-11-30 05:05:21",
    "url": "http:\/\/3.17.144.50:5678\/webhook\/formulario-pdf?job_id=pdf_692bd090859db7.19587987",
    "http_code": 200,
    "curl_error": "",
    "response": "{\"message\":\"Workflow was started\"}",
    "curl_info": {
        "url": "http:\/\/3.17.144.50:5678\/webhook\/formulario-pdf?job_id=pdf_692bd090859db7.19587987",
        "content_type": "application\/json; charset=utf-8",
        "http_code": 200,
        "header_size": 525,
        "request_size": 5321083,
        "filetime": -1,
        "ssl_verify_result": 0,
        "redirect_count": 0,
        "total_time": 0.430582,
        "namelookup_time": 6.6e-5,
        "connect_time": 0.03032,
        "pretransfer_time": 0.030471,
        "size_upload": 5320761,
        "size_download": 34,
        "speed_download": 78,
        "speed_upload": 12357137,
        "download_content_length": 34,
        "upload_content_length": 5320761,
        "starttransfer_time": 0.061342,
        "redirect_time": 0,
        "redirect_url": "",
        "primary_ip": "3.17.144.50",
        "certinfo": [],
        "primary_port": 5678,
        "local_ip": "31.170.167.204",
        "local_port": 38170,
        "http_version": 2,
        "protocol": 1,
        "ssl_verifyresult": 0,
        "scheme": "http",
        "appconnect_time_us": 0,
        "connect_time_us": 30320,
        "namelookup_time_us": 66,
        "pretransfer_time_us": 30471,
        "redirect_time_us": 0,
        "starttransfer_time_us": 61342,
        "posttransfer_time_us": 329283,
        "total_time_us": 430582,
        "effective_method": "POST",
        "capath": "",
        "cainfo": "\/etc\/pki\/tls\/certs\/ca-bundle.crt"
    }
}