{
    "timestamp": "2025-11-06 00:57:06",
    "url": "http:\/\/3.17.144.50:5678\/webhook\/formulario-pdf?job_id=pdf_690bf262843562.66051911",
    "http_code": 200,
    "curl_error": "",
    "response": "{\"message\":\"Workflow was started\"}",
    "curl_info": {
        "url": "http:\/\/3.17.144.50:5678\/webhook\/formulario-pdf?job_id=pdf_690bf262843562.66051911",
        "content_type": "application\/json; charset=utf-8",
        "http_code": 200,
        "header_size": 500,
        "request_size": 32189,
        "filetime": -1,
        "ssl_verify_result": 0,
        "redirect_count": 0,
        "total_time": 0.108524,
        "namelookup_time": 4.6e-5,
        "connect_time": 0.030555,
        "pretransfer_time": 0.030718,
        "size_upload": 31891,
        "size_download": 34,
        "speed_download": 313,
        "speed_upload": 293861,
        "download_content_length": 34,
        "upload_content_length": 31891,
        "starttransfer_time": 0.108502,
        "redirect_time": 0,
        "redirect_url": "",
        "primary_ip": "3.17.144.50",
        "certinfo": [],
        "primary_port": 5678,
        "local_ip": "31.170.167.204",
        "local_port": 33612,
        "http_version": 2,
        "protocol": 1,
        "ssl_verifyresult": 0,
        "scheme": "http",
        "appconnect_time_us": 0,
        "connect_time_us": 30555,
        "namelookup_time_us": 46,
        "pretransfer_time_us": 30718,
        "redirect_time_us": 0,
        "starttransfer_time_us": 108502,
        "posttransfer_time_us": 30717,
        "total_time_us": 108524,
        "effective_method": "POST",
        "capath": "",
        "cainfo": "\/etc\/pki\/tls\/certs\/ca-bundle.crt"
    }
}