{
    "timestamp": "2025-12-12 01:38:37",
    "url": "http:\/\/3.17.144.50:5678\/webhook\/formulario-pdf?job_id=pdf_693b721d9a0a39.06839103",
    "http_code": 200,
    "curl_error": "",
    "response": "{\"message\":\"Workflow was started\"}",
    "curl_info": {
        "url": "http:\/\/3.17.144.50:5678\/webhook\/formulario-pdf?job_id=pdf_693b721d9a0a39.06839103",
        "content_type": "application\/json; charset=utf-8",
        "http_code": 200,
        "header_size": 500,
        "request_size": 193055,
        "filetime": -1,
        "ssl_verify_result": 0,
        "redirect_count": 0,
        "total_time": 0.196205,
        "namelookup_time": 4.4e-5,
        "connect_time": 0.030805,
        "pretransfer_time": 0.030979,
        "size_upload": 192756,
        "size_download": 34,
        "speed_download": 173,
        "speed_upload": 982421,
        "download_content_length": 34,
        "upload_content_length": 192756,
        "starttransfer_time": 0.196181,
        "redirect_time": 0,
        "redirect_url": "",
        "primary_ip": "3.17.144.50",
        "certinfo": [],
        "primary_port": 5678,
        "local_ip": "31.170.167.204",
        "local_port": 16934,
        "http_version": 2,
        "protocol": 1,
        "ssl_verifyresult": 0,
        "scheme": "http",
        "appconnect_time_us": 0,
        "connect_time_us": 30805,
        "namelookup_time_us": 44,
        "pretransfer_time_us": 30979,
        "redirect_time_us": 0,
        "starttransfer_time_us": 196181,
        "posttransfer_time_us": 62398,
        "total_time_us": 196205,
        "effective_method": "POST",
        "capath": "",
        "cainfo": "\/etc\/pki\/tls\/certs\/ca-bundle.crt"
    }
}