{
    "timestamp": "2025-11-19 21:28:35",
    "url": "http:\/\/3.17.144.50:5678\/webhook\/formulario-pdf?job_id=pdf_691e36827bf2f8.98810796",
    "http_code": 200,
    "curl_error": "",
    "response": "{\"message\":\"Workflow was started\"}",
    "curl_info": {
        "url": "http:\/\/3.17.144.50:5678\/webhook\/formulario-pdf?job_id=pdf_691e36827bf2f8.98810796",
        "content_type": "application\/json; charset=utf-8",
        "http_code": 200,
        "header_size": 525,
        "request_size": 5724729,
        "filetime": -1,
        "ssl_verify_result": 0,
        "redirect_count": 0,
        "total_time": 0.527719,
        "namelookup_time": 4.6e-5,
        "connect_time": 0.030577,
        "pretransfer_time": 0.03079,
        "size_upload": 5724407,
        "size_download": 34,
        "speed_download": 64,
        "speed_upload": 10847452,
        "download_content_length": 34,
        "upload_content_length": 5724407,
        "starttransfer_time": 0.063517,
        "redirect_time": 0,
        "redirect_url": "",
        "primary_ip": "3.17.144.50",
        "certinfo": [],
        "primary_port": 5678,
        "local_ip": "31.170.167.204",
        "local_port": 45788,
        "http_version": 2,
        "protocol": 1,
        "ssl_verifyresult": 0,
        "scheme": "http",
        "appconnect_time_us": 0,
        "connect_time_us": 30577,
        "namelookup_time_us": 46,
        "pretransfer_time_us": 30790,
        "redirect_time_us": 0,
        "starttransfer_time_us": 63517,
        "posttransfer_time_us": 366221,
        "total_time_us": 527719,
        "effective_method": "POST",
        "capath": "",
        "cainfo": "\/etc\/pki\/tls\/certs\/ca-bundle.crt"
    }
}