{
    "timestamp": "2026-01-26 00:15:38",
    "url": "http:\/\/3.17.144.50:5678\/webhook\/formulario-pdf?job_id=pdf_6976b229d08009.74023600",
    "http_code": 200,
    "curl_error": "",
    "response": "{\"message\":\"Workflow was started\"}",
    "curl_info": {
        "url": "http:\/\/3.17.144.50:5678\/webhook\/formulario-pdf?job_id=pdf_6976b229d08009.74023600",
        "content_type": "application\/json; charset=utf-8",
        "http_code": 200,
        "header_size": 500,
        "request_size": 193056,
        "filetime": -1,
        "ssl_verify_result": 0,
        "redirect_count": 0,
        "total_time": 0.079049,
        "namelookup_time": 4.4e-5,
        "connect_time": 0.03,
        "pretransfer_time": 0.030206,
        "size_upload": 192757,
        "size_download": 34,
        "speed_download": 430,
        "speed_upload": 2438449,
        "download_content_length": 34,
        "upload_content_length": 192757,
        "starttransfer_time": 0.079022,
        "redirect_time": 0,
        "redirect_url": "",
        "primary_ip": "3.17.144.50",
        "certinfo": [],
        "primary_port": 5678,
        "local_ip": "195.35.61.111",
        "local_port": 32206,
        "http_version": 2,
        "protocol": 1,
        "ssl_verifyresult": 0,
        "scheme": "http",
        "appconnect_time_us": 0,
        "connect_time_us": 30000,
        "namelookup_time_us": 44,
        "pretransfer_time_us": 30206,
        "redirect_time_us": 0,
        "starttransfer_time_us": 79022,
        "posttransfer_time_us": 60064,
        "total_time_us": 79049,
        "effective_method": "POST",
        "capath": "",
        "cainfo": "\/etc\/pki\/tls\/certs\/ca-bundle.crt"
    }
}