{
    "timestamp": "2025-11-24 16:38:44",
    "url": "http:\/\/3.17.144.50:5678\/webhook\/formulario-pdf?job_id=pdf_69248a14979974.42790526",
    "http_code": 200,
    "curl_error": "",
    "response": "{\"message\":\"Workflow was started\"}",
    "curl_info": {
        "url": "http:\/\/3.17.144.50:5678\/webhook\/formulario-pdf?job_id=pdf_69248a14979974.42790526",
        "content_type": "application\/json; charset=utf-8",
        "http_code": 200,
        "header_size": 500,
        "request_size": 25664,
        "filetime": -1,
        "ssl_verify_result": 0,
        "redirect_count": 0,
        "total_time": 0.103493,
        "namelookup_time": 5.1e-5,
        "connect_time": 0.030035,
        "pretransfer_time": 0.030178,
        "size_upload": 25366,
        "size_download": 34,
        "speed_download": 328,
        "speed_upload": 245098,
        "download_content_length": 34,
        "upload_content_length": 25366,
        "starttransfer_time": 0.103472,
        "redirect_time": 0,
        "redirect_url": "",
        "primary_ip": "3.17.144.50",
        "certinfo": [],
        "primary_port": 5678,
        "local_ip": "31.170.167.204",
        "local_port": 21834,
        "http_version": 2,
        "protocol": 1,
        "ssl_verifyresult": 0,
        "scheme": "http",
        "appconnect_time_us": 0,
        "connect_time_us": 30035,
        "namelookup_time_us": 51,
        "pretransfer_time_us": 30178,
        "redirect_time_us": 0,
        "starttransfer_time_us": 103472,
        "posttransfer_time_us": 30177,
        "total_time_us": 103493,
        "effective_method": "POST",
        "capath": "",
        "cainfo": "\/etc\/pki\/tls\/certs\/ca-bundle.crt"
    }
}