{
    "timestamp": "2025-11-29 21:48:40",
    "url": "http:\/\/3.17.144.50:5678\/webhook\/formulario-pdf?job_id=pdf_692b6a37a14c12.62998397",
    "http_code": 200,
    "curl_error": "",
    "response": "{\"message\":\"Workflow was started\"}",
    "curl_info": {
        "url": "http:\/\/3.17.144.50:5678\/webhook\/formulario-pdf?job_id=pdf_692b6a37a14c12.62998397",
        "content_type": "application\/json; charset=utf-8",
        "http_code": 200,
        "header_size": 525,
        "request_size": 7832271,
        "filetime": -1,
        "ssl_verify_result": 0,
        "redirect_count": 0,
        "total_time": 0.490539,
        "namelookup_time": 4.5e-5,
        "connect_time": 0.030451,
        "pretransfer_time": 0.030573,
        "size_upload": 7831949,
        "size_download": 34,
        "speed_download": 69,
        "speed_upload": 15966006,
        "download_content_length": 34,
        "upload_content_length": 7831949,
        "starttransfer_time": 0.061012,
        "redirect_time": 0,
        "redirect_url": "",
        "primary_ip": "3.17.144.50",
        "certinfo": [],
        "primary_port": 5678,
        "local_ip": "31.170.167.204",
        "local_port": 58214,
        "http_version": 2,
        "protocol": 1,
        "ssl_verifyresult": 0,
        "scheme": "http",
        "appconnect_time_us": 0,
        "connect_time_us": 30451,
        "namelookup_time_us": 45,
        "pretransfer_time_us": 30573,
        "redirect_time_us": 0,
        "starttransfer_time_us": 61012,
        "posttransfer_time_us": 362022,
        "total_time_us": 490539,
        "effective_method": "POST",
        "capath": "",
        "cainfo": "\/etc\/pki\/tls\/certs\/ca-bundle.crt"
    }
}