{
    "timestamp": "2025-12-08 19:12:39",
    "url": "http:\/\/3.17.144.50:5678\/webhook\/formulario-pdf?job_id=pdf_693723274b2215.00049274",
    "http_code": 200,
    "curl_error": "",
    "response": "{\"message\":\"Workflow was started\"}",
    "curl_info": {
        "url": "http:\/\/3.17.144.50:5678\/webhook\/formulario-pdf?job_id=pdf_693723274b2215.00049274",
        "content_type": "application\/json; charset=utf-8",
        "http_code": 200,
        "header_size": 500,
        "request_size": 213035,
        "filetime": -1,
        "ssl_verify_result": 0,
        "redirect_count": 0,
        "total_time": 0.193233,
        "namelookup_time": 5.1e-5,
        "connect_time": 0.030216,
        "pretransfer_time": 0.030424,
        "size_upload": 212736,
        "size_download": 34,
        "speed_download": 175,
        "speed_upload": 1100929,
        "download_content_length": 34,
        "upload_content_length": 212736,
        "starttransfer_time": 0.193213,
        "redirect_time": 0,
        "redirect_url": "",
        "primary_ip": "3.17.144.50",
        "certinfo": [],
        "primary_port": 5678,
        "local_ip": "31.170.167.204",
        "local_port": 55620,
        "http_version": 2,
        "protocol": 1,
        "ssl_verifyresult": 0,
        "scheme": "http",
        "appconnect_time_us": 0,
        "connect_time_us": 30216,
        "namelookup_time_us": 51,
        "pretransfer_time_us": 30424,
        "redirect_time_us": 0,
        "starttransfer_time_us": 193213,
        "posttransfer_time_us": 91599,
        "total_time_us": 193233,
        "effective_method": "POST",
        "capath": "",
        "cainfo": "\/etc\/pki\/tls\/certs\/ca-bundle.crt"
    }
}