{
    "timestamp": "2025-11-05 17:36:17",
    "url": "http:\/\/3.17.144.50:5678\/webhook\/formulario-pdf?job_id=pdf_690b8b107ebfc8.36220226",
    "http_code": 200,
    "curl_error": "",
    "response": "{\"message\":\"Workflow was started\"}",
    "curl_info": {
        "url": "http:\/\/3.17.144.50:5678\/webhook\/formulario-pdf?job_id=pdf_690b8b107ebfc8.36220226",
        "content_type": "application\/json; charset=utf-8",
        "http_code": 200,
        "header_size": 525,
        "request_size": 1645056,
        "filetime": -1,
        "ssl_verify_result": 0,
        "redirect_count": 0,
        "total_time": 0.402528,
        "namelookup_time": 4.3e-5,
        "connect_time": 0.031771,
        "pretransfer_time": 0.03189,
        "size_upload": 1644734,
        "size_download": 34,
        "speed_download": 84,
        "speed_upload": 4086011,
        "download_content_length": 34,
        "upload_content_length": 1644734,
        "starttransfer_time": 0.067696,
        "redirect_time": 0,
        "redirect_url": "",
        "primary_ip": "3.17.144.50",
        "certinfo": [],
        "primary_port": 5678,
        "local_ip": "31.170.167.204",
        "local_port": 34004,
        "http_version": 2,
        "protocol": 1,
        "ssl_verifyresult": 0,
        "scheme": "http",
        "appconnect_time_us": 0,
        "connect_time_us": 31771,
        "namelookup_time_us": 43,
        "pretransfer_time_us": 31890,
        "redirect_time_us": 0,
        "starttransfer_time_us": 67696,
        "posttransfer_time_us": 231034,
        "total_time_us": 402528,
        "effective_method": "POST",
        "capath": "",
        "cainfo": "\/etc\/pki\/tls\/certs\/ca-bundle.crt"
    }
}