{
    "timestamp": "2025-12-07 23:01:49",
    "url": "http:\/\/3.17.144.50:5678\/webhook\/formulario-pdf?job_id=pdf_6936075ca34b75.38828341",
    "http_code": 200,
    "curl_error": "",
    "response": "{\"message\":\"Workflow was started\"}",
    "curl_info": {
        "url": "http:\/\/3.17.144.50:5678\/webhook\/formulario-pdf?job_id=pdf_6936075ca34b75.38828341",
        "content_type": "application\/json; charset=utf-8",
        "http_code": 200,
        "header_size": 500,
        "request_size": 238833,
        "filetime": -1,
        "ssl_verify_result": 0,
        "redirect_count": 0,
        "total_time": 0.208276,
        "namelookup_time": 4.5e-5,
        "connect_time": 0.03016,
        "pretransfer_time": 0.030355,
        "size_upload": 238534,
        "size_download": 34,
        "speed_download": 163,
        "speed_upload": 1145278,
        "download_content_length": 34,
        "upload_content_length": 238534,
        "starttransfer_time": 0.208252,
        "redirect_time": 0,
        "redirect_url": "",
        "primary_ip": "3.17.144.50",
        "certinfo": [],
        "primary_port": 5678,
        "local_ip": "31.170.167.204",
        "local_port": 39606,
        "http_version": 2,
        "protocol": 1,
        "ssl_verifyresult": 0,
        "scheme": "http",
        "appconnect_time_us": 0,
        "connect_time_us": 30160,
        "namelookup_time_us": 45,
        "pretransfer_time_us": 30355,
        "redirect_time_us": 0,
        "starttransfer_time_us": 208252,
        "posttransfer_time_us": 92003,
        "total_time_us": 208276,
        "effective_method": "POST",
        "capath": "",
        "cainfo": "\/etc\/pki\/tls\/certs\/ca-bundle.crt"
    }
}