{
    "timestamp": "2025-11-10 17:23:39",
    "url": "http:\/\/3.17.144.50:5678\/webhook\/formulario-pdf?job_id=pdf_69121f9a5bf896.92787441",
    "http_code": 200,
    "curl_error": "",
    "response": "{\"message\":\"Workflow was started\"}",
    "curl_info": {
        "url": "http:\/\/3.17.144.50:5678\/webhook\/formulario-pdf?job_id=pdf_69121f9a5bf896.92787441",
        "content_type": "application\/json; charset=utf-8",
        "http_code": 200,
        "header_size": 525,
        "request_size": 5724730,
        "filetime": -1,
        "ssl_verify_result": 0,
        "redirect_count": 0,
        "total_time": 0.437299,
        "namelookup_time": 6.3e-5,
        "connect_time": 0.029685,
        "pretransfer_time": 0.029804,
        "size_upload": 5724408,
        "size_download": 34,
        "speed_download": 77,
        "speed_upload": 13090375,
        "download_content_length": 34,
        "upload_content_length": 5724408,
        "starttransfer_time": 0.06012,
        "redirect_time": 0,
        "redirect_url": "",
        "primary_ip": "3.17.144.50",
        "certinfo": [],
        "primary_port": 5678,
        "local_ip": "31.170.167.204",
        "local_port": 61522,
        "http_version": 2,
        "protocol": 1,
        "ssl_verifyresult": 0,
        "scheme": "http",
        "appconnect_time_us": 0,
        "connect_time_us": 29685,
        "namelookup_time_us": 63,
        "pretransfer_time_us": 29804,
        "redirect_time_us": 0,
        "starttransfer_time_us": 60120,
        "posttransfer_time_us": 326883,
        "total_time_us": 437299,
        "effective_method": "POST",
        "capath": "",
        "cainfo": "\/etc\/pki\/tls\/certs\/ca-bundle.crt"
    }
}