{
    "timestamp": "2026-01-26 01:33:03",
    "url": "http:\/\/3.17.144.50:5678\/webhook\/formulario-pdf?job_id=pdf_6976c44f9230c4.73254951",
    "http_code": 200,
    "curl_error": "",
    "response": "{\"message\":\"Workflow was started\"}",
    "curl_info": {
        "url": "http:\/\/3.17.144.50:5678\/webhook\/formulario-pdf?job_id=pdf_6976c44f9230c4.73254951",
        "content_type": "application\/json; charset=utf-8",
        "http_code": 200,
        "header_size": 500,
        "request_size": 192545,
        "filetime": -1,
        "ssl_verify_result": 0,
        "redirect_count": 0,
        "total_time": 0.087179,
        "namelookup_time": 6.3e-5,
        "connect_time": 0.030064,
        "pretransfer_time": 0.030277,
        "size_upload": 192303,
        "size_download": 34,
        "speed_download": 390,
        "speed_upload": 2205840,
        "download_content_length": 34,
        "upload_content_length": 192303,
        "starttransfer_time": 0.087162,
        "redirect_time": 0,
        "redirect_url": "",
        "primary_ip": "3.17.144.50",
        "certinfo": [],
        "primary_port": 5678,
        "local_ip": "195.35.61.111",
        "local_port": 54846,
        "http_version": 2,
        "protocol": 1,
        "ssl_verifyresult": 0,
        "scheme": "http",
        "appconnect_time_us": 0,
        "connect_time_us": 30064,
        "namelookup_time_us": 63,
        "pretransfer_time_us": 30277,
        "redirect_time_us": 0,
        "starttransfer_time_us": 87162,
        "posttransfer_time_us": 62220,
        "total_time_us": 87179,
        "effective_method": "POST",
        "capath": "",
        "cainfo": "\/etc\/pki\/tls\/certs\/ca-bundle.crt"
    }
}