{
    "timestamp": "2026-01-14 08:42:25",
    "url": "http:\/\/3.17.144.50:5678\/webhook\/formulario-pdf?job_id=pdf_696756f0a40376.99840493",
    "http_code": 200,
    "curl_error": "",
    "response": "{\"message\":\"Workflow was started\"}",
    "curl_info": {
        "url": "http:\/\/3.17.144.50:5678\/webhook\/formulario-pdf?job_id=pdf_696756f0a40376.99840493",
        "content_type": "application\/json; charset=utf-8",
        "http_code": 200,
        "header_size": 500,
        "request_size": 203053,
        "filetime": -1,
        "ssl_verify_result": 0,
        "redirect_count": 0,
        "total_time": 0.206283,
        "namelookup_time": 4.8e-5,
        "connect_time": 0.029905,
        "pretransfer_time": 0.030057,
        "size_upload": 202754,
        "size_download": 34,
        "speed_download": 164,
        "speed_upload": 982892,
        "download_content_length": 34,
        "upload_content_length": 202754,
        "starttransfer_time": 0.206264,
        "redirect_time": 0,
        "redirect_url": "",
        "primary_ip": "3.17.144.50",
        "certinfo": [],
        "primary_port": 5678,
        "local_ip": "31.170.167.204",
        "local_port": 29500,
        "http_version": 2,
        "protocol": 1,
        "ssl_verifyresult": 0,
        "scheme": "http",
        "appconnect_time_us": 0,
        "connect_time_us": 29905,
        "namelookup_time_us": 48,
        "pretransfer_time_us": 30057,
        "redirect_time_us": 0,
        "starttransfer_time_us": 206264,
        "posttransfer_time_us": 90036,
        "total_time_us": 206283,
        "effective_method": "POST",
        "capath": "",
        "cainfo": "\/etc\/pki\/tls\/certs\/ca-bundle.crt"
    }
}