{
    "timestamp": "2025-12-08 19:35:12",
    "url": "http:\/\/3.17.144.50:5678\/webhook\/formulario-pdf?job_id=pdf_6937287046bf06.23737085",
    "http_code": 200,
    "curl_error": "",
    "response": "{\"message\":\"Workflow was started\"}",
    "curl_info": {
        "url": "http:\/\/3.17.144.50:5678\/webhook\/formulario-pdf?job_id=pdf_6937287046bf06.23737085",
        "content_type": "application\/json; charset=utf-8",
        "http_code": 200,
        "header_size": 500,
        "request_size": 213035,
        "filetime": -1,
        "ssl_verify_result": 0,
        "redirect_count": 0,
        "total_time": 0.181932,
        "namelookup_time": 4.2e-5,
        "connect_time": 0.028441,
        "pretransfer_time": 0.028616,
        "size_upload": 212736,
        "size_download": 34,
        "speed_download": 186,
        "speed_upload": 1169316,
        "download_content_length": 34,
        "upload_content_length": 212736,
        "starttransfer_time": 0.18191,
        "redirect_time": 0,
        "redirect_url": "",
        "primary_ip": "3.17.144.50",
        "certinfo": [],
        "primary_port": 5678,
        "local_ip": "31.170.167.204",
        "local_port": 40838,
        "http_version": 2,
        "protocol": 1,
        "ssl_verifyresult": 0,
        "scheme": "http",
        "appconnect_time_us": 0,
        "connect_time_us": 28441,
        "namelookup_time_us": 42,
        "pretransfer_time_us": 28616,
        "redirect_time_us": 0,
        "starttransfer_time_us": 181910,
        "posttransfer_time_us": 85651,
        "total_time_us": 181932,
        "effective_method": "POST",
        "capath": "",
        "cainfo": "\/etc\/pki\/tls\/certs\/ca-bundle.crt"
    }
}