{
    "timestamp": "2026-01-14 15:59:27",
    "url": "http:\/\/3.17.144.50:5678\/webhook\/formulario-pdf?job_id=pdf_6967bd5f262e94.20242837",
    "http_code": 200,
    "curl_error": "",
    "response": "{\"message\":\"Workflow was started\"}",
    "curl_info": {
        "url": "http:\/\/3.17.144.50:5678\/webhook\/formulario-pdf?job_id=pdf_6967bd5f262e94.20242837",
        "content_type": "application\/json; charset=utf-8",
        "http_code": 200,
        "header_size": 525,
        "request_size": 3009473,
        "filetime": -1,
        "ssl_verify_result": 0,
        "redirect_count": 0,
        "total_time": 0.363955,
        "namelookup_time": 6.4e-5,
        "connect_time": 0.030489,
        "pretransfer_time": 0.03063,
        "size_upload": 3009151,
        "size_download": 34,
        "speed_download": 93,
        "speed_upload": 8267920,
        "download_content_length": 34,
        "upload_content_length": 3009151,
        "starttransfer_time": 0.064473,
        "redirect_time": 0,
        "redirect_url": "",
        "primary_ip": "3.17.144.50",
        "certinfo": [],
        "primary_port": 5678,
        "local_ip": "31.170.167.204",
        "local_port": 58290,
        "http_version": 2,
        "protocol": 1,
        "ssl_verifyresult": 0,
        "scheme": "http",
        "appconnect_time_us": 0,
        "connect_time_us": 30489,
        "namelookup_time_us": 64,
        "pretransfer_time_us": 30630,
        "redirect_time_us": 0,
        "starttransfer_time_us": 64473,
        "posttransfer_time_us": 254615,
        "total_time_us": 363955,
        "effective_method": "POST",
        "capath": "",
        "cainfo": "\/etc\/pki\/tls\/certs\/ca-bundle.crt"
    }
}