{
    "timestamp": "2026-05-25 05:09:10",
    "url": "http:\/\/44.220.84.111:5678\/webhook\/82921b6e-dc98-46b7-a6d6-d241d0512deb?job_id=pdf_6a13d9757ca619.78634404",
    "http_code": 200,
    "curl_error": "",
    "response": true,
    "curl_info": {
        "url": "http:\/\/44.220.84.111:5678\/webhook\/82921b6e-dc98-46b7-a6d6-d241d0512deb?job_id=pdf_6a13d9757ca619.78634404",
        "content_type": "application\/json; charset=utf-8",
        "http_code": 200,
        "header_size": 535,
        "request_size": 6112030,
        "filetime": -1,
        "ssl_verify_result": 0,
        "redirect_count": 0,
        "total_time": 0.194084,
        "namelookup_time": 0,
        "connect_time": 0,
        "pretransfer_time": 0.000136,
        "size_upload": 6111729,
        "size_download": 34,
        "speed_download": 175,
        "speed_upload": 31490122,
        "download_content_length": 34,
        "upload_content_length": 6111729,
        "starttransfer_time": 0.019015,
        "redirect_time": 0,
        "redirect_url": "",
        "primary_ip": "44.220.84.111",
        "certinfo": [],
        "primary_port": 5678,
        "local_ip": "195.35.61.111",
        "local_port": 29856,
        "http_version": 2,
        "protocol": 1,
        "ssl_verifyresult": 0,
        "scheme": "http",
        "appconnect_time_us": 0,
        "connect_time_us": 0,
        "namelookup_time_us": 0,
        "pretransfer_time_us": 136,
        "redirect_time_us": 0,
        "starttransfer_time_us": 19015,
        "posttransfer_time_us": 70594,
        "total_time_us": 194084,
        "effective_method": "POST",
        "capath": "",
        "cainfo": "\/etc\/pki\/tls\/certs\/ca-bundle.crt"
    }
}