{
    "timestamp": "2025-10-29 17:12:08",
    "url": "http:\/\/3.17.144.50:5678\/webhook\/formulario-pdf?job_id=pdf_69024ae87c6716.65373488",
    "http_code": 200,
    "curl_error": "",
    "response": "{\"message\":\"Workflow was started\"}",
    "curl_info": {
        "url": "http:\/\/3.17.144.50:5678\/webhook\/formulario-pdf?job_id=pdf_69024ae87c6716.65373488",
        "content_type": "application\/json; charset=utf-8",
        "http_code": 200,
        "header_size": 500,
        "request_size": 59888,
        "filetime": -1,
        "ssl_verify_result": 0,
        "redirect_count": 0,
        "total_time": 0.124559,
        "namelookup_time": 4.8e-5,
        "connect_time": 0.028728,
        "pretransfer_time": 0.028928,
        "size_upload": 59590,
        "size_download": 34,
        "speed_download": 272,
        "speed_upload": 478407,
        "download_content_length": 34,
        "upload_content_length": 59590,
        "starttransfer_time": 0.124537,
        "redirect_time": 0,
        "redirect_url": "",
        "primary_ip": "3.17.144.50",
        "certinfo": [],
        "primary_port": 5678,
        "local_ip": "31.170.167.204",
        "local_port": 51154,
        "http_version": 2,
        "protocol": 1,
        "ssl_verifyresult": 0,
        "scheme": "http",
        "appconnect_time_us": 0,
        "connect_time_us": 28728,
        "namelookup_time_us": 48,
        "pretransfer_time_us": 28928,
        "redirect_time_us": 0,
        "starttransfer_time_us": 124537,
        "posttransfer_time_us": 28927,
        "total_time_us": 124559,
        "effective_method": "POST",
        "capath": "",
        "cainfo": "\/etc\/pki\/tls\/certs\/ca-bundle.crt"
    }
}